 PhysX3Common_x86

 Timestamp is 5754b91e (Mon Jun  6 09:43:26 2016)

 Preferred load address is 10000000

 Start         Length     Name                   Class
 0001:00000000 000053d4H .text$di                CODE
 0001:000053e0 0012c632H .text$mn                CODE
 0001:00131a20 0000000bH .text$yd                CODE
 0002:00000000 00000208H .idata$5                DATA
 0002:00000208 00000004H .00cfg                  DATA
 0002:0000020c 00000004H .CRT$XCA                DATA
 0002:00000210 000009ccH .CRT$XCU                DATA
 0002:00000bdc 00000004H .CRT$XCZ                DATA
 0002:00000be0 00000004H .CRT$XIA                DATA
 0002:00000be4 00000004H .CRT$XIZ                DATA
 0002:00000be8 00000004H .CRT$XPA                DATA
 0002:00000bec 00000004H .CRT$XPZ                DATA
 0002:00000bf0 00000004H .CRT$XTA                DATA
 0002:00000bf4 00000004H .CRT$XTZ                DATA
 0002:00000c00 00004324H .rdata                  DATA
 0002:00004f24 0000012cH .rdata$r                DATA
 0002:00005050 00000008H .rdata$sxdata           DATA
 0002:00005058 00000324H .rdata$zzzdbg           DATA
 0002:0000537c 00000004H .rtc$IAA                DATA
 0002:00005380 00000004H .rtc$IZZ                DATA
 0002:00005384 00000004H .rtc$TAA                DATA
 0002:00005388 00000004H .rtc$TZZ                DATA
 0002:00005390 0000011cH .xdata$x                DATA
 0002:000054b0 00012abbH .edata                  DATA
 0002:00017f6c 000000a0H .idata$2                DATA
 0002:0001800c 00000014H .idata$3                DATA
 0002:00018020 00000208H .idata$4                DATA
 0002:00018228 0000084cH .idata$6                DATA
 0003:00000000 00000bbcH .data                   DATA
 0003:00000bbc 00000343H .data$r                 DATA
 0003:00000f00 00002708H .bss                    DATA
 0004:00000000 0000004cH .gfids$y                DATA
 0005:00000000 000000a0H .rsrc$01                DATA
 0005:000000a0 000004b8H .rsrc$02                DATA

  Address         Publics by Value              Rva+Base       Lib:Object

 0000:00000000       ___guard_iat_count         00000000     <absolute>
 0000:00000000       ___guard_iat_table         00000000     <absolute>
 0000:00000000       ___guard_longjmp_table     00000000     <absolute>
 0000:00000000       ___guard_longjmp_count     00000000     <absolute>
 0000:00000000       ___guard_fids_count        00000000     <absolute>
 0000:00000000       ___guard_fids_table        00000000     <absolute>
 0000:00000002       ___safe_se_handler_count   00000002     <absolute>
 0000:00000100       ___guard_flags             00000100     <absolute>
 0000:00000000       ___ImageBase               10000000     <linker-defined>
 0001:000053e0       ?atomicExchange@shdfnd@physx@@YAHPCHH@Z 100063e0 f   PsWindowsAtomic.obj
 0001:000053f0       ?atomicCompareExchange@shdfnd@physx@@YAHPCHHH@Z 100063f0 f   PsWindowsAtomic.obj
 0001:00005410       ?atomicCompareExchangePointer@shdfnd@physx@@YAPAXPAPCXPAX1@Z 10006410 f   PsWindowsAtomic.obj
 0001:00005430       ?atomicIncrement@shdfnd@physx@@YAHPCH@Z 10006430 f   PsWindowsAtomic.obj
 0001:00005450       ?atomicDecrement@shdfnd@physx@@YAHPCH@Z 10006450 f   PsWindowsAtomic.obj
 0001:00005460       ?atomicAdd@shdfnd@physx@@YAHPCHH@Z 10006460 f   PsWindowsAtomic.obj
 0001:00005490       ?atomicMax@shdfnd@physx@@YAHPCHH@Z 10006490 f   PsWindowsAtomic.obj
 0001:000054c0       ?getCpuId@Cpu@shdfnd@physx@@SAEXZ 100064c0 f   PsWindowsCpu.obj
 0001:00005500       ??0FPUGuard@shdfnd@physx@@QAE@XZ 10006500 f   PsWindowsFPU.obj
 0001:00005540       ??1FPUGuard@shdfnd@physx@@QAE@XZ 10006540 f   PsWindowsFPU.obj
 0001:00005580       ?enableFPExceptions@shdfnd@physx@@YAXXZ 10006580 f   PsWindowsFPU.obj
 0001:000055a0       ?disableFPExceptions@shdfnd@physx@@YAXXZ 100065a0 f   PsWindowsFPU.obj
 0001:000055c0       ??4FPUGuard@shdfnd@physx@@QAEAAV012@ABV012@@Z 100065c0 f i PsWindowsFPU.obj
 0001:000055e0       ??0MemoryMappedFile@shdfnd@physx@@QAE@PBDI@Z 100065e0 f   PsWindowsMemoryMappedFile.obj
 0001:00005660       ??1MemoryMappedFile@shdfnd@physx@@QAE@XZ 10006660 f   PsWindowsMemoryMappedFile.obj
 0001:000056a0       ?getBaseAddress@MemoryMappedFile@shdfnd@physx@@QAEPAXXZ 100066a0 f   PsWindowsMemoryMappedFile.obj
 0001:000056b0       ??0Allocator@shdfnd@physx@@QAE@PBD@Z 100066b0 f i PsWindowsMemoryMappedFile.obj
 0001:000056c0       ??0PxFoundation@physx@@QAE@ABV01@@Z 100066c0 f i PsWindowsMemoryMappedFile.obj
 0001:000056d0       ??0PxFoundation@physx@@QAE@XZ 100066d0 f i PsWindowsMemoryMappedFile.obj
 0001:000056e0       ??1PxFoundation@physx@@MAE@XZ 100066e0 f i PsWindowsMemoryMappedFile.obj
 0001:000056f0       ??4Allocator@shdfnd@physx@@QAEAAV012@$$QAV012@@Z 100066f0 f i PsWindowsMemoryMappedFile.obj
 0001:00005700       ??4Allocator@shdfnd@physx@@QAEAAV012@ABV012@@Z 10006700 f i PsWindowsMemoryMappedFile.obj
 0001:00005710       ??4ErrorHandler@shdfnd@physx@@QAEAAV012@ABV012@@Z 10006710 f i PsWindowsMemoryMappedFile.obj
 0001:00005730       ??4MutexImpl@shdfnd@physx@@QAEAAV012@ABV012@@Z 10006730 f i PsWindowsMemoryMappedFile.obj
 0001:00005740       ??4PAUtils@shdfnd@physx@@QAEAAV012@ABV012@@Z 10006740 f i PsWindowsMemoryMappedFile.obj
 0001:00005750       ??4PxFoundation@physx@@QAEAAV01@ABV01@@Z 10006750 f i PsWindowsMemoryMappedFile.obj
 0001:00005760       ??_EPxFoundation@physx@@MAEPAXI@Z 10006760 f i PsWindowsMemoryMappedFile.obj
 0001:000057d0       ??_FAllocator@shdfnd@physx@@QAEXXZ 100067d0 f i PsWindowsMemoryMappedFile.obj
 0001:000057e0       ??_GPxFoundation@physx@@MAEPAXI@Z 100067e0 f i PsWindowsMemoryMappedFile.obj
 0001:00005810       ??_I@YGXPAXIIP6EX0@Z@Z     10006810 f i PsWindowsMemoryMappedFile.obj
 0001:00005850       ?getAllocator@Foundation@shdfnd@physx@@UBEAAVPxBroadcastingAllocator@3@XZ 10006850 f i PsWindowsMemoryMappedFile.obj
 0001:00005860       ?getCallbackCount@ErrorHandler@shdfnd@physx@@QBEIXZ 10006860 f i PsWindowsMemoryMappedFile.obj
 0001:00005870       ?getCheckedAllocator@Foundation@shdfnd@physx@@QAEAAVPxAllocatorCallback@3@XZ 10006870 f i PsWindowsMemoryMappedFile.obj
 0001:00005880       ?getErrorCallback@ErrorHandler@shdfnd@physx@@QBEPAVPxErrorCallback@3@H@Z 10006880 f i PsWindowsMemoryMappedFile.obj
 0001:00005890       ?getErrorHandler@Foundation@shdfnd@physx@@QAEAAVErrorHandler@23@XZ 10006890 f i PsWindowsMemoryMappedFile.obj
 0001:000058a0       ?getErrorMutex@Foundation@shdfnd@physx@@QAEAAV?$MutexT@V?$ReflectionAllocator@VMutexImpl@shdfnd@physx@@@shdfnd@physx@@@23@XZ 100068a0 f i PsWindowsMemoryMappedFile.obj
 0001:000058b0       ?getMaxCallbackNum@ErrorHandler@shdfnd@physx@@QBEIXZ 100068b0 f i PsWindowsMemoryMappedFile.obj
 0001:000058c0       ?getNamedAllocMap@Foundation@shdfnd@physx@@QAEAAV?$HashMap@PBVNamedAllocator@shdfnd@physx@@PBDU?$Hash@PBVNamedAllocator@shdfnd@physx@@@23@VNonTrackingAllocator@23@@23@XZ 100068c0 f i PsWindowsMemoryMappedFile.obj
 0001:000058d0       ?getNamedAllocMutex@Foundation@shdfnd@physx@@QAEAAV?$MutexT@V?$ReflectionAllocator@VMutexImpl@shdfnd@physx@@@shdfnd@physx@@@23@XZ 100068d0 f i PsWindowsMemoryMappedFile.obj
 0001:000058e0       ?getPAUtils@Foundation@shdfnd@physx@@QAEAAVPAUtils@23@XZ 100068e0 f i PsWindowsMemoryMappedFile.obj
 0001:000058f0       ?getReportAllocationNames@Foundation@shdfnd@physx@@UBE_NXZ 100068f0 f i PsWindowsMemoryMappedFile.obj
 0001:00005900       ?getTempAllocFreeTable@Foundation@shdfnd@physx@@QAEAAV?$Array@PATTempAllocatorChunk@shdfnd@physx@@VAllocator@23@@23@XZ 10006900 f i PsWindowsMemoryMappedFile.obj
 0001:00005910       ?getTempAllocMutex@Foundation@shdfnd@physx@@QAEAAV?$MutexT@V?$ReflectionAllocator@VMutexImpl@shdfnd@physx@@@shdfnd@physx@@@23@XZ 10006910 f i PsWindowsMemoryMappedFile.obj
 0001:00005920       ?setReportAllocationNames@Foundation@shdfnd@physx@@UAEX_N@Z 10006920 f i PsWindowsMemoryMappedFile.obj
 0001:00005930       ??0PsModuleUpdateLoader@shdfnd@physx@@QAE@PBD@Z 10006930 f   PsWindowsModuleUpdateLoader.obj
 0001:00005970       ??1PsModuleUpdateLoader@shdfnd@physx@@QAE@XZ 10006970 f   PsWindowsModuleUpdateLoader.obj
 0001:00005990       ?LoadModule@PsModuleUpdateLoader@shdfnd@physx@@QAEPAUHINSTANCE__@@PBD0@Z 10006990 f   PsWindowsModuleUpdateLoader.obj
 0001:000059c0       ??4PsModuleUpdateLoader@shdfnd@physx@@QAEAAV012@ABV012@@Z 100069c0 f i PsWindowsModuleUpdateLoader.obj
 0001:000059e0       ??0MutexImpl@shdfnd@physx@@QAE@XZ 100069e0 f   PsWindowsMutex.obj
 0001:00005a00       ??1MutexImpl@shdfnd@physx@@QAE@XZ 10006a00 f   PsWindowsMutex.obj
 0001:00005a10       ?lock@MutexImpl@shdfnd@physx@@QAEXXZ 10006a10 f   PsWindowsMutex.obj
 0001:00005a20       ?trylock@MutexImpl@shdfnd@physx@@QAE_NXZ 10006a20 f   PsWindowsMutex.obj
 0001:00005a30       ?unlock@MutexImpl@shdfnd@physx@@QAEXXZ 10006a30 f   PsWindowsMutex.obj
 0001:00005a40       ?getSize@MutexImpl@shdfnd@physx@@SAABIXZ 10006a40 f   PsWindowsMutex.obj
 0001:00005a50       ??0ReadWriteLock@shdfnd@physx@@QAE@XZ 10006a50 f   PsWindowsMutex.obj
 0001:00005a90       ??1ReadWriteLock@shdfnd@physx@@QAE@XZ 10006a90 f   PsWindowsMutex.obj
 0001:00005ad0       ?lockReader@ReadWriteLock@shdfnd@physx@@QAEXXZ 10006ad0 f   PsWindowsMutex.obj
 0001:00005b00       ?lockWriter@ReadWriteLock@shdfnd@physx@@QAEXXZ 10006b00 f   PsWindowsMutex.obj
 0001:00005b20       ?unlockReader@ReadWriteLock@shdfnd@physx@@QAEXXZ 10006b20 f   PsWindowsMutex.obj
 0001:00005b30       ?unlockWriter@ReadWriteLock@shdfnd@physx@@QAEXXZ 10006b30 f   PsWindowsMutex.obj
 0001:00005b40       ??0?$MutexT@V?$ReflectionAllocator@VMutexImpl@shdfnd@physx@@@shdfnd@physx@@@shdfnd@physx@@QAE@ABV?$ReflectionAllocator@VMutexImpl@shdfnd@physx@@@12@@Z 10006b40 f i PsWindowsMutex.obj
 0001:00005bb0       ??4ThreadImpl@shdfnd@physx@@QAEAAV012@ABV012@@Z 10006bb0 f i PsWindowsMutex.obj
 0001:00005bc0       ?__empty_global_delete@@YAXPAX@Z 10006bc0 f i PsWindowsMutex.obj
 0001:00005bd0       ?__empty_global_delete@@YAXPAXI@Z 10006bd0 f i PsWindowsMutex.obj
 0001:00005bf0       ??0PAUtils@shdfnd@physx@@QAE@XZ 10006bf0 f   PsWindowsPAEventSrc.obj
 0001:00005c00       ??1PAUtils@shdfnd@physx@@QAE@XZ 10006c00 f   PsWindowsPAEventSrc.obj
 0001:00005c50       ?isEnabled@PAUtils@shdfnd@physx@@QAE_NXZ 10006c50 f   PsWindowsPAEventSrc.obj
 0001:00005c70       ?isEventEnabled@PAUtils@shdfnd@physx@@QAE_NG@Z 10006c70 f   PsWindowsPAEventSrc.obj
 0001:00005ca0       ?registerEvent@PAUtils@shdfnd@physx@@QAEGPBD@Z 10006ca0 f   PsWindowsPAEventSrc.obj
 0001:00005d30       ?startEvent@PAUtils@shdfnd@physx@@QAEXGG@Z 10006d30 f   PsWindowsPAEventSrc.obj
 0001:00005dd0       ?stopEvent@PAUtils@shdfnd@physx@@QAEXGG@Z 10006dd0 f   PsWindowsPAEventSrc.obj
 0001:00005e70       ?statEvent@PAUtils@shdfnd@physx@@QAEXGI@Z 10006e70 f   PsWindowsPAEventSrc.obj
 0001:00005eb0       ?statEvent@PAUtils@shdfnd@physx@@QAEXGII@Z 10006eb0 f   PsWindowsPAEventSrc.obj
 0001:00005ee0       ?debugEvent@PAUtils@shdfnd@physx@@QAEXGII@Z 10006ee0 f   PsWindowsPAEventSrc.obj
 0001:00005f10       ?rawEvent@PAUtils@shdfnd@physx@@QAEXGIIE@Z 10006f10 f   PsWindowsPAEventSrc.obj
 0001:00005f40       ?rawEventWithTimestamp@PAUtils@shdfnd@physx@@QAE_NG_KIIE@Z 10006f40 f   PsWindowsPAEventSrc.obj
 0001:00005f70       ?lock@PAUtils@shdfnd@physx@@QAE_NXZ 10006f70 f   PsWindowsPAEventSrc.obj
 0001:00005fc0       ?unlock@PAUtils@shdfnd@physx@@QAE_NXZ 10006fc0 f   PsWindowsPAEventSrc.obj
 0001:00005fe0       ??0ConnImpl@shdfnd@physx@@QAE@XZ 10006fe0 f   PsWindowsPAEventSrc.obj
 0001:00006140       ??1ConnImpl@shdfnd@physx@@QAE@XZ 10007140 f   PsWindowsPAEventSrc.obj
 0001:00006180       ?GetProcID@ConnImpl@shdfnd@physx@@QAEEXZ 10007180 f i PsWindowsPAEventSrc.obj
 0001:000061b0       ?printFormatted@shdfnd@physx@@YAXPBDZZ 100071b0 f   PsWindowsPrintString.obj
 0001:00006210       ?printString@shdfnd@physx@@YAXPBD@Z 10007210 f   PsWindowsPrintString.obj
 0001:00006240       ??$__vcrt_va_start_verify_argument_type@PBD@@YAXXZ 10007240 f i PsWindowsPrintString.obj
 0001:00006250       ___local_stdio_printf_options 10007250 f i PsWindowsPrintString.obj
 0001:00006260       ??0SListImpl@shdfnd@physx@@QAE@XZ 10007260 f   PsWindowsSList.obj
 0001:00006270       ??1SListImpl@shdfnd@physx@@QAE@XZ 10007270 f   PsWindowsSList.obj
 0001:00006280       ?push@SListImpl@shdfnd@physx@@QAEXPAVSListEntry@23@@Z 10007280 f   PsWindowsSList.obj
 0001:000062a0       ?pop@SListImpl@shdfnd@physx@@QAEPAVSListEntry@23@XZ 100072a0 f   PsWindowsSList.obj
 0001:000062b0       ?flush@SListImpl@shdfnd@physx@@QAEPAVSListEntry@23@XZ 100072b0 f   PsWindowsSList.obj
 0001:000062c0       ?getSize@SListImpl@shdfnd@physx@@SAABIXZ 100072c0 f   PsWindowsSList.obj
 0001:000062d0       ??4SListImpl@shdfnd@physx@@QAEAAU012@ABU012@@Z 100072d0 f i PsWindowsSList.obj
 0001:000062e0       ??0Socket@shdfnd@physx@@QAE@_N@Z 100072e0 f   PsWindowsSocket.obj
 0001:00006350       ??1Socket@shdfnd@physx@@UAE@XZ 10007350 f   PsWindowsSocket.obj
 0001:00006390       ?connect@Socket@shdfnd@physx@@QAE_NPBDGI@Z 10007390 f   PsWindowsSocket.obj
 0001:000063a0       ?listen@Socket@shdfnd@physx@@QAE_NGPAVConnection@123@@Z 100073a0 f   PsWindowsSocket.obj
 0001:000063b0       ?disconnect@Socket@shdfnd@physx@@QAEXXZ 100073b0 f   PsWindowsSocket.obj
 0001:000063c0       ?isConnected@Socket@shdfnd@physx@@QBE_NXZ 100073c0 f   PsWindowsSocket.obj
 0001:000063d0       ?getHost@Socket@shdfnd@physx@@QBEPBDXZ 100073d0 f   PsWindowsSocket.obj
 0001:000063e0       ?getPort@Socket@shdfnd@physx@@QBEGXZ 100073e0 f   PsWindowsSocket.obj
 0001:000063f0       ?flush@Socket@shdfnd@physx@@QAE_NXZ 100073f0 f   PsWindowsSocket.obj
 0001:00006410       ?write@Socket@shdfnd@physx@@QAEIPBEI@Z 10007410 f   PsWindowsSocket.obj
 0001:00006430       ?read@Socket@shdfnd@physx@@QAEIPAEI@Z 10007430 f   PsWindowsSocket.obj
 0001:00006450       ?setBlocking@Socket@shdfnd@physx@@QAEX_N@Z 10007450 f   PsWindowsSocket.obj
 0001:00006490       ?isBlocking@Socket@shdfnd@physx@@QBE_NXZ 10007490 f   PsWindowsSocket.obj
 0001:000064a0       ??0SocketImpl@shdfnd@physx@@QAE@XZ 100074a0 f   PsWindowsSocket.obj
 0001:00006510       ??1SocketImpl@shdfnd@physx@@UAE@XZ 10007510 f   PsWindowsSocket.obj
 0001:00006560       ?connect@SocketImpl@shdfnd@physx@@QAE_NPBDGI@Z 10007560 f   PsWindowsSocket.obj
 0001:00006770       ?listen@SocketImpl@shdfnd@physx@@QAE_NGPAVConnection@Socket@23@@Z 10007770 f   PsWindowsSocket.obj
 0001:00006840       ?disconnect@SocketImpl@shdfnd@physx@@QAEXXZ 10007840 f   PsWindowsSocket.obj
 0001:000068a0       ?setBlocking@SocketImpl@shdfnd@physx@@QAEX_N@Z 100078a0 f   PsWindowsSocket.obj
 0001:000068d0       ?write@SocketImpl@shdfnd@physx@@UAEIPBEI@Z 100078d0 f   PsWindowsSocket.obj
 0001:00006930       ?flush@SocketImpl@shdfnd@physx@@UAE_NXZ 10007930 f   PsWindowsSocket.obj
 0001:00006940       ?read@SocketImpl@shdfnd@physx@@QAEIPAEI@Z 10007940 f   PsWindowsSocket.obj
 0001:000069f0       ?execute@SocketImpl@shdfnd@physx@@UAEXXZ 100079f0 f   PsWindowsSocket.obj
 0001:00006a40       ??0BufferedSocketImpl@shdfnd@physx@@QAE@XZ 10007a40 f   PsWindowsSocket.obj
 0001:00006ac0       ?flush@BufferedSocketImpl@shdfnd@physx@@UAE_NXZ 10007ac0 f   PsWindowsSocket.obj
 0001:00006b40       ?write@BufferedSocketImpl@shdfnd@physx@@UAEIPBEI@Z 10007b40 f   PsWindowsSocket.obj
 0001:00006bf0       ??0?$ThreadT@V?$ReflectionAllocator@VThreadImpl@shdfnd@physx@@@shdfnd@physx@@@shdfnd@physx@@QAE@ABV?$ReflectionAllocator@VThreadImpl@shdfnd@physx@@@12@@Z 10007bf0 f i PsWindowsSocket.obj
 0001:00006c70       ??0Socket@shdfnd@physx@@QAE@ABV012@@Z 10007c70 f i PsWindowsSocket.obj
 0001:00006c90       ??1?$ThreadT@V?$ReflectionAllocator@VThreadImpl@shdfnd@physx@@@shdfnd@physx@@@shdfnd@physx@@UAE@XZ 10007c90 f i PsWindowsSocket.obj
 0001:00006cc0       ??1BufferedSocketImpl@shdfnd@physx@@UAE@XZ 10007cc0 f i PsWindowsSocket.obj
 0001:00006d10       ??1Runnable@shdfnd@physx@@UAE@XZ 10007d10 f i PsWindowsSocket.obj
 0001:00006d20       ??4Socket@shdfnd@physx@@QAEAAV012@ABV012@@Z 10007d20 f i PsWindowsSocket.obj
 0001:00006d40       ??_ESocket@shdfnd@physx@@UAEPAXI@Z 10007d40 f i PsWindowsSocket.obj
 0001:00006ea0       ??_FSocket@shdfnd@physx@@QAEXXZ 10007ea0 f i PsWindowsSocket.obj
 0001:00006ef0       ??_G?$ThreadT@V?$ReflectionAllocator@VThreadImpl@shdfnd@physx@@@shdfnd@physx@@@shdfnd@physx@@UAEPAXI@Z 10007ef0 f i PsWindowsSocket.obj
 0001:00006ef0       ??_E?$ThreadT@V?$ReflectionAllocator@VThreadImpl@shdfnd@physx@@@shdfnd@physx@@@shdfnd@physx@@UAEPAXI@Z 10007ef0 f i PsWindowsSocket.obj
 0001:00006f50       ??_EBufferedSocketImpl@shdfnd@physx@@UAEPAXI@Z 10007f50 f i PsWindowsSocket.obj
 0001:00006f50       ??_GBufferedSocketImpl@shdfnd@physx@@UAEPAXI@Z 10007f50 f i PsWindowsSocket.obj
 0001:00006fd0       ??_GRunnable@shdfnd@physx@@UAEPAXI@Z 10007fd0 f i PsWindowsSocket.obj
 0001:00006fd0       ??_ERunnable@shdfnd@physx@@UAEPAXI@Z 10007fd0 f i PsWindowsSocket.obj
 0001:00007000       ??_GSocket@shdfnd@physx@@UAEPAXI@Z 10008000 f i PsWindowsSocket.obj
 0001:00007070       ??_ESocketImpl@shdfnd@physx@@UAEPAXI@Z 10008070 f i PsWindowsSocket.obj
 0001:00007070       ??_GSocketImpl@shdfnd@physx@@UAEPAXI@Z 10008070 f i PsWindowsSocket.obj
 0001:000070e0       ?__global_array_delete@@YAXPAX@Z 100080e0 f i PsWindowsSocket.obj
 0001:000070f0       ?__global_array_delete@@YAXPAXI@Z 100080f0 f i PsWindowsSocket.obj
 0001:00007100       ?__global_delete@@YAXPAX@Z 10008100 f i PsWindowsSocket.obj
 0001:00007110       ?__global_delete@@YAXPAXI@Z 10008110 f i PsWindowsSocket.obj
 0001:00007120       ?execute@?$ThreadT@V?$ReflectionAllocator@VThreadImpl@shdfnd@physx@@@shdfnd@physx@@@shdfnd@physx@@UAEXXZ 10008120 f i PsWindowsSocket.obj
 0001:00007130       ?execute@Runnable@shdfnd@physx@@UAEXXZ 10008130 f i PsWindowsSocket.obj
 0001:00007140       ??0SyncImpl@shdfnd@physx@@QAE@XZ 10008140 f   PsWindowsSync.obj
 0001:00007160       ??1SyncImpl@shdfnd@physx@@QAE@XZ 10008160 f   PsWindowsSync.obj
 0001:00007170       ?wait@SyncImpl@shdfnd@physx@@QAE_NI@Z 10008170 f   PsWindowsSync.obj
 0001:000071a0       ?set@SyncImpl@shdfnd@physx@@QAEXXZ 100081a0 f   PsWindowsSync.obj
 0001:000071b0       ?reset@SyncImpl@shdfnd@physx@@QAEXXZ 100081b0 f   PsWindowsSync.obj
 0001:000071c0       ?getSize@SyncImpl@shdfnd@physx@@SAABIXZ 100081c0 f   PsWindowsSync.obj
 0001:000071d0       ??4SyncImpl@shdfnd@physx@@QAEAAV012@ABV012@@Z 100081d0 f i PsWindowsSync.obj
 0001:000071e0       ?getDefaultStackSize@ThreadImpl@shdfnd@physx@@SAIXZ 100081e0 f   PsWindowsThread.obj
 0001:000071f0       ?getId@ThreadImpl@shdfnd@physx@@SAIXZ 100081f0 f   PsWindowsThread.obj
 0001:00007200       ??0ThreadImpl@shdfnd@physx@@QAE@XZ 10008200 f   PsWindowsThread.obj
 0001:00007230       ??0ThreadImpl@shdfnd@physx@@QAE@P6APAXPAX@Z0@Z 10008230 f   PsWindowsThread.obj
 0001:000072a0       ??1ThreadImpl@shdfnd@physx@@QAE@XZ 100082a0 f   PsWindowsThread.obj
 0001:000072d0       ?start@ThreadImpl@shdfnd@physx@@QAEXIPAVRunnable@23@@Z 100082d0 f   PsWindowsThread.obj
 0001:00007340       ?kill@ThreadImpl@shdfnd@physx@@QAEXXZ 10008340 f   PsWindowsThread.obj
 0001:00007360       ?signalQuit@ThreadImpl@shdfnd@physx@@QAEXXZ 10008360 f   PsWindowsThread.obj
 0001:00007370       ?waitForQuit@ThreadImpl@shdfnd@physx@@QAE_NXZ 10008370 f   PsWindowsThread.obj
 0001:00007390       ?quitIsSignalled@ThreadImpl@shdfnd@physx@@QAE_NXZ 10008390 f   PsWindowsThread.obj
 0001:000073b0       ?quit@ThreadImpl@shdfnd@physx@@QAEXXZ 100083b0 f   PsWindowsThread.obj
 0001:000073c0       ?setAffinityMask@ThreadImpl@shdfnd@physx@@QAEII@Z 100083c0 f   PsWindowsThread.obj
 0001:000073f0       ?getPriority@ThreadImpl@shdfnd@physx@@SA?AW4Enum@ThreadPriority@23@I@Z 100083f0 f   PsWindowsThread.obj
 0001:00007440       ?setPriority@ThreadImpl@shdfnd@physx@@QAEXW4Enum@ThreadPriority@23@@Z 10008440 f   PsWindowsThread.obj
 0001:000074b0       ?setName@ThreadImpl@shdfnd@physx@@QAEXPBD@Z 100084b0 f   PsWindowsThread.obj
 0001:00007530       ?sleep@ThreadImpl@shdfnd@physx@@SAXI@Z 10008530 f   PsWindowsThread.obj
 0001:00007540       ?yield@ThreadImpl@shdfnd@physx@@SAXXZ 10008540 f   PsWindowsThread.obj
 0001:00007550       ?getNbPhysicalCores@ThreadImpl@shdfnd@physx@@SAIXZ 10008550 f   PsWindowsThread.obj
 0001:00007620       ?getSize@ThreadImpl@shdfnd@physx@@SAABIXZ 10008620 f   PsWindowsThread.obj
 0001:00007630       ?TlsAlloc@shdfnd@physx@@YAIXZ 10008630 f   PsWindowsThread.obj
 0001:00007640       ?TlsFree@shdfnd@physx@@YAXI@Z 10008640 f   PsWindowsThread.obj
 0001:00007650       ?TlsGet@shdfnd@physx@@YAPAXI@Z 10008650 f   PsWindowsThread.obj
 0001:00007660       ?TlsSet@shdfnd@physx@@YAIIPAX@Z 10008660 f   PsWindowsThread.obj
 0001:000076b0       ?getBootCounterFrequency@Time@shdfnd@physx@@SAABUCounterFrequencyToTensOfNanos@23@XZ 100086b0 f   PsWindowsTime.obj
 0001:000076c0       ?getCounterFrequency@Time@shdfnd@physx@@SA?AUCounterFrequencyToTensOfNanos@23@XZ 100086c0 f   PsWindowsTime.obj
 0001:000076f0       ?getCurrentCounterValue@Time@shdfnd@physx@@SA_KXZ 100086f0 f   PsWindowsTime.obj
 0001:00007710       ??0Time@shdfnd@physx@@QAE@XZ 10008710 f   PsWindowsTime.obj
 0001:00007750       ?getElapsedSeconds@Time@shdfnd@physx@@QAENXZ 10008750 f   PsWindowsTime.obj
 0001:000077a0       ?peekElapsedSeconds@Time@shdfnd@physx@@QAENXZ 100087a0 f   PsWindowsTime.obj
 0001:000077e0       ?getLastTime@Time@shdfnd@physx@@QBENXZ 100087e0 f   PsWindowsTime.obj
 0001:00007810       ??4Time@shdfnd@physx@@QAEAAV012@$$QAV012@@Z 10008810 f i PsWindowsTime.obj
 0001:00007830       ??4Time@shdfnd@physx@@QAEAAV012@ABV012@@Z 10008830 f i PsWindowsTime.obj
 0001:00007850       ?getCurrentTimeInTensOfNanoSeconds@Time@shdfnd@physx@@SA_KXZ 10008850 f i PsWindowsTime.obj
 0001:00007890       ?allocate@Allocator@shdfnd@physx@@QAEPAXIPBDH@Z 10008890 f   PsAllocator.obj
 0001:000078c0       ?deallocate@Allocator@shdfnd@physx@@QAEXPAX@Z 100088c0 f   PsAllocator.obj
 0001:000078e0       ?PxGetAssertHandler@physx@@YAAAVPxAssertHandler@1@XZ 100088e0 f   PsAssert.obj
 0001:000078f0       ?PxSetAssertHandler@physx@@YAXAAVPxAssertHandler@1@@Z 100088f0 f   PsAssert.obj
 0001:00007900       ??$__vcrt_va_start_verify_argument_type@QBD@@YAXXZ 10008900 f i PsAssert.obj
 0001:00007910       ??1PxAssertHandler@physx@@UAE@XZ 10008910 f i PsAssert.obj
 0001:00007960       ??_GDefaultAssertHandler@?A0x8021c9ed@@UAEPAXI@Z 10008960 f i PsAssert.obj
 0001:00007960       ??_EDefaultAssertHandler@?A0x8021c9ed@@UAEPAXI@Z 10008960 f i PsAssert.obj
 0001:00007990       ??_EPxAssertHandler@physx@@UAEPAXI@Z 10008990 f i PsAssert.obj
 0001:00007990       ??_GPxAssertHandler@physx@@UAEPAXI@Z 10008990 f i PsAssert.obj
 0001:000079c0       _sprintf                   100089c0 f i PsAssert.obj
 0001:00007a00       ??0ErrorHandler@shdfnd@physx@@QAE@XZ 10008a00 f   PsErrorHandler.obj
 0001:00007a20       ??1ErrorHandler@shdfnd@physx@@QAE@XZ 10008a20 f   PsErrorHandler.obj
 0001:00007a60       ?reportError@ErrorHandler@shdfnd@physx@@QAEXW4Enum@PxErrorCode@3@PBD1H@Z 10008a60 f   PsErrorHandler.obj
 0001:00007ab0       ?registerErrorCallback@ErrorHandler@shdfnd@physx@@QAEHAAVPxErrorCallback@3@@Z 10008ab0 f   PsErrorHandler.obj
 0001:00007b20       ?unRegisterErrorCallback@ErrorHandler@shdfnd@physx@@QAEXAAVPxErrorCallback@3@@Z 10008b20 f   PsErrorHandler.obj
 0001:00007b80       ?unRegisterErrorCallback@ErrorHandler@shdfnd@physx@@QAEXH@Z 10008b80 f   PsErrorHandler.obj
 0001:00007bd0       ?createFastIPC@shdfnd@physx@@YAPAVPxIPC@12@AAW4ErrorCode@312@W4ConnectionType@312@PBDII_N3I@Z 10008bd0 f   PsFastIPC.obj
 0001:00007c70       ??0FastIPC@shdfnd@physx@@QAE@AAW4ErrorCode@PxIPC@12@W4ConnectionType@412@PBDII_N3I@Z 10008c70 f i PsFastIPC.obj
 0001:00008040       ??0MultiPartPacket@PxRingBuffer@shdfnd@physx@@QAE@W4MessageType@123@PBXIIPAV123@@Z 10009040 f i PsFastIPC.obj
 0001:000080b0       ??1PxIPC@shdfnd@physx@@MAE@XZ 100090b0 f i PsFastIPC.obj
 0001:000080c0       ??1PxRingBuffer@shdfnd@physx@@QAE@XZ 100090c0 f i PsFastIPC.obj
 0001:00008120       ??_EFastIPC@shdfnd@physx@@UAEPAXI@Z 10009120 f i PsFastIPC.obj
 0001:00008120       ??_GFastIPC@shdfnd@physx@@UAEPAXI@Z 10009120 f i PsFastIPC.obj
 0001:000081b0       ??_EPxIPC@shdfnd@physx@@MAEPAXI@Z 100091b0 f i PsFastIPC.obj
 0001:000081b0       ??_GPxIPC@shdfnd@physx@@MAEPAXI@Z 100091b0 f i PsFastIPC.obj
 0001:000081e0       ?canSend@FastIPC@shdfnd@physx@@UAE_NI@Z 100091e0 f i PsFastIPC.obj
 0001:00008230       ?canSend@PxRingBuffer@shdfnd@physx@@QBE?AW4ErrorCode@123@I@Z 10009230 f i PsFastIPC.obj
 0001:000082c0       ?haveConnection@FastIPC@shdfnd@physx@@UBE_NXZ 100092c0 f i PsFastIPC.obj
 0001:000082e0       ?init@PxRingBuffer@shdfnd@physx@@QAEXPAXI_N1IPAI2@Z 100092e0 f i PsFastIPC.obj
 0001:00008370       ?isServer@FastIPC@shdfnd@physx@@UBE_NXZ 10009370 f i PsFastIPC.obj
 0001:00008380       ?process@MultiPartPacket@PxRingBuffer@shdfnd@physx@@QAE?AW4ErrorCode@234@XZ 10009380 f i PsFastIPC.obj
 0001:00008400       ?pumpPendingSends@FastIPC@shdfnd@physx@@UAE_NXZ 10009400 f i PsFastIPC.obj
 0001:00008460       ?pumpPendingSends@PxRingBuffer@shdfnd@physx@@QAE_NXZ 10009460 f i PsFastIPC.obj
 0001:000084b0       ?receiveAcknowledge@FastIPC@shdfnd@physx@@UAE?AW4ErrorCode@PxIPC@23@XZ 100094b0 f i PsFastIPC.obj
 0001:000084d0       ?receiveAcknowledge@PxRingBuffer@shdfnd@physx@@QAE?AW4ErrorCode@123@XZ 100094d0 f i PsFastIPC.obj
 0001:00008560       ?receiveData@FastIPC@shdfnd@physx@@UAEPBXAAI@Z 10009560 f i PsFastIPC.obj
 0001:000085a0       ?receiveData@PxRingBuffer@shdfnd@physx@@QAE?AW4MessageType@123@AAPBXAAI@Z 100095a0 f i PsFastIPC.obj
 0001:000087b0       ?release@FastIPC@shdfnd@physx@@UAEXXZ 100097b0 f i PsFastIPC.obj
 0001:000087c0       ?sendData@FastIPC@shdfnd@physx@@UAE?AW4ErrorCode@PxIPC@23@PBXI_N@Z 100097c0 f i PsFastIPC.obj
 0001:000087f0       ?sendData@PxRingBuffer@shdfnd@physx@@QAE?AW4ErrorCode@123@W4MessageType@123@PBXI_N@Z 100097f0 f i PsFastIPC.obj
 0001:00008910       ?sendHeader@MultiPartPacket@PxRingBuffer@shdfnd@physx@@QAE?AW4ErrorCode@234@XZ 10009910 f i PsFastIPC.obj
 0001:00008980       ?writeData@PxRingBuffer@shdfnd@physx@@AAEXW4MessageType@123@PBXI@Z 10009980 f i PsFastIPC.obj
 0001:00008a60       ?createFastXml@shdfnd@physx@@YAPAVFastXml@12@PAVCallback@312@@Z 10009a60 f   PsFastXml.obj
 0001:00008b90       ??1FastXml@shdfnd@physx@@MAE@XZ 10009b90 f i PsFastXml.obj
 0001:00008bc0       ??_EFastXml@shdfnd@physx@@MAEPAXI@Z 10009bc0 f i PsFastXml.obj
 0001:00008bc0       ??_GFastXml@shdfnd@physx@@MAEPAXI@Z 10009bc0 f i PsFastXml.obj
 0001:00008bf0       ??_GMyFastXml@?A0x0b640e76@@EAEPAXI@Z 10009bf0 f i PsFastXml.obj
 0001:00008bf0       ??_EMyFastXml@?A0x0b640e76@@EAEPAXI@Z 10009bf0 f i PsFastXml.obj
 0001:000099f0       _PxCreateFoundation        1000a9f0 f   PsFoundation.obj
 0001:00009a10       _PxGetFoundation           1000aa10 f   PsFoundation.obj
 0001:00009a20       ?getAllocator@shdfnd@physx@@YAAAVPxAllocatorCallback@2@XZ 1000aa20 f   PsFoundation.obj
 0001:00009a30       ??0Foundation@shdfnd@physx@@AAE@AAVPxErrorCallback@2@AAVPxAllocatorCallback@2@@Z 1000aa30 f   PsFoundation.obj
 0001:00009b10       ??1Foundation@shdfnd@physx@@EAE@XZ 1000ab10 f   PsFoundation.obj
 0001:00009c20       ?release@Foundation@shdfnd@physx@@UAEXXZ 1000ac20 f   PsFoundation.obj
 0001:00009c30       ?createInstance@Foundation@shdfnd@physx@@SAPAV123@IAAVPxErrorCallback@3@AAVPxAllocatorCallback@3@@Z 1000ac30 f   PsFoundation.obj
 0001:00009d20       ?destroyInstance@Foundation@shdfnd@physx@@SAXXZ 1000ad20 f   PsFoundation.obj
 0001:00009d80       ?getInstance@Foundation@shdfnd@physx@@SAAAV123@XZ 1000ad80 f   PsFoundation.obj
 0001:00009d90       ?incRefCount@Foundation@shdfnd@physx@@SAXXZ 1000ad90 f   PsFoundation.obj
 0001:00009dc0       ?decRefCount@Foundation@shdfnd@physx@@SAXXZ 1000adc0 f   PsFoundation.obj
 0001:00009df0       ?getErrorCallback@Foundation@shdfnd@physx@@UBEAAVPxErrorCallback@3@XZ 1000adf0 f   PsFoundation.obj
 0001:00009e00       ?setErrorLevel@Foundation@shdfnd@physx@@UAEXW4Enum@PxErrorCode@3@@Z 1000ae00 f   PsFoundation.obj
 0001:00009e10       ?getErrorLevel@Foundation@shdfnd@physx@@UBE?AW4Enum@PxErrorCode@3@XZ 1000ae10 f   PsFoundation.obj
 0001:00009e20       ?getAllocatorCallback@Foundation@shdfnd@physx@@UBEAAVPxAllocatorCallback@3@XZ 1000ae20 f   PsFoundation.obj
 0001:00009e30       ?error@Foundation@shdfnd@physx@@QAAXW4Enum@PxErrorCode@3@PBDH1ZZ 1000ae30 f   PsFoundation.obj
 0001:00009e50       ?errorImpl@Foundation@shdfnd@physx@@QAEXW4Enum@PxErrorCode@3@PBDH1PAD@Z 1000ae50 f   PsFoundation.obj
 0001:00009ec0       ?getWarnOnceTimestamp@Foundation@shdfnd@physx@@SAIXZ 1000aec0 f   PsFoundation.obj
 0001:00009ed0       ?allocate@AlignCheckAllocator@Foundation@shdfnd@physx@@UAEPAXIPBD0H@Z 1000aed0 f   PsFoundation.obj
 0001:00009f70       ??0TempAllocator@shdfnd@physx@@QAE@PBD@Z 1000af70 f i PsFoundation.obj
 0001:00009f80       ??1PxAllocatorCallback@physx@@UAE@XZ 1000af80 f i PsFoundation.obj
 0001:00009f90       ??1PxBroadcastingAllocator@physx@@MAE@XZ 1000af90 f i PsFoundation.obj
 0001:00009fa0       ??4TempAllocator@shdfnd@physx@@QAEAAV012@$$QAV012@@Z 1000afa0 f i PsFoundation.obj
 0001:00009fb0       ??4TempAllocator@shdfnd@physx@@QAEAAV012@ABV012@@Z 1000afb0 f i PsFoundation.obj
 0001:00009fc0       ??_EFoundation@shdfnd@physx@@EAEPAXI@Z 1000afc0 f i PsFoundation.obj
 0001:0000a050       ??_FTempAllocator@shdfnd@physx@@QAEXXZ 1000b050 f i PsFoundation.obj
 0001:0000a060       ??_EAlignCheckAllocator@Foundation@shdfnd@physx@@UAEPAXI@Z 1000b060 f i PsFoundation.obj
 0001:0000a060       ??_GAlignCheckAllocator@Foundation@shdfnd@physx@@UAEPAXI@Z 1000b060 f i PsFoundation.obj
 0001:0000a090       ??_GFoundation@shdfnd@physx@@EAEPAXI@Z 1000b090 f i PsFoundation.obj
 0001:0000a0c0       ??_EPxAllocatorCallback@physx@@UAEPAXI@Z 1000b0c0 f i PsFoundation.obj
 0001:0000a0c0       ??_GPxAllocatorCallback@physx@@UAEPAXI@Z 1000b0c0 f i PsFoundation.obj
 0001:0000a0f0       ??_EPxBroadcastingAllocator@physx@@MAEPAXI@Z 1000b0f0 f i PsFoundation.obj
 0001:0000a0f0       ??_GPxBroadcastingAllocator@physx@@MAEPAXI@Z 1000b0f0 f i PsFoundation.obj
 0001:0000a120       ?deallocate@AlignCheckAllocator@Foundation@shdfnd@physx@@UAEXPAX@Z 1000b120 f i PsFoundation.obj
 0001:0000a170       ?deregisterAllocationListener@AlignCheckAllocator@Foundation@shdfnd@physx@@UAEXAAVPxAllocationListener@4@@Z 1000b170 f i PsFoundation.obj
 0001:0000a1b0       ?recreate@?$Array@PATTempAllocatorChunk@shdfnd@physx@@VAllocator@23@@shdfnd@physx@@IAEXI@Z 1000b1b0 f i PsFoundation.obj
 0001:0000a230       ?registerAllocationListener@AlignCheckAllocator@Foundation@shdfnd@physx@@UAEXAAVPxAllocationListener@4@@Z 1000b230 f i PsFoundation.obj
 0001:0000a250       ?reserveInternal@?$HashBase@V?$Pair@QBVNamedAllocator@shdfnd@physx@@PBD@shdfnd@physx@@PBVNamedAllocator@23@U?$Hash@PBVNamedAllocator@shdfnd@physx@@@23@UGetKey@?$HashMapBase@PBVNamedAllocator@shdfnd@physx@@PBDU?$Hash@PBVNamedAllocator@shdfnd@physx@@@23@VNonTrackingAllocator@23@@internal@23@VNonTrackingAllocator@23@$00@internal@shdfnd@physx@@AAEXI@Z 1000b250 f i PsFoundation.obj
 0001:0000a3e0       ?resize@?$Array@PATTempAllocatorChunk@shdfnd@physx@@VAllocator@23@@shdfnd@physx@@QAEXIABQATTempAllocatorChunk@23@@Z 1000b3e0 f i PsFoundation.obj
 0001:0000a430       ?sprintf_s@string@physx@@YAHPADIPBDZZ 1000b430 f i PsFoundation.obj
 0001:0000a460       ?computeQuatFromNormal@shdfnd@physx@@YA?AVPxQuat@2@ABVPxVec3@2@@Z 1000b460 f   PsMathUtils.obj
 0001:0000a5d0       ?optimizeBoundingBox@shdfnd@physx@@YA?AVPxVec3@2@AAVPxMat33@2@@Z 1000b5d0 f   PsMathUtils.obj
 0001:0000a960       ?slerp@shdfnd@physx@@YA?AVPxQuat@2@MABV32@0@Z 1000b960 f   PsMathUtils.obj
 0001:0000aab0       ?integrateTransform@shdfnd@physx@@YAXABVPxTransform@2@ABVPxVec3@2@1MAAV32@@Z 1000bab0 f   PsMathUtils.obj
 0001:0000ace0       ?allocate@TempAllocator@shdfnd@physx@@QAEPAXIPBDH@Z 1000bce0 f   PsTempAllocator.obj
 0001:0000add0       ?deallocate@TempAllocator@shdfnd@physx@@QAEXPAX@Z 1000bdd0 f   PsTempAllocator.obj
 0001:0000ae60       ?checkValid@shdfnd@physx@@YA_NABM@Z 1000be60 f   PsUtilities.obj
 0001:0000ae90       ?checkValid@shdfnd@physx@@YA_NABVPxVec3@2@@Z 1000be90 f   PsUtilities.obj
 0001:0000af00       ?checkValid@shdfnd@physx@@YA_NABVPxQuat@2@@Z 1000bf00 f   PsUtilities.obj
 0001:0000af90       ?checkValid@shdfnd@physx@@YA_NABVPxMat33@2@@Z 1000bf90 f   PsUtilities.obj
 0001:0000b0c0       ?checkValid@shdfnd@physx@@YA_NABVPxTransform@2@@Z 1000c0c0 f   PsUtilities.obj
 0001:0000b140       ?checkValid@shdfnd@physx@@YA_NPBD@Z 1000c140 f   PsUtilities.obj
 0001:0000b160       ?PxCreateCollection@@YAPAVPxCollection@physx@@XZ 1000c160 f   CmCollection.obj
 0001:0000b1c0       ?add@Collection@Cm@physx@@UAEXAAVPxBase@3@_K@Z 1000c1c0 f   CmCollection.obj
 0001:0000b2b0       ?remove@Collection@Cm@physx@@UAEXAAVPxBase@3@@Z 1000c2b0 f   CmCollection.obj
 0001:0000b2f0       ?contains@Collection@Cm@physx@@UBE_NAAVPxBase@3@@Z 1000c2f0 f   CmCollection.obj
 0001:0000b310       ?addId@Collection@Cm@physx@@UAEXAAVPxBase@3@_K@Z 1000c310 f   CmCollection.obj
 0001:0000b3c0       ?removeId@Collection@Cm@physx@@UAEX_K@Z 1000c3c0 f   CmCollection.obj
 0001:0000b430       ?find@Collection@Cm@physx@@UBEPAVPxBase@3@_K@Z 1000c430 f   CmCollection.obj
 0001:0000b450       ?add@Collection@Cm@physx@@UAEXAAVPxCollection@3@@Z 1000c450 f   CmCollection.obj
 0001:0000b5b0       ?remove@Collection@Cm@physx@@UAEXAAVPxCollection@3@@Z 1000c5b0 f   CmCollection.obj
 0001:0000b610       ?getNbObjects@Collection@Cm@physx@@UBEIXZ 1000c610 f   CmCollection.obj
 0001:0000b620       ?getObject@Collection@Cm@physx@@UBEAAVPxBase@3@I@Z 1000c620 f   CmCollection.obj
 0001:0000b640       ?getObjects@Collection@Cm@physx@@UBEIPAPAVPxBase@3@II@Z 1000c640 f   CmCollection.obj
 0001:0000b690       ?getNbIds@Collection@Cm@physx@@UBEIXZ 1000c690 f   CmCollection.obj
 0001:0000b6a0       ?getId@Collection@Cm@physx@@UBE_KABVPxBase@3@@Z 1000c6a0 f   CmCollection.obj
 0001:0000b6e0       ?getIds@Collection@Cm@physx@@UBEIPA_KII@Z 1000c6e0 f   CmCollection.obj
 0001:0000b780       ??0Collection@Cm@physx@@QAE@XZ 1000c780 f i CmCollection.obj
 0001:0000b830       ??0Iter@?$HashBase@V?$Pair@$$CB_KPAVPxBase@physx@@@shdfnd@physx@@_KU?$Hash@_K@23@UGetKey@?$HashMapBase@_KPAVPxBase@physx@@U?$Hash@_K@shdfnd@2@VAllocator@42@@internal@23@VAllocator@23@$00@internal@shdfnd@physx@@QAE@AAV1234@@Z 1000c830 f i CmCollection.obj
 0001:0000b890       ??1PxCollection@physx@@MAE@XZ 1000c890 f i CmCollection.obj
 0001:0000b8a0       ??_ECollection@Cm@physx@@UAEPAXI@Z 1000c8a0 f i CmCollection.obj
 0001:0000b8a0       ??_GCollection@Cm@physx@@UAEPAXI@Z 1000c8a0 f i CmCollection.obj
 0001:0000b900       ??_GPxCollection@physx@@MAEPAXI@Z 1000c900 f i CmCollection.obj
 0001:0000b900       ??_EPxCollection@physx@@MAEPAXI@Z 1000c900 f i CmCollection.obj
 0001:0000b930       ?create@?$HashBase@V?$Pair@$$CB_KPAVPxBase@physx@@@shdfnd@physx@@_KU?$Hash@_K@23@UGetKey@?$HashMapBase@_KPAVPxBase@physx@@U?$Hash@_K@shdfnd@2@VAllocator@42@@internal@23@VAllocator@23@$00@internal@shdfnd@physx@@QAEPAV?$Pair@$$CB_KPAVPxBase@physx@@@34@AB_KAA_N@Z 1000c930 f i CmCollection.obj
 0001:0000ba30       ?create@?$HashBase@V?$Pair@QAVPxBase@physx@@_K@shdfnd@physx@@PAVPxBase@3@U?$Hash@PAVPxBase@physx@@@23@UGetKey@?$HashMapBase@PAVPxBase@physx@@_KU?$Hash@PAVPxBase@physx@@@shdfnd@2@VAllocator@42@@internal@23@VAllocator@23@$00@internal@shdfnd@physx@@QAEPAV?$Pair@QAVPxBase@physx@@_K@34@ABQAVPxBase@4@AA_N@Z 1000ca30 f i CmCollection.obj
 0001:0000bb50       ?erase@?$HashBase@V?$Pair@$$CB_KPAVPxBase@physx@@@shdfnd@physx@@_KU?$Hash@_K@23@UGetKey@?$HashMapBase@_KPAVPxBase@physx@@U?$Hash@_K@shdfnd@2@VAllocator@42@@internal@23@VAllocator@23@$00@internal@shdfnd@physx@@QAE_NAB_K@Z 1000cb50 f i CmCollection.obj
 0001:0000bc00       ?erase@?$HashBase@V?$Pair@QAVPxBase@physx@@_K@shdfnd@physx@@PAVPxBase@3@U?$Hash@PAVPxBase@physx@@@23@UGetKey@?$HashMapBase@PAVPxBase@physx@@_KU?$Hash@PAVPxBase@physx@@@shdfnd@2@VAllocator@42@@internal@23@VAllocator@23@$00@internal@shdfnd@physx@@QAE_NABQAVPxBase@4@@Z 1000cc00 f i CmCollection.obj
 0001:0000bcb0       ?find@?$HashBase@V?$Pair@$$CB_KPAVPxBase@physx@@@shdfnd@physx@@_KU?$Hash@_K@23@UGetKey@?$HashMapBase@_KPAVPxBase@physx@@U?$Hash@_K@shdfnd@2@VAllocator@42@@internal@23@VAllocator@23@$00@internal@shdfnd@physx@@QBEPBV?$Pair@$$CB_KPAVPxBase@physx@@@34@AB_K@Z 1000ccb0 f i CmCollection.obj
 0001:0000bd30       ?find@?$HashBase@V?$Pair@QAVPxBase@physx@@_K@shdfnd@physx@@PAVPxBase@3@U?$Hash@PAVPxBase@physx@@@23@UGetKey@?$HashMapBase@PAVPxBase@physx@@_KU?$Hash@PAVPxBase@physx@@@shdfnd@2@VAllocator@42@@internal@23@VAllocator@23@$00@internal@shdfnd@physx@@QBEPBV?$Pair@QAVPxBase@physx@@_K@34@ABQAVPxBase@4@@Z 1000cd30 f i CmCollection.obj
 0001:0000bdc0       ?hash@shdfnd@physx@@YAI_K@Z 1000cdc0 f i CmCollection.obj
 0001:0000be50       ?release@Collection@Cm@physx@@UAEXXZ 1000ce50 f i CmCollection.obj
 0001:0000be60       ?replaceWithLast@?$HashBase@V?$Pair@$$CB_KPAVPxBase@physx@@@shdfnd@physx@@_KU?$Hash@_K@23@UGetKey@?$HashMapBase@_KPAVPxBase@physx@@U?$Hash@_K@shdfnd@2@VAllocator@42@@internal@23@VAllocator@23@$00@internal@shdfnd@physx@@AAEXI@Z 1000ce60 f i CmCollection.obj
 0001:0000bee0       ?replaceWithLast@?$HashBase@V?$Pair@QAVPxBase@physx@@_K@shdfnd@physx@@PAVPxBase@3@U?$Hash@PAVPxBase@physx@@@23@UGetKey@?$HashMapBase@PAVPxBase@physx@@_KU?$Hash@PAVPxBase@physx@@@shdfnd@2@VAllocator@42@@internal@23@VAllocator@23@$00@internal@shdfnd@physx@@AAEXI@Z 1000cee0 f i CmCollection.obj
 0001:0000bf80       ?reserveInternal@?$HashBase@V?$Pair@$$CB_KPAVPxBase@physx@@@shdfnd@physx@@_KU?$Hash@_K@23@UGetKey@?$HashMapBase@_KPAVPxBase@physx@@U?$Hash@_K@shdfnd@2@VAllocator@42@@internal@23@VAllocator@23@$00@internal@shdfnd@physx@@AAEXI@Z 1000cf80 f i CmCollection.obj
 0001:0000c170       ?reserveInternal@?$HashBase@V?$Pair@QAVPxBase@physx@@_K@shdfnd@physx@@PAVPxBase@3@U?$Hash@PAVPxBase@physx@@@23@UGetKey@?$HashMapBase@PAVPxBase@physx@@_KU?$Hash@PAVPxBase@physx@@@shdfnd@2@VAllocator@42@@internal@23@VAllocator@23@$00@internal@shdfnd@physx@@AAEXI@Z 1000d170 f i CmCollection.obj
 0001:0000c2f0       ?getProfileNames@CmEventNameProvider@Cm@physx@@UBE?AUPxProfileNames@3@XZ 1000d2f0 f   CmEventProfiler.obj
 0001:0000c310       ?enableNVTXSupport@Cm@physx@@YAX_N@Z 1000d310 f   CmEventProfiler.obj
 0001:0000c320       ?isNVTXSupportEnabled@Cm@physx@@YA_NXZ 1000d320 f   CmEventProfiler.obj
 0001:0000c330       ?GetMBPPostUpdate@BroadPhase@ProfileEventId@Cm@physx@@SAABUPxProfileEventId@4@XZ 1000d330 f i CmEventProfiler.obj
 0001:0000c340       ?GetMBPPostUpdateSPU@BroadPhase@ProfileEventId@Cm@physx@@SAABUPxProfileEventId@4@XZ 1000d340 f i CmEventProfiler.obj
 0001:0000c350       ?GetMBPUpdate@BroadPhase@ProfileEventId@Cm@physx@@SAABUPxProfileEventId@4@XZ 1000d350 f i CmEventProfiler.obj
 0001:0000c360       ?GetMBPUpdateSPU@BroadPhase@ProfileEventId@Cm@physx@@SAABUPxProfileEventId@4@XZ 1000d360 f i CmEventProfiler.obj
 0001:0000c370       ?GetSapPostUpdate@BroadPhase@ProfileEventId@Cm@physx@@SAABUPxProfileEventId@4@XZ 1000d370 f i CmEventProfiler.obj
 0001:0000c380       ?GetSapPostUpdateSPU@BroadPhase@ProfileEventId@Cm@physx@@SAABUPxProfileEventId@4@XZ 1000d380 f i CmEventProfiler.obj
 0001:0000c390       ?GetSapUpdate@BroadPhase@ProfileEventId@Cm@physx@@SAABUPxProfileEventId@4@XZ 1000d390 f i CmEventProfiler.obj
 0001:0000c3a0       ?GetSapUpdateSPU@BroadPhase@ProfileEventId@Cm@physx@@SAABUPxProfileEventId@4@XZ 1000d3a0 f i CmEventProfiler.obj
 0001:0000c3b0       ?GetaddActor@API@ProfileEventId@Cm@physx@@SAABUPxProfileEventId@4@XZ 1000d3b0 f i CmEventProfiler.obj
 0001:0000c3c0       ?GetaddActorToSim@API@ProfileEventId@Cm@physx@@SAABUPxProfileEventId@4@XZ 1000d3c0 f i CmEventProfiler.obj
 0001:0000c3d0       ?GetaddActors@API@ProfileEventId@Cm@physx@@SAABUPxProfileEventId@4@XZ 1000d3d0 f i CmEventProfiler.obj
 0001:0000c3e0       ?GetaddAggregate@API@ProfileEventId@Cm@physx@@SAABUPxProfileEventId@4@XZ 1000d3e0 f i CmEventProfiler.obj
 0001:0000c3f0       ?GetaddArticulation@API@ProfileEventId@Cm@physx@@SAABUPxProfileEventId@4@XZ 1000d3f0 f i CmEventProfiler.obj
 0001:0000c400       ?GetaddCloth@API@ProfileEventId@Cm@physx@@SAABUPxProfileEventId@4@XZ 1000d400 f i CmEventProfiler.obj
 0001:0000c410       ?GetaddCollection@API@ProfileEventId@Cm@physx@@SAABUPxProfileEventId@4@XZ 1000d410 f i CmEventProfiler.obj
 0001:0000c420       ?GetaddParticleFluid@API@ProfileEventId@Cm@physx@@SAABUPxProfileEventId@4@XZ 1000d420 f i CmEventProfiler.obj
 0001:0000c430       ?GetaddParticleSystem@API@ProfileEventId@Cm@physx@@SAABUPxProfileEventId@4@XZ 1000d430 f i CmEventProfiler.obj
 0001:0000c440       ?GetaddShapesToSQ@API@ProfileEventId@Cm@physx@@SAABUPxProfileEventId@4@XZ 1000d440 f i CmEventProfiler.obj
 0001:0000c450       ?GetaddShapesToSim@API@ProfileEventId@Cm@physx@@SAABUPxProfileEventId@4@XZ 1000d450 f i CmEventProfiler.obj
 0001:0000c460       ?GetapplyExternalImpulses@Articulations@ProfileEventId@Cm@physx@@SAABUPxProfileEventId@4@XZ 1000d460 f i CmEventProfiler.obj
 0001:0000c470       ?GetapplyJointDrives@Articulations@ProfileEventId@Cm@physx@@SAABUPxProfileEventId@4@XZ 1000d470 f i CmEventProfiler.obj
 0001:0000c480       ?GetbroadPhase@Basic@ProfileEventId@Cm@physx@@SAABUPxProfileEventId@4@XZ 1000d480 f i CmEventProfiler.obj
 0001:0000c490       ?GetbrokenEdgeIslands@IslandGen@ProfileEventId@Cm@physx@@SAABUPxProfileEventId@4@XZ 1000d490 f i CmEventProfiler.obj
 0001:0000c4a0       ?GetbuildActiveTransforms@Sim@ProfileEventId@Cm@physx@@SAABUPxProfileEventId@4@XZ 1000d4a0 f i CmEventProfiler.obj
 0001:0000c4b0       ?GetccdBroadPhase@Sim@ProfileEventId@Cm@physx@@SAABUPxProfileEventId@4@XZ 1000d4b0 f i CmEventProfiler.obj
 0001:0000c4c0       ?GetccdBroadPhaseComplete@Sim@ProfileEventId@Cm@physx@@SAABUPxProfileEventId@4@XZ 1000d4c0 f i CmEventProfiler.obj
 0001:0000c4d0       ?GetccdIsland@Sim@ProfileEventId@Cm@physx@@SAABUPxProfileEventId@4@XZ 1000d4d0 f i CmEventProfiler.obj
 0001:0000c4e0       ?GetccdPair@Sim@ProfileEventId@Cm@physx@@SAABUPxProfileEventId@4@XZ 1000d4e0 f i CmEventProfiler.obj
 0001:0000c4f0       ?GetccdSweep@Sim@ProfileEventId@Cm@physx@@SAABUPxProfileEventId@4@XZ 1000d4f0 f i CmEventProfiler.obj
 0001:0000c500       ?GetccdSweepMerge@Sim@ProfileEventId@Cm@physx@@SAABUPxProfileEventId@4@XZ 1000d500 f i CmEventProfiler.obj
 0001:0000c510       ?GetcheckCollision@Basic@ProfileEventId@Cm@physx@@SAABUPxProfileEventId@4@XZ 1000d510 f i CmEventProfiler.obj
 0001:0000c520       ?GetcheckConstraintBreakage@Sim@ProfileEventId@Cm@physx@@SAABUPxProfileEventId@4@XZ 1000d520 f i CmEventProfiler.obj
 0001:0000c530       ?GetcheckResults@Basic@ProfileEventId@Cm@physx@@SAABUPxProfileEventId@4@XZ 1000d530 f i CmEventProfiler.obj
 0001:0000c540       ?GetcleanupEdgeEvents@IslandGen@ProfileEventId@Cm@physx@@SAABUPxProfileEventId@4@XZ 1000d540 f i CmEventProfiler.obj
 0001:0000c550       ?GetcollideQueueTasks@Sim@ProfileEventId@Cm@physx@@SAABUPxProfileEventId@4@XZ 1000d550 f i CmEventProfiler.obj
 0001:0000c560       ?Getcollision@Basic@ProfileEventId@Cm@physx@@SAABUPxProfileEventId@4@XZ 1000d560 f i CmEventProfiler.obj
 0001:0000c570       ?GetcomputeAABBUpdateLists@BroadPhase@ProfileEventId@Cm@physx@@SAABUPxProfileEventId@4@XZ 1000d570 f i CmEventProfiler.obj
 0001:0000c580       ?GetcomputeAggAggShapePairs@BroadPhase@ProfileEventId@Cm@physx@@SAABUPxProfileEventId@4@XZ 1000d580 f i CmEventProfiler.obj
 0001:0000c590       ?GetcomputeJointDrives@Articulations@ProfileEventId@Cm@physx@@SAABUPxProfileEventId@4@XZ 1000d590 f i CmEventProfiler.obj
 0001:0000c5a0       ?GetcorrelatePatches@Dynamics@ProfileEventId@Cm@physx@@SAABUPxProfileEventId@4@XZ 1000d5a0 f i CmEventProfiler.obj
 0001:0000c5b0       ?GetcreateBatchQuery@API@ProfileEventId@Cm@physx@@SAABUPxProfileEventId@4@XZ 1000d5b0 f i CmEventProfiler.obj
 0001:0000c5c0       ?GetcreateContactPatches@Dynamics@ProfileEventId@Cm@physx@@SAABUPxProfileEventId@4@XZ 1000d5c0 f i CmEventProfiler.obj
 0001:0000c5d0       ?GetcreateFinalize@Dynamics@ProfileEventId@Cm@physx@@SAABUPxProfileEventId@4@XZ 1000d5d0 f i CmEventProfiler.obj
 0001:0000c5e0       ?GetcreatePVDInstance@PVD@ProfileEventId@Cm@physx@@SAABUPxProfileEventId@4@XZ 1000d5e0 f i CmEventProfiler.obj
 0001:0000c5f0       ?GetcreatedNodes@IslandGen@ProfileEventId@Cm@physx@@SAABUPxProfileEventId@4@XZ 1000d5f0 f i CmEventProfiler.obj
 0001:0000c600       ?GetdeletedNodesEdges@IslandGen@ProfileEventId@Cm@physx@@SAABUPxProfileEventId@4@XZ 1000d600 f i CmEventProfiler.obj
 0001:0000c610       ?GetduplicateKinematicNodes@IslandGen@ProfileEventId@Cm@physx@@SAABUPxProfileEventId@4@XZ 1000d610 f i CmEventProfiler.obj
 0001:0000c620       ?Getdynamics@Basic@ProfileEventId@Cm@physx@@SAABUPxProfileEventId@4@XZ 1000d620 f i CmEventProfiler.obj
 0001:0000c630       ?GetemptyIslands@IslandGen@ProfileEventId@Cm@physx@@SAABUPxProfileEventId@4@XZ 1000d630 f i CmEventProfiler.obj
 0001:0000c640       ?GetendStep@ParticleSim@ProfileEventId@Cm@physx@@SAABUPxProfileEventId@4@XZ 1000d640 f i CmEventProfiler.obj
 0001:0000c650       ?Getexecute@BatchedSceneQuery@ProfileEventId@Cm@physx@@SAABUPxProfileEventId@4@XZ 1000d650 f i CmEventProfiler.obj
 0001:0000c660       ?GetfetchResults@Basic@ProfileEventId@Cm@physx@@SAABUPxProfileEventId@4@XZ 1000d660 f i CmEventProfiler.obj
 0001:0000c670       ?GetfetchResults@Sim@ProfileEventId@Cm@physx@@SAABUPxProfileEventId@4@XZ 1000d670 f i CmEventProfiler.obj
 0001:0000c680       ?GetfindAndReplaceWithLast@API@ProfileEventId@Cm@physx@@SAABUPxProfileEventId@4@XZ 1000d680 f i CmEventProfiler.obj
 0001:0000c690       ?Getfinish@BroadPhase@ProfileEventId@Cm@physx@@SAABUPxProfileEventId@4@XZ 1000d690 f i CmEventProfiler.obj
 0001:0000c6a0       ?GetfinishModifiablePairs@Sim@ProfileEventId@Cm@physx@@SAABUPxProfileEventId@4@XZ 1000d6a0 f i CmEventProfiler.obj
 0001:0000c6b0       ?GetfireCallBacksPostSync@Sim@ProfileEventId@Cm@physx@@SAABUPxProfileEventId@4@XZ 1000d6b0 f i CmEventProfiler.obj
 0001:0000c6c0       ?GetfireCallBacksPreSync@Sim@ProfileEventId@Cm@physx@@SAABUPxProfileEventId@4@XZ 1000d6c0 f i CmEventProfiler.obj
 0001:0000c6d0       ?GetfireCustomFilteringCallbacks@Sim@ProfileEventId@Cm@physx@@SAABUPxProfileEventId@4@XZ 1000d6d0 f i CmEventProfiler.obj
 0001:0000c6e0       ?GetflushQueryUpdates@API@ProfileEventId@Cm@physx@@SAABUPxProfileEventId@4@XZ 1000d6e0 f i CmEventProfiler.obj
 0001:0000c6f0       ?GetflushSimulation@API@ProfileEventId@Cm@physx@@SAABUPxProfileEventId@4@XZ 1000d6f0 f i CmEventProfiler.obj
 0001:0000c700       ?GetflushUpdates@SceneQuery@ProfileEventId@Cm@physx@@SAABUPxProfileEventId@4@XZ 1000d700 f i CmEventProfiler.obj
 0001:0000c710       ?GetforceDynamicTreeRebuild@API@ProfileEventId@Cm@physx@@SAABUPxProfileEventId@4@XZ 1000d710 f i CmEventProfiler.obj
 0001:0000c720       ?GetfreeBuffers@IslandGen@ProfileEventId@Cm@physx@@SAABUPxProfileEventId@4@XZ 1000d720 f i CmEventProfiler.obj
 0001:0000c730       ?GetgetFrictionPatch@Dynamics@ProfileEventId@Cm@physx@@SAABUPxProfileEventId@4@XZ 1000d730 f i CmEventProfiler.obj
 0001:0000c740       ?GetgetSimEvents@Sim@ProfileEventId@Cm@physx@@SAABUPxProfileEventId@4@XZ 1000d740 f i CmEventProfiler.obj
 0001:0000c750       ?GetgrowPatches@Dynamics@ProfileEventId@Cm@physx@@SAABUPxProfileEventId@4@XZ 1000d750 f i CmEventProfiler.obj
 0001:0000c760       ?Getintegrate@Articulations@ProfileEventId@Cm@physx@@SAABUPxProfileEventId@4@XZ 1000d760 f i CmEventProfiler.obj
 0001:0000c770       ?GetislandGen@Basic@ProfileEventId@Cm@physx@@SAABUPxProfileEventId@4@XZ 1000d770 f i CmEventProfiler.obj
 0001:0000c780       ?GetjoinedEdges@IslandGen@ProfileEventId@Cm@physx@@SAABUPxProfileEventId@4@XZ 1000d780 f i CmEventProfiler.obj
 0001:0000c790       ?GetjointLoads@Articulations@ProfileEventId@Cm@physx@@SAABUPxProfileEventId@4@XZ 1000d790 f i CmEventProfiler.obj
 0001:0000c7a0       ?GetnarrowPhase@Basic@ProfileEventId@Cm@physx@@SAABUPxProfileEventId@4@XZ 1000d7a0 f i CmEventProfiler.obj
 0001:0000c7b0       ?GetnarrowPhase@Sim@ProfileEventId@Cm@physx@@SAABUPxProfileEventId@4@XZ 1000d7b0 f i CmEventProfiler.obj
 0001:0000c7c0       ?GetnarrowPhaseMerge@Sim@ProfileEventId@Cm@physx@@SAABUPxProfileEventId@4@XZ 1000d7c0 f i CmEventProfiler.obj
 0001:0000c7d0       ?GetoriginShift@PVD@ProfileEventId@Cm@physx@@SAABUPxProfileEventId@4@XZ 1000d7d0 f i CmEventProfiler.obj
 0001:0000c7e0       ?GetoverlapMultiple@BatchedSceneQuery@ProfileEventId@Cm@physx@@SAABUPxProfileEventId@4@XZ 1000d7e0 f i CmEventProfiler.obj
 0001:0000c7f0       ?GetoverlapMultiple@SceneQuery@ProfileEventId@Cm@physx@@SAABUPxProfileEventId@4@XZ 1000d7f0 f i CmEventProfiler.obj
 0001:0000c800       ?GetparallelSolve@Dynamics@ProfileEventId@Cm@physx@@SAABUPxProfileEventId@4@XZ 1000d800 f i CmEventProfiler.obj
 0001:0000c810       ?GetpostIslandGenSecondPass@Sim@ProfileEventId@Cm@physx@@SAABUPxProfileEventId@4@XZ 1000d810 f i CmEventProfiler.obj
 0001:0000c820       ?GetpreIslandGen@Sim@ProfileEventId@Cm@physx@@SAABUPxProfileEventId@4@XZ 1000d820 f i CmEventProfiler.obj
 0001:0000c830       ?GetpreIslandGenSecondPass@Sim@ProfileEventId@Cm@physx@@SAABUPxProfileEventId@4@XZ 1000d830 f i CmEventProfiler.obj
 0001:0000c840       ?GetprepareDataBlock@Articulations@ProfileEventId@Cm@physx@@SAABUPxProfileEventId@4@XZ 1000d840 f i CmEventProfiler.obj
 0001:0000c850       ?GetprepareFsData@Articulations@ProfileEventId@Cm@physx@@SAABUPxProfileEventId@4@XZ 1000d850 f i CmEventProfiler.obj
 0001:0000c860       ?GetprocessBPResults@BroadPhase@ProfileEventId@Cm@physx@@SAABUPxProfileEventId@4@XZ 1000d860 f i CmEventProfiler.obj
 0001:0000c870       ?GetprocessLostOverlaps@Sim@ProfileEventId@Cm@physx@@SAABUPxProfileEventId@4@XZ 1000d870 f i CmEventProfiler.obj
 0001:0000c880       ?GetprocessNewOverlaps@Sim@ProfileEventId@Cm@physx@@SAABUPxProfileEventId@4@XZ 1000d880 f i CmEventProfiler.obj
 0001:0000c890       ?GetprocessSleepingIslands@IslandGen@ProfileEventId@Cm@physx@@SAABUPxProfileEventId@4@XZ 1000d890 f i CmEventProfiler.obj
 0001:0000c8a0       ?GetprocessTriggers@Sim@ProfileEventId@Cm@physx@@SAABUPxProfileEventId@4@XZ 1000d8a0 f i CmEventProfiler.obj
 0001:0000c8b0       ?GetprojectConstraints@Sim@ProfileEventId@Cm@physx@@SAABUPxProfileEventId@4@XZ 1000d8b0 f i CmEventProfiler.obj
 0001:0000c8c0       ?GetprojectContacts@Sim@ProfileEventId@Cm@physx@@SAABUPxProfileEventId@4@XZ 1000d8c0 f i CmEventProfiler.obj
 0001:0000c8d0       ?GetprojectionTreeUpdates@Sim@ProfileEventId@Cm@physx@@SAABUPxProfileEventId@4@XZ 1000d8d0 f i CmEventProfiler.obj
 0001:0000c8e0       ?GetpropagateDrivenInertia@Articulations@ProfileEventId@Cm@physx@@SAABUPxProfileEventId@4@XZ 1000d8e0 f i CmEventProfiler.obj
 0001:0000c8f0       ?GetpvdFrameStart@Basic@ProfileEventId@Cm@physx@@SAABUPxProfileEventId@4@XZ 1000d8f0 f i CmEventProfiler.obj
 0001:0000c900       ?GetqueueNarrowPhase@Sim@ProfileEventId@Cm@physx@@SAABUPxProfileEventId@4@XZ 1000d900 f i CmEventProfiler.obj
 0001:0000c910       ?GetraycastAny@BatchedSceneQuery@ProfileEventId@Cm@physx@@SAABUPxProfileEventId@4@XZ 1000d910 f i CmEventProfiler.obj
 0001:0000c920       ?GetraycastAny@SceneQuery@ProfileEventId@Cm@physx@@SAABUPxProfileEventId@4@XZ 1000d920 f i CmEventProfiler.obj
 0001:0000c930       ?GetraycastMultiple@BatchedSceneQuery@ProfileEventId@Cm@physx@@SAABUPxProfileEventId@4@XZ 1000d930 f i CmEventProfiler.obj
 0001:0000c940       ?GetraycastMultiple@SceneQuery@ProfileEventId@Cm@physx@@SAABUPxProfileEventId@4@XZ 1000d940 f i CmEventProfiler.obj
 0001:0000c950       ?GetraycastSingle@BatchedSceneQuery@ProfileEventId@Cm@physx@@SAABUPxProfileEventId@4@XZ 1000d950 f i CmEventProfiler.obj
 0001:0000c960       ?GetraycastSingle@SceneQuery@ProfileEventId@Cm@physx@@SAABUPxProfileEventId@4@XZ 1000d960 f i CmEventProfiler.obj
 0001:0000c970       ?GetreleaseBatchQuery@API@ProfileEventId@Cm@physx@@SAABUPxProfileEventId@4@XZ 1000d970 f i CmEventProfiler.obj
 0001:0000c980       ?GetreleasePVDInstance@PVD@ProfileEventId@Cm@physx@@SAABUPxProfileEventId@4@XZ 1000d980 f i CmEventProfiler.obj
 0001:0000c990       ?GetremoveActor@API@ProfileEventId@Cm@physx@@SAABUPxProfileEventId@4@XZ 1000d990 f i CmEventProfiler.obj
 0001:0000c9a0       ?GetremoveActorFromSim@API@ProfileEventId@Cm@physx@@SAABUPxProfileEventId@4@XZ 1000d9a0 f i CmEventProfiler.obj
 0001:0000c9b0       ?GetremoveActors@API@ProfileEventId@Cm@physx@@SAABUPxProfileEventId@4@XZ 1000d9b0 f i CmEventProfiler.obj
 0001:0000c9c0       ?GetremoveAggregate@API@ProfileEventId@Cm@physx@@SAABUPxProfileEventId@4@XZ 1000d9c0 f i CmEventProfiler.obj
 0001:0000c9d0       ?GetremoveArticulation@API@ProfileEventId@Cm@physx@@SAABUPxProfileEventId@4@XZ 1000d9d0 f i CmEventProfiler.obj
 0001:0000c9e0       ?GetremoveCloth@API@ProfileEventId@Cm@physx@@SAABUPxProfileEventId@4@XZ 1000d9e0 f i CmEventProfiler.obj
 0001:0000c9f0       ?GetremoveParticleFluid@API@ProfileEventId@Cm@physx@@SAABUPxProfileEventId@4@XZ 1000d9f0 f i CmEventProfiler.obj
 0001:0000ca00       ?GetremoveParticleSystem@API@ProfileEventId@Cm@physx@@SAABUPxProfileEventId@4@XZ 1000da00 f i CmEventProfiler.obj
 0001:0000ca10       ?GetremoveShapesFromSQ@API@ProfileEventId@Cm@physx@@SAABUPxProfileEventId@4@XZ 1000da10 f i CmEventProfiler.obj
 0001:0000ca20       ?GetremoveShapesFromSim@API@ProfileEventId@Cm@physx@@SAABUPxProfileEventId@4@XZ 1000da20 f i CmEventProfiler.obj
 0001:0000ca30       ?GetresetDependencies@Sim@ProfileEventId@Cm@physx@@SAABUPxProfileEventId@4@XZ 1000da30 f i CmEventProfiler.obj
 0001:0000ca40       ?GetresizeArrays@IslandGen@ProfileEventId@Cm@physx@@SAABUPxProfileEventId@4@XZ 1000da40 f i CmEventProfiler.obj
 0001:0000ca50       ?GetresizeForKinematics@IslandGen@ProfileEventId@Cm@physx@@SAABUPxProfileEventId@4@XZ 1000da50 f i CmEventProfiler.obj
 0001:0000ca60       ?GetrigidBodySolver@Basic@ProfileEventId@Cm@physx@@SAABUPxProfileEventId@4@XZ 1000da60 f i CmEventProfiler.obj
 0001:0000ca70       ?GetsceneFinalization@Sim@ProfileEventId@Cm@physx@@SAABUPxProfileEventId@4@XZ 1000da70 f i CmEventProfiler.obj
 0001:0000ca80       ?GetsceneUpdate@PVD@ProfileEventId@Cm@physx@@SAABUPxProfileEventId@4@XZ 1000da80 f i CmEventProfiler.obj
 0001:0000ca90       ?GetsendPVDArrays@PVD@ProfileEventId@Cm@physx@@SAABUPxProfileEventId@4@XZ 1000da90 f i CmEventProfiler.obj
 0001:0000caa0       ?GetsetupConstraints@Articulations@ProfileEventId@Cm@physx@@SAABUPxProfileEventId@4@XZ 1000daa0 f i CmEventProfiler.obj
 0001:0000cab0       ?GetsetupDrives@Articulations@ProfileEventId@Cm@physx@@SAABUPxProfileEventId@4@XZ 1000dab0 f i CmEventProfiler.obj
 0001:0000cac0       ?GetsetupFinalize@Dynamics@ProfileEventId@Cm@physx@@SAABUPxProfileEventId@4@XZ 1000dac0 f i CmEventProfiler.obj
 0001:0000cad0       ?GetsetupProject@Articulations@ProfileEventId@Cm@physx@@SAABUPxProfileEventId@4@XZ 1000dad0 f i CmEventProfiler.obj
 0001:0000cae0       ?GetshapesUpdateProcessing@ParticleSim@ProfileEventId@Cm@physx@@SAABUPxProfileEventId@4@XZ 1000dae0 f i CmEventProfiler.obj
 0001:0000caf0       ?GetshiftOrigin@API@ProfileEventId@Cm@physx@@SAABUPxProfileEventId@4@XZ 1000daf0 f i CmEventProfiler.obj
 0001:0000cb00       ?GetsimAddShapeToBroadPhase@API@ProfileEventId@Cm@physx@@SAABUPxProfileEventId@4@XZ 1000db00 f i CmEventProfiler.obj
 0001:0000cb10       ?Getsimulate@Basic@ProfileEventId@Cm@physx@@SAABUPxProfileEventId@4@XZ 1000db10 f i CmEventProfiler.obj
 0001:0000cb20       ?GetsolveGroup@Dynamics@ProfileEventId@Cm@physx@@SAABUPxProfileEventId@4@XZ 1000db20 f i CmEventProfiler.obj
 0001:0000cb30       ?GetsolveQueueTasks@Sim@ProfileEventId@Cm@physx@@SAABUPxProfileEventId@4@XZ 1000db30 f i CmEventProfiler.obj
 0001:0000cb40       ?Getsolver@Dynamics@ProfileEventId@Cm@physx@@SAABUPxProfileEventId@4@XZ 1000db40 f i CmEventProfiler.obj
 0001:0000cb50       ?GetsolverMergeResults@Dynamics@ProfileEventId@Cm@physx@@SAABUPxProfileEventId@4@XZ 1000db50 f i CmEventProfiler.obj
 0001:0000cb60       ?GetsolverQueueTasks@Dynamics@ProfileEventId@Cm@physx@@SAABUPxProfileEventId@4@XZ 1000db60 f i CmEventProfiler.obj
 0001:0000cb70       ?GetstartStep@ParticleSim@ProfileEventId@Cm@physx@@SAABUPxProfileEventId@4@XZ 1000db70 f i CmEventProfiler.obj
 0001:0000cb80       ?GetstepSetupCollide@Sim@ProfileEventId@Cm@physx@@SAABUPxProfileEventId@4@XZ 1000db80 f i CmEventProfiler.obj
 0001:0000cb90       ?GetstepSetupSimulate@Sim@ProfileEventId@Cm@physx@@SAABUPxProfileEventId@4@XZ 1000db90 f i CmEventProfiler.obj
 0001:0000cba0       ?GetstepSetupSolve@Sim@ProfileEventId@Cm@physx@@SAABUPxProfileEventId@4@XZ 1000dba0 f i CmEventProfiler.obj
 0001:0000cbb0       ?GetsweepAny@SceneQuery@ProfileEventId@Cm@physx@@SAABUPxProfileEventId@4@XZ 1000dbb0 f i CmEventProfiler.obj
 0001:0000cbc0       ?GetsweepAnyList@SceneQuery@ProfileEventId@Cm@physx@@SAABUPxProfileEventId@4@XZ 1000dbc0 f i CmEventProfiler.obj
 0001:0000cbd0       ?GetsweepMultiple@BatchedSceneQuery@ProfileEventId@Cm@physx@@SAABUPxProfileEventId@4@XZ 1000dbd0 f i CmEventProfiler.obj
 0001:0000cbe0       ?GetsweepMultiple@SceneQuery@ProfileEventId@Cm@physx@@SAABUPxProfileEventId@4@XZ 1000dbe0 f i CmEventProfiler.obj
 0001:0000cbf0       ?GetsweepMultipleList@SceneQuery@ProfileEventId@Cm@physx@@SAABUPxProfileEventId@4@XZ 1000dbf0 f i CmEventProfiler.obj
 0001:0000cc00       ?GetsweepSingle@BatchedSceneQuery@ProfileEventId@Cm@physx@@SAABUPxProfileEventId@4@XZ 1000dc00 f i CmEventProfiler.obj
 0001:0000cc10       ?GetsweepSingle@SceneQuery@ProfileEventId@Cm@physx@@SAABUPxProfileEventId@4@XZ 1000dc10 f i CmEventProfiler.obj
 0001:0000cc20       ?GetsweepSingleList@SceneQuery@ProfileEventId@Cm@physx@@SAABUPxProfileEventId@4@XZ 1000dc20 f i CmEventProfiler.obj
 0001:0000cc30       ?GetsyncBodiesAfterIntegration@Sim@ProfileEventId@Cm@physx@@SAABUPxProfileEventId@4@XZ 1000dc30 f i CmEventProfiler.obj
 0001:0000cc40       ?GetsyncBodiesAfterSolver@Sim@ProfileEventId@Cm@physx@@SAABUPxProfileEventId@4@XZ 1000dc40 f i CmEventProfiler.obj
 0001:0000cc50       ?GetsyncState@Sim@ProfileEventId@Cm@physx@@SAABUPxProfileEventId@4@XZ 1000dc50 f i CmEventProfiler.obj
 0001:0000cc60       ?GettaskFrameworkSetup@Sim@ProfileEventId@Cm@physx@@SAABUPxProfileEventId@4@XZ 1000dc60 f i CmEventProfiler.obj
 0001:0000cc70       ?GetupdateAggAABBs@BroadPhase@ProfileEventId@Cm@physx@@SAABUPxProfileEventId@4@XZ 1000dc70 f i CmEventProfiler.obj
 0001:0000cc80       ?GetupdateAggLocalSpaceBounds@BroadPhase@ProfileEventId@Cm@physx@@SAABUPxProfileEventId@4@XZ 1000dc80 f i CmEventProfiler.obj
 0001:0000cc90       ?GetupdateBroadphase@BroadPhase@ProfileEventId@Cm@physx@@SAABUPxProfileEventId@4@XZ 1000dc90 f i CmEventProfiler.obj
 0001:0000cca0       ?GetupdateCCDMultiPass@Sim@ProfileEventId@Cm@physx@@SAABUPxProfileEventId@4@XZ 1000dca0 f i CmEventProfiler.obj
 0001:0000ccb0       ?GetupdateCCDSinglePass@Sim@ProfileEventId@Cm@physx@@SAABUPxProfileEventId@4@XZ 1000dcb0 f i CmEventProfiler.obj
 0001:0000ccc0       ?GetupdateCloths@PVD@ProfileEventId@Cm@physx@@SAABUPxProfileEventId@4@XZ 1000dcc0 f i CmEventProfiler.obj
 0001:0000ccd0       ?GetupdateCollision@ParticleSim@ProfileEventId@Cm@physx@@SAABUPxProfileEventId@4@XZ 1000dcd0 f i CmEventProfiler.obj
 0001:0000cce0       ?GetupdateContacts@PVD@ProfileEventId@Cm@physx@@SAABUPxProfileEventId@4@XZ 1000dce0 f i CmEventProfiler.obj
 0001:0000ccf0       ?GetupdateDirtyShaders@Sim@ProfileEventId@Cm@physx@@SAABUPxProfileEventId@4@XZ 1000dcf0 f i CmEventProfiler.obj
 0001:0000cd00       ?GetupdateDynamicBodies@PVD@ProfileEventId@Cm@physx@@SAABUPxProfileEventId@4@XZ 1000dd00 f i CmEventProfiler.obj
 0001:0000cd10       ?GetupdateForces@Sim@ProfileEventId@Cm@physx@@SAABUPxProfileEventId@4@XZ 1000dd10 f i CmEventProfiler.obj
 0001:0000cd20       ?GetupdateIslands@Sim@ProfileEventId@Cm@physx@@SAABUPxProfileEventId@4@XZ 1000dd20 f i CmEventProfiler.obj
 0001:0000cd30       ?GetupdateIslandsSecondPass@Sim@ProfileEventId@Cm@physx@@SAABUPxProfileEventId@4@XZ 1000dd30 f i CmEventProfiler.obj
 0001:0000cd40       ?GetupdateJoints@PVD@ProfileEventId@Cm@physx@@SAABUPxProfileEventId@4@XZ 1000dd40 f i CmEventProfiler.obj
 0001:0000cd50       ?GetupdateKinematics@Dynamics@ProfileEventId@Cm@physx@@SAABUPxProfileEventId@4@XZ 1000dd50 f i CmEventProfiler.obj
 0001:0000cd60       ?GetupdateLazyAggShapeAABBs@BroadPhase@ProfileEventId@Cm@physx@@SAABUPxProfileEventId@4@XZ 1000dd60 f i CmEventProfiler.obj
 0001:0000cd70       ?GetupdatePVDProperties@PVD@ProfileEventId@Cm@physx@@SAABUPxProfileEventId@4@XZ 1000dd70 f i CmEventProfiler.obj
 0001:0000cd80       ?GetupdatePariclesAndFluids@PVD@ProfileEventId@Cm@physx@@SAABUPxProfileEventId@4@XZ 1000dd80 f i CmEventProfiler.obj
 0001:0000cd90       ?GetupdatePositions@Dynamics@ProfileEventId@Cm@physx@@SAABUPxProfileEventId@4@XZ 1000dd90 f i CmEventProfiler.obj
 0001:0000cda0       ?GetupdatePruningTrees@Sim@ProfileEventId@Cm@physx@@SAABUPxProfileEventId@4@XZ 1000dda0 f i CmEventProfiler.obj
 0001:0000cdb0       ?GetupdateShapeAABBs@BroadPhase@ProfileEventId@Cm@physx@@SAABUPxProfileEventId@4@XZ 1000ddb0 f i CmEventProfiler.obj
 0001:0000cdc0       ?GetupdateSleeping@PVD@ProfileEventId@Cm@physx@@SAABUPxProfileEventId@4@XZ 1000ddc0 f i CmEventProfiler.obj
 0001:0000cdd0       ?GetupdateVelocities@Dynamics@ProfileEventId@Cm@physx@@SAABUPxProfileEventId@4@XZ 1000ddd0 f i CmEventProfiler.obj
 0001:0000cde0       ?GetvisualizeEndStep@Sim@ProfileEventId@Cm@physx@@SAABUPxProfileEventId@4@XZ 1000dde0 f i CmEventProfiler.obj
 0001:0000cdf0       ?GetvisualizeStartStep@Sim@ProfileEventId@Cm@physx@@SAABUPxProfileEventId@4@XZ 1000ddf0 f i CmEventProfiler.obj
 0001:0000ce00       ?dumpFreeListAllocatorState@Cm@physx@@YAXAAVFreeListAllocator@12@@Z 1000de00 f   CmFreeListAllocator.obj
 0001:0000cee0       ??0FreeListAllocator@Cm@physx@@QAE@AAVPxAllocatorCallback@2@@Z 1000dee0 f   CmFreeListAllocator.obj
 0001:0000cf70       ??1FreeListAllocator@Cm@physx@@UAE@XZ 1000df70 f   CmFreeListAllocator.obj
 0001:0000cff0       ?getQWSize@FreeListAllocator@Cm@physx@@SAII@Z 1000dff0 f   CmFreeListAllocator.obj
 0001:0000d010       ?allocate@FreeListAllocator@Cm@physx@@UAEPAXIPBD0H@Z 1000e010 f   CmFreeListAllocator.obj
 0001:0000d090       ?deallocate@FreeListAllocator@Cm@physx@@UAEXPAX@Z 1000e090 f   CmFreeListAllocator.obj
 0001:0000d0e0       ?findBestFit@FreeListAllocator@Cm@physx@@AAEPAVChunk@23@IAAI@Z 1000e0e0 f   CmFreeListAllocator.obj
 0001:0000d160       ?pushOnFreeList@FreeListAllocator@Cm@physx@@AAEXPAVChunk@23@I@Z 1000e160 f   CmFreeListAllocator.obj
 0001:0000d1c0       ?popFromFreeList@FreeListAllocator@Cm@physx@@AAEPAVChunk@23@I@Z 1000e1c0 f   CmFreeListAllocator.obj
 0001:0000d240       ?unlinkFromFreeList@FreeListAllocator@Cm@physx@@AAEXPAVChunk@23@@Z 1000e240 f   CmFreeListAllocator.obj
 0001:0000d2c0       ?allocChunk@FreeListAllocator@Cm@physx@@AAEPAXI@Z 1000e2c0 f   CmFreeListAllocator.obj
 0001:0000d3b0       ?freeChunk@FreeListAllocator@Cm@physx@@AAEXPAVChunk@23@@Z 1000e3b0 f   CmFreeListAllocator.obj
 0001:0000d550       ?directAlloc@FreeListAllocator@Cm@physx@@AAEPAXI@Z 1000e550 f   CmFreeListAllocator.obj
 0001:0000d580       ?directFree@FreeListAllocator@Cm@physx@@AAEXPAX@Z 1000e580 f   CmFreeListAllocator.obj
 0001:0000d5a0       ?createFreeListAllocator@Cm@physx@@YAPAVFreeListAllocator@12@AAVPxAllocatorCallback@2@@Z 1000e5a0 f   CmFreeListAllocator.obj
 0001:0000d5e0       ?destroyFreeListAllocator@Cm@physx@@YAXAAVFreeListAllocator@12@@Z 1000e5e0 f   CmFreeListAllocator.obj
 0001:0000d600       ??$addAddr@VBlock@Cm@physx@@@Cm@physx@@YAPAVBlock@01@PAV201@H@Z 1000e600 f i CmFreeListAllocator.obj
 0001:0000d610       ??$addAddr@VChunk@Cm@physx@@@Cm@physx@@YAPAVChunk@01@PAV201@H@Z 1000e610 f i CmFreeListAllocator.obj
 0001:0000d620       ??$addAddr@X@Cm@physx@@YAPAXPAXH@Z 1000e620 f i CmFreeListAllocator.obj
 0001:0000d630       ??_EFreeListAllocator@Cm@physx@@UAEPAXI@Z 1000e630 f i CmFreeListAllocator.obj
 0001:0000d630       ??_GFreeListAllocator@Cm@physx@@UAEPAXI@Z 1000e630 f i CmFreeListAllocator.obj
 0001:0000d660       ?split@Chunk@Cm@physx@@QAEPAV123@I@Z 1000e660 f i CmFreeListAllocator.obj
 0001:0000d6d0       _printf                    1000e6d0 f i CmFreeListAllocator.obj
 0001:0000d700       ?PxShortestRotation@physx@@YA?AVPxQuat@1@ABVPxVec3@1@0@Z 1000e700 f   CmMathUtils.obj
 0001:0000d880       ?PxTransformFromPlaneEquation@physx@@YA?AVPxTransform@1@ABVPxPlane@1@@Z 1000e880 f   CmMathUtils.obj
 0001:0000da30       ?PxTransformFromSegment@physx@@YA?AVPxTransform@1@ABVPxVec3@1@0PAM@Z 1000ea30 f   CmMathUtils.obj
 0001:0000db70       ?PxDiagonalize@physx@@YA?AVPxVec3@1@ABVPxMat33@1@AAVPxQuat@1@@Z 1000eb70 f   CmMathUtils.obj
 0001:0000e360       ??0PtrTable@Cm@physx@@QAE@XZ 1000f360 f   CmPtrTable.obj
 0001:0000e370       ??1PtrTable@Cm@physx@@QAE@XZ 1000f370 f   CmPtrTable.obj
 0001:0000e380       ?add@PtrTable@Cm@physx@@QAEXPAXAAVPtrTableStorageManager@23@@Z 1000f380 f   CmPtrTable.obj
 0001:0000e430       ?replaceWithLast@PtrTable@Cm@physx@@QAEXIAAVPtrTableStorageManager@23@@Z 1000f430 f   CmPtrTable.obj
 0001:0000e500       ?clear@PtrTable@Cm@physx@@QAEXAAVPtrTableStorageManager@23@@Z 1000f500 f   CmPtrTable.obj
 0001:0000e570       ?find@PtrTable@Cm@physx@@QBEIPBX@Z 1000f570 f   CmPtrTable.obj
 0001:0000e5b0       ?exportExtraData@PtrTable@Cm@physx@@QAEXAAVPxSerializationContext@3@@Z 1000f5b0 f   CmPtrTable.obj
 0001:0000e5f0       ?importExtraData@PtrTable@Cm@physx@@QAEXAAVPxDeserializationContext@3@@Z 1000f5f0 f   CmPtrTable.obj
 0001:0000e620       ?getBinaryMetaData@PtrTable@Cm@physx@@SAXAAVPxOutputStream@3@@Z 1000f620 f   CmPtrTable.obj
 0001:0000e7d0       ?realloc@PtrTable@Cm@physx@@AAEXIIAAVPtrTableStorageManager@23@@Z 1000f7d0 f   CmPtrTable.obj
 0001:0000e840       ??0PtrTable@Cm@physx@@QAE@ABW4PxEMPTY@2@@Z 1000f840 f i CmPtrTable.obj
 0001:0000e860       ??4PtrTable@Cm@physx@@QAEAAU012@ABU012@@Z 1000f860 f i CmPtrTable.obj
 0001:0000e880       ?getCount@PtrTable@Cm@physx@@QBEIXZ 1000f880 f i CmPtrTable.obj
 0001:0000e890       ?getPtrs@PtrTable@Cm@physx@@QAEPAPAXXZ 1000f890 f i CmPtrTable.obj
 0001:0000e8a0       ?getPtrs@PtrTable@Cm@physx@@QBEPBQAXXZ 1000f8a0 f i CmPtrTable.obj
 0001:0000e8b0       ??6RenderOutput@Cm@physx@@QAEAAV012@W4Primitive@012@@Z 1000f8b0 f   CmRenderOutput.obj
 0001:0000e8d0       ??6RenderOutput@Cm@physx@@QAEAAV012@I@Z 1000f8d0 f   CmRenderOutput.obj
 0001:0000e8e0       ??6RenderOutput@Cm@physx@@QAEAAV012@ABVPxMat44@2@@Z 1000f8e0 f   CmRenderOutput.obj
 0001:0000e900       ??6RenderOutput@Cm@physx@@QAEAAV012@ABVPxTransform@2@@Z 1000f900 f   CmRenderOutput.obj
 0001:0000e930       ??6RenderOutput@Cm@physx@@QAEAAV012@VPxVec3@2@@Z 1000f930 f   CmRenderOutput.obj
 0001:0000ec90       ??6RenderOutput@Cm@physx@@QAEAAV012@ABUDebugText@12@@Z 1000fc90 f   CmRenderOutput.obj
 0001:0000ee80       ?outputCapsule@RenderOutput@Cm@physx@@QAEAAV123@MMABVMatrix34@23@@Z 1000fe80 f   CmRenderOutput.obj
 0001:0000fb10       ??0DebugText@Cm@physx@@QAA@ABVPxVec3@2@MPBDZZ 10010b10 f   CmRenderOutput.obj
 0001:0000fb80       ??6Cm@physx@@YAAAVRenderOutput@01@AAV201@ABUDebugBox@01@@Z 10010b80 f   CmRenderOutput.obj
 0001:0000ffd0       ??6Cm@physx@@YAAAVRenderOutput@01@AAV201@ABUDebugArrow@01@@Z 10010fd0 f   CmRenderOutput.obj
 0001:00010390       ??6Cm@physx@@YAAAVRenderOutput@01@AAV201@ABUDebugBasis@01@@Z 10011390 f   CmRenderOutput.obj
 0001:00010490       ??6Cm@physx@@YAAAVRenderOutput@01@AAV201@ABUDebugCircle@01@@Z 10011490 f   CmRenderOutput.obj
 0001:00010580       ??6Cm@physx@@YAAAVRenderOutput@01@AAV201@ABUDebugArc@01@@Z 10011580 f   CmRenderOutput.obj
 0001:00010680       ??0DebugText@Cm@physx@@QAE@$$QAU012@@Z 10011680 f i CmRenderOutput.obj
 0001:000106d0       ??0DebugText@Cm@physx@@QAE@ABU012@@Z 100116d0 f i CmRenderOutput.obj
 0001:00010720       ??0PxDebugLine@physx@@QAE@ABU01@@Z 10011720 f i CmRenderOutput.obj
 0001:00010760       ??0PxDebugLine@physx@@QAE@ABVPxVec3@1@0ABI@Z 10011760 f i CmRenderOutput.obj
 0001:000107b0       ??0PxDebugTriangle@physx@@QAE@ABU01@@Z 100117b0 f i CmRenderOutput.obj
 0001:00010810       ??0PxDebugTriangle@physx@@QAE@ABVPxVec3@1@00ABI@Z 10011810 f i CmRenderOutput.obj
 0001:00010870       ??0PxMat44@physx@@QAE@ABV01@@Z 10011870 f i CmRenderOutput.obj
 0001:000108e0       ??0PxMat44@physx@@QAE@ABVPxTransform@1@@Z 100118e0 f i CmRenderOutput.obj
 0001:00010a70       ??0PxMat44@physx@@QAE@W4PxIDENTITY@1@@Z 10011a70 f i CmRenderOutput.obj
 0001:00010af0       ??0RenderOutput@Cm@physx@@QAE@AAVRenderBuffer@12@@Z 10011af0 f i CmRenderOutput.obj
 0001:00010b50       ??0RenderOutput@Cm@physx@@QAE@ABV012@@Z 10011b50 f i CmRenderOutput.obj
 0001:00010bb0       ??4DebugText@Cm@physx@@QAEAAU012@$$QAU012@@Z 10011bb0 f i CmRenderOutput.obj
 0001:00010c10       ??4DebugText@Cm@physx@@QAEAAU012@ABU012@@Z 10011c10 f i CmRenderOutput.obj
 0001:00010c70       ??4PxMat44@physx@@QAEABV01@ABV01@@Z 10011c70 f i CmRenderOutput.obj
 0001:00010ce0       ?allocate@?$Array@UPxDebugLine@physx@@V?$ReflectionAllocator@UPxDebugLine@physx@@@shdfnd@2@@shdfnd@physx@@IAEPAUPxDebugLine@3@I@Z 10011ce0 f i CmRenderOutput.obj
 0001:00010d50       ?allocate@?$Array@UPxDebugPoint@physx@@V?$ReflectionAllocator@UPxDebugPoint@physx@@@shdfnd@2@@shdfnd@physx@@IAEPAUPxDebugPoint@3@I@Z 10011d50 f i CmRenderOutput.obj
 0001:00010dc0       ?allocate@?$Array@UPxDebugText@physx@@V?$ReflectionAllocator@UPxDebugText@physx@@@shdfnd@2@@shdfnd@physx@@IAEPAUPxDebugText@3@I@Z 10011dc0 f i CmRenderOutput.obj
 0001:00010e30       ?allocate@?$Array@UPxDebugTriangle@physx@@V?$ReflectionAllocator@UPxDebugTriangle@physx@@@shdfnd@2@@shdfnd@physx@@IAEPAUPxDebugTriangle@3@I@Z 10011e30 f i CmRenderOutput.obj
 0001:00010ea0       ?copy@?$Array@UPxDebugLine@physx@@V?$ReflectionAllocator@UPxDebugLine@physx@@@shdfnd@2@@shdfnd@physx@@KAXPAUPxDebugLine@3@0PBU43@@Z 10011ea0 f i CmRenderOutput.obj
 0001:00010f10       ?copy@?$Array@UPxDebugPoint@physx@@V?$ReflectionAllocator@UPxDebugPoint@physx@@@shdfnd@2@@shdfnd@physx@@KAXPAUPxDebugPoint@3@0PBU43@@Z 10011f10 f i CmRenderOutput.obj
 0001:00010f60       ?copy@?$Array@UPxDebugText@physx@@V?$ReflectionAllocator@UPxDebugText@physx@@@shdfnd@2@@shdfnd@physx@@KAXPAUPxDebugText@3@0PBU43@@Z 10011f60 f i CmRenderOutput.obj
 0001:00010fc0       ?copy@?$Array@UPxDebugTriangle@physx@@V?$ReflectionAllocator@UPxDebugTriangle@physx@@@shdfnd@2@@shdfnd@physx@@KAXPAUPxDebugTriangle@3@0PBU43@@Z 10011fc0 f i CmRenderOutput.obj
 0001:00011040       ?growAndPushBack@?$Array@DV?$ReflectionAllocator@D@shdfnd@physx@@@shdfnd@physx@@IAEAADABD@Z 10012040 f i CmRenderOutput.obj
 0001:00011120       ?growAndPushBack@?$Array@UPxDebugLine@physx@@V?$ReflectionAllocator@UPxDebugLine@physx@@@shdfnd@2@@shdfnd@physx@@IAEAAUPxDebugLine@3@ABU43@@Z 10012120 f i CmRenderOutput.obj
 0001:000111d0       ?growAndPushBack@?$Array@UPxDebugPoint@physx@@V?$ReflectionAllocator@UPxDebugPoint@physx@@@shdfnd@2@@shdfnd@physx@@IAEAAUPxDebugPoint@3@ABU43@@Z 100121d0 f i CmRenderOutput.obj
 0001:00011270       ?growAndPushBack@?$Array@UPxDebugText@physx@@V?$ReflectionAllocator@UPxDebugText@physx@@@shdfnd@2@@shdfnd@physx@@IAEAAUPxDebugText@3@ABU43@@Z 10012270 f i CmRenderOutput.obj
 0001:00011320       ?growAndPushBack@?$Array@UPxDebugTriangle@physx@@V?$ReflectionAllocator@UPxDebugTriangle@physx@@@shdfnd@2@@shdfnd@physx@@IAEAAUPxDebugTriangle@3@ABU43@@Z 10012320 f i CmRenderOutput.obj
 0001:000113f0       ?outputSegment@RenderOutput@Cm@physx@@QAEXABVPxVec3@3@0@Z 100123f0 f i CmRenderOutput.obj
 0001:000114a0       ?recreate@?$Array@DV?$ReflectionAllocator@D@shdfnd@physx@@@shdfnd@physx@@IAEXI@Z 100124a0 f i CmRenderOutput.obj
 0001:00011550       ?recreate@?$Array@UPxDebugLine@physx@@V?$ReflectionAllocator@UPxDebugLine@physx@@@shdfnd@2@@shdfnd@physx@@IAEXI@Z 10012550 f i CmRenderOutput.obj
 0001:000115b0       ?reserveSegments@RenderOutput@Cm@physx@@QAEPAUPxDebugLine@3@I@Z 100125b0 f i CmRenderOutput.obj
 0001:000115e0       ?resizeUninitialized@?$Array@UPxDebugLine@physx@@V?$ReflectionAllocator@UPxDebugLine@physx@@@shdfnd@2@@shdfnd@physx@@QAEXI@Z 100125e0 f i CmRenderOutput.obj
 0001:00011610       ?visualizeJointFrames@Cm@physx@@YAXAAVRenderOutput@12@MABVPxTransform@2@1@Z 10012610 f   CmVisualization.obj
 0001:000116b0       ?visualizeLinearLimit@Cm@physx@@YAXAAVRenderOutput@12@MABVPxTransform@2@1M_N@Z 100126b0 f   CmVisualization.obj
 0001:00011920       ?visualizeAngularLimit@Cm@physx@@YAXAAVRenderOutput@12@MABVPxTransform@2@MM_N@Z 10012920 f   CmVisualization.obj
 0001:00011ac0       ?visualizeLimitCone@Cm@physx@@YAXAAVRenderOutput@12@MABVPxTransform@2@MM_N@Z 10012ac0 f   CmVisualization.obj
 0001:00011d40       ?visualizeDoubleCone@Cm@physx@@YAXAAVRenderOutput@12@MABVPxTransform@2@M_N@Z 10012d40 f   CmVisualization.obj
 0001:00011fa0       ?contactCapsuleMesh@Gu@physx@@YA_NABVGeometryUnion@12@0ABVPxTransform@2@1ABMAAUCache@12@AAVContactBuffer@12@@Z 10012fa0 f   GuContactCapsuleMesh.obj
 0001:00012400       ?contactCapsuleHeightfield@Gu@physx@@YA_NABVGeometryUnion@12@0ABVPxTransform@2@1ABMAAUCache@12@AAVContactBuffer@12@@Z 10013400 f   GuContactCapsuleMesh.obj
 0001:000127a0       ??0Box@Gu@physx@@QAE@ABV012@@Z 100137a0 f i GuContactCapsuleMesh.obj
 0001:00012810       ??0Box@Gu@physx@@QAE@ABVPxVec3@2@0ABVPxMat33@2@@Z 10013810 f i GuContactCapsuleMesh.obj
 0001:00012880       ??0Box@Gu@physx@@QAE@XZ    10013880 f i GuContactCapsuleMesh.obj
 0001:00012aa0       ??0FastVertex2ShapeScaling@Cm@physx@@QAE@XZ 10013aa0 f i GuContactCapsuleMesh.obj
 0001:00012b20       ??0GeometryUnion@Gu@physx@@QAE@ABW4PxEMPTY@2@@Z 10013b20 f i GuContactCapsuleMesh.obj
 0001:00012b30       ??0GeometryUnion@Gu@physx@@QAE@XZ 10013b30 f i GuContactCapsuleMesh.obj
 0001:00012b40       ??0HeightFieldData@Gu@physx@@QAE@$$QAU012@@Z 10013b40 f i GuContactCapsuleMesh.obj
 0001:00012bd0       ??0HeightFieldData@Gu@physx@@QAE@ABU012@@Z 10013bd0 f i GuContactCapsuleMesh.obj
 0001:00012c60       ??0HeightFieldData@Gu@physx@@QAE@ABW4PxEMPTY@2@@Z 10013c60 f i GuContactCapsuleMesh.obj
 0001:00012c70       ??0HeightFieldData@Gu@physx@@QAE@XZ 10013c70 f i GuContactCapsuleMesh.obj
 0001:00012c80       ??0HeightFieldUtil@Gu@physx@@QAE@ABVPxHeightFieldGeometry@2@@Z 10013c80 f i GuContactCapsuleMesh.obj
 0001:00012cc0       ??0HeightFieldUtil@Gu@physx@@QAE@ABVPxHeightFieldGeometry@2@ABVHeightField@12@@Z 10013cc0 f i GuContactCapsuleMesh.obj
 0001:00012d00       ??0HeightFieldUtil@Gu@physx@@QAE@XZ 10013d00 f i GuContactCapsuleMesh.obj
 0001:00012d10       ??0MaterialIndicesStruct@physx@@QAE@ABW4PxEMPTY@1@@Z 10013d10 f i GuContactCapsuleMesh.obj
 0001:00012d20       ??0MaterialIndicesStruct@physx@@QAE@XZ 10013d20 f i GuContactCapsuleMesh.obj
 0001:00012d30       ??0PxQuat@physx@@QAE@ABVPxMat33@1@@Z 10013d30 f i GuContactCapsuleMesh.obj
 0001:00012f60       ??0PxVec3@physx@@QAE@XZ    10013f60 f i GuContactCapsuleMesh.obj
 0001:00012f70       ??0RTree@Gu@physx@@QAE@ABU012@@Z 10013f70 f i GuContactCapsuleMesh.obj
 0001:00013010       ??0RTreeMidphase@Gu@physx@@QAE@ABV012@@Z 10014010 f i GuContactCapsuleMesh.obj
 0001:00013040       ??0RTreeMidphase@Gu@physx@@QAE@ABW4PxEMPTY@2@@Z 10014040 f i GuContactCapsuleMesh.obj
 0001:00013070       ??1?$EntityReport@I@Gu@physx@@UAE@XZ 10014070 f i GuContactCapsuleMesh.obj
 0001:00013080       ??1?$MeshHitCallback@UPxRaycastHit@physx@@@Gu@physx@@UAE@XZ 10014080 f i GuContactCapsuleMesh.obj
 0001:00013090       ??1Box@Gu@physx@@QAE@XZ    10014090 f i GuContactCapsuleMesh.obj
 0001:000130a0       ??1MaterialIndicesStruct@physx@@QAE@XZ 100140a0 f i GuContactCapsuleMesh.obj
 0001:000130b0       ??1PxBase@physx@@MAE@XZ    100140b0 f i GuContactCapsuleMesh.obj
 0001:000130c0       ??1PxHeightField@physx@@MAE@XZ 100140c0 f i GuContactCapsuleMesh.obj
 0001:000130d0       ??1PxTriangleMesh@physx@@MAE@XZ 100140d0 f i GuContactCapsuleMesh.obj
 0001:000130e0       ??1RTree@Gu@physx@@QAE@XZ  100140e0 f i GuContactCapsuleMesh.obj
 0001:000130f0       ??4Box@Gu@physx@@QAEABV012@ABV012@@Z 100140f0 f i GuContactCapsuleMesh.obj
 0001:00013160       ??4GeometryUnion@Gu@physx@@QAEAAV012@$$QAV012@@Z 10014160 f i GuContactCapsuleMesh.obj
 0001:00013190       ??4GeometryUnion@Gu@physx@@QAEAAV012@ABV012@@Z 10014190 f i GuContactCapsuleMesh.obj
 0001:000131c0       ??4HeightFieldData@Gu@physx@@QAEAAU012@$$QAU012@@Z 100141c0 f i GuContactCapsuleMesh.obj
 0001:00013250       ??4HeightFieldData@Gu@physx@@QAEAAU012@ABU012@@Z 10014250 f i GuContactCapsuleMesh.obj
 0001:000132e0       ??4HeightFieldUtil@Gu@physx@@QAEAAV012@$$QAV012@@Z 100142e0 f i GuContactCapsuleMesh.obj
 0001:00013310       ??4HeightFieldUtil@Gu@physx@@QAEAAV012@ABV012@@Z 10014310 f i GuContactCapsuleMesh.obj
 0001:00013330       ??4MaterialIndicesStruct@physx@@QAEAAU01@ABU01@@Z 10014330 f i GuContactCapsuleMesh.obj
 0001:00013350       ??4MeshInterface@Gu@physx@@QAEAAV012@ABV012@@Z 10014350 f i GuContactCapsuleMesh.obj
 0001:00013370       ??4RTree@Gu@physx@@QAEAAU012@ABU012@@Z 10014370 f i GuContactCapsuleMesh.obj
 0001:00013410       ??4RTreeMidphase@Gu@physx@@QAEAAV012@ABV012@@Z 10014410 f i GuContactCapsuleMesh.obj
 0001:00013440       ??_E?$EntityReport@I@Gu@physx@@UAEPAXI@Z 10014440 f i GuContactCapsuleMesh.obj
 0001:00013440       ??_G?$EntityReport@I@Gu@physx@@UAEPAXI@Z 10014440 f i GuContactCapsuleMesh.obj
 0001:00013470       ??_G?$MeshHitCallback@UPxRaycastHit@physx@@@Gu@physx@@UAEPAXI@Z 10014470 f i GuContactCapsuleMesh.obj
 0001:00013470       ??_E?$MeshHitCallback@UPxRaycastHit@physx@@@Gu@physx@@UAEPAXI@Z 10014470 f i GuContactCapsuleMesh.obj
 0001:000134a0       ??_ECapsuleHeightfieldContactGenerationCallback@?A0xd80f4c15@@UAEPAXI@Z 100144a0 f i GuContactCapsuleMesh.obj
 0001:000134a0       ??_GCapsuleHeightfieldContactGenerationCallback@?A0xd80f4c15@@UAEPAXI@Z 100144a0 f i GuContactCapsuleMesh.obj
 0001:000134d0       ??_GCapsuleMeshContactGenerationCallback@?A0xd80f4c15@@UAEPAXI@Z 100144d0 f i GuContactCapsuleMesh.obj
 0001:000134d0       ??_ECapsuleMeshContactGenerationCallback@?A0xd80f4c15@@UAEPAXI@Z 100144d0 f i GuContactCapsuleMesh.obj
 0001:00013500       ??_EPxBase@physx@@MAEPAXI@Z 10014500 f i GuContactCapsuleMesh.obj
 0001:00013500       ??_GPxBase@physx@@MAEPAXI@Z 10014500 f i GuContactCapsuleMesh.obj
 0001:00013530       ??_H@YGXPAXIIP6EPAX0@Z@Z   10014530 f i GuContactCapsuleMesh.obj
 0001:00013560       ?GetMeshInterface@RTreeMidphase@Gu@physx@@QBEPBVMeshInterface@23@XZ 10014560 f i GuContactCapsuleMesh.obj
 0001:00013570       ?GetNbTriangles@MeshInterface@Gu@physx@@QBEIXZ 10014570 f i GuContactCapsuleMesh.obj
 0001:00013580       ?GetNbVertices@MeshInterface@Gu@physx@@QBEIXZ 10014580 f i GuContactCapsuleMesh.obj
 0001:00013590       ?GetTriangle@MeshInterface@Gu@physx@@QBEXAAUVertexPointers@23@I@Z 10014590 f i GuContactCapsuleMesh.obj
 0001:00013620       ?GetTriangleVerts@MeshInterface@Gu@physx@@SAXIIIIAAVPxVec3@3@00@Z 10014620 f i GuContactCapsuleMesh.obj
 0001:000136b0       ?GetTriangleVerts@MeshInterface@Gu@physx@@SAXIIIIAAVPxVec3@3@00AAI11@Z 100146b0 f i GuContactCapsuleMesh.obj
 0001:00013760       ?GetTris@MeshInterface@Gu@physx@@QBEPBXXZ 10014760 f i GuContactCapsuleMesh.obj
 0001:00013770       ?GetVerts@MeshInterface@Gu@physx@@QBEPBVPxVec3@3@XZ 10014770 f i GuContactCapsuleMesh.obj
 0001:000146c0       ?SetMeshInterface@RTreeMidphase@Gu@physx@@QAEXPBVMeshInterface@23@@Z 100156c0 f i GuContactCapsuleMesh.obj
 0001:000146d0       ?SetNbTriangles@MeshInterface@Gu@physx@@QAEXI@Z 100156d0 f i GuContactCapsuleMesh.obj
 0001:000146e0       ?SetNbVertices@MeshInterface@Gu@physx@@QAEXI@Z 100156e0 f i GuContactCapsuleMesh.obj
 0001:000146f0       ?allocate@MaterialIndicesStruct@physx@@QAEXG@Z 100156f0 f i GuContactCapsuleMesh.obj
 0001:00014720       ?ceilUp@HeightFieldUtil@Gu@physx@@SAMM@Z 10015720 f i GuContactCapsuleMesh.obj
 0001:00014760       ?clipShapeNormalToVertexVoronoi@HeightFieldUtil@Gu@physx@@QBE_NAAVPxVec3@3@III@Z 10015760 f i GuContactCapsuleMesh.obj
 0001:00014b00       ?computeAABBExtent@Box@Gu@physx@@QBE?AVPxVec3@3@XZ 10015b00 f i GuContactCapsuleMesh.obj
 0001:00014bc0       ?computeBounds@GeometryUnion@Gu@physx@@QBE?AVPxBounds3@3@ABVPxTransform@3@@Z 10015bc0 f i GuContactCapsuleMesh.obj
 0001:00014be0       ?computeBoxPoints@Box@Gu@physx@@QBEXPIAVPxVec3@3@@Z 10015be0 f i GuContactCapsuleMesh.obj
[...]
 0003:000028d0       ?maxFError@_VecMathTests@aos@shdfnd@physx@@3T__m128@@B 1014e8d0     GuPCMContactCapsuleMesh.obj
 0003:000028e0       ?maxV3Error@_VecMathTests@aos@shdfnd@physx@@3T__m128@@B 1014e8e0     GuPCMContactConvexCommon.obj
 0003:000028f0       ?minFError@_VecMathTests@aos@shdfnd@physx@@3T__m128@@B 1014e8f0     GuPCMContactConvexCommon.obj
 0003:00002900       ?maxV4Error@_VecMathTests@aos@shdfnd@physx@@3T__m128@@B 1014e900     GuPCMContactConvexCommon.obj
 0003:00002910       ?minV4Error@_VecMathTests@aos@shdfnd@physx@@3T__m128@@B 1014e910     GuPCMContactConvexCommon.obj
 0003:00002920       ?minV3Error@_VecMathTests@aos@shdfnd@physx@@3T__m128@@B 1014e920     GuPCMContactConvexCommon.obj
 0003:00002930       ?maxFError@_VecMathTests@aos@shdfnd@physx@@3T__m128@@B 1014e930     GuPCMContactConvexCommon.obj
 0003:00002940       ?maxV3Error@_VecMathTests@aos@shdfnd@physx@@3T__m128@@B 1014e940     GuPCMContactConvexConvex.obj
 0003:00002950       ?minFError@_VecMathTests@aos@shdfnd@physx@@3T__m128@@B 1014e950     GuPCMContactConvexConvex.obj
 0003:00002960       ?maxV4Error@_VecMathTests@aos@shdfnd@physx@@3T__m128@@B 1014e960     GuPCMContactConvexConvex.obj
 0003:00002970       ?minV4Error@_VecMathTests@aos@shdfnd@physx@@3T__m128@@B 1014e970     GuPCMContactConvexConvex.obj
 0003:00002980       ?minV3Error@_VecMathTests@aos@shdfnd@physx@@3T__m128@@B 1014e980     GuPCMContactConvexConvex.obj
 0003:00002990       ?maxFError@_VecMathTests@aos@shdfnd@physx@@3T__m128@@B 1014e990     GuPCMContactConvexConvex.obj
 0003:000029a0       ?maxV3Error@_VecMathTests@aos@shdfnd@physx@@3T__m128@@B 1014e9a0     GuPCMContactConvexHeightField.obj
 0003:000029b0       ?minFError@_VecMathTests@aos@shdfnd@physx@@3T__m128@@B 1014e9b0     GuPCMContactConvexHeightField.obj
 0003:000029c0       ?maxV4Error@_VecMathTests@aos@shdfnd@physx@@3T__m128@@B 1014e9c0     GuPCMContactConvexHeightField.obj
 0003:000029d0       ?minV4Error@_VecMathTests@aos@shdfnd@physx@@3T__m128@@B 1014e9d0     GuPCMContactConvexHeightField.obj
 0003:000029e0       ?minV3Error@_VecMathTests@aos@shdfnd@physx@@3T__m128@@B 1014e9e0     GuPCMContactConvexHeightField.obj
 0003:000029f0       ?maxFError@_VecMathTests@aos@shdfnd@physx@@3T__m128@@B 1014e9f0     GuPCMContactConvexHeightField.obj
 0003:00002a00       ?maxV3Error@_VecMathTests@aos@shdfnd@physx@@3T__m128@@B 1014ea00     GuPCMContactConvexMesh.obj
 0003:00002a10       ?minFError@_VecMathTests@aos@shdfnd@physx@@3T__m128@@B 1014ea10     GuPCMContactConvexMesh.obj
 0003:00002a20       ?maxV4Error@_VecMathTests@aos@shdfnd@physx@@3T__m128@@B 1014ea20     GuPCMContactConvexMesh.obj
 0003:00002a30       ?minV4Error@_VecMathTests@aos@shdfnd@physx@@3T__m128@@B 1014ea30     GuPCMContactConvexMesh.obj
 0003:00002a40       ?minV3Error@_VecMathTests@aos@shdfnd@physx@@3T__m128@@B 1014ea40     GuPCMContactConvexMesh.obj
 0003:00002a50       ?maxFError@_VecMathTests@aos@shdfnd@physx@@3T__m128@@B 1014ea50     GuPCMContactConvexMesh.obj
 0003:00002a60       ?maxV3Error@_VecMathTests@aos@shdfnd@physx@@3T__m128@@B 1014ea60     GuPCMContactGenBoxConvex.obj
 0003:00002a70       ?minFError@_VecMathTests@aos@shdfnd@physx@@3T__m128@@B 1014ea70     GuPCMContactGenBoxConvex.obj
 0003:00002a80       ?maxV4Error@_VecMathTests@aos@shdfnd@physx@@3T__m128@@B 1014ea80     GuPCMContactGenBoxConvex.obj
 0003:00002a90       ?minV4Error@_VecMathTests@aos@shdfnd@physx@@3T__m128@@B 1014ea90     GuPCMContactGenBoxConvex.obj
 0003:00002aa0       ?minV3Error@_VecMathTests@aos@shdfnd@physx@@3T__m128@@B 1014eaa0     GuPCMContactGenBoxConvex.obj
 0003:00002ab0       ?maxFError@_VecMathTests@aos@shdfnd@physx@@3T__m128@@B 1014eab0     GuPCMContactGenBoxConvex.obj
 0003:00002ac0       ?maxV3Error@_VecMathTests@aos@shdfnd@physx@@3T__m128@@B 1014eac0     GuPCMContactGenSphereCapsule.obj
 0003:00002ad0       ?minFError@_VecMathTests@aos@shdfnd@physx@@3T__m128@@B 1014ead0     GuPCMContactGenSphereCapsule.obj
 0003:00002ae0       ?maxV4Error@_VecMathTests@aos@shdfnd@physx@@3T__m128@@B 1014eae0     GuPCMContactGenSphereCapsule.obj
 0003:00002af0       ?minV4Error@_VecMathTests@aos@shdfnd@physx@@3T__m128@@B 1014eaf0     GuPCMContactGenSphereCapsule.obj
 0003:00002b00       ?minV3Error@_VecMathTests@aos@shdfnd@physx@@3T__m128@@B 1014eb00     GuPCMContactGenSphereCapsule.obj
 0003:00002b10       ?maxFError@_VecMathTests@aos@shdfnd@physx@@3T__m128@@B 1014eb10     GuPCMContactGenSphereCapsule.obj
 0003:00002b20       ?maxV3Error@_VecMathTests@aos@shdfnd@physx@@3T__m128@@B 1014eb20     GuPCMContactPlaneBox.obj
 0003:00002b30       ?minFError@_VecMathTests@aos@shdfnd@physx@@3T__m128@@B 1014eb30     GuPCMContactPlaneBox.obj
 0003:00002b40       ?maxV4Error@_VecMathTests@aos@shdfnd@physx@@3T__m128@@B 1014eb40     GuPCMContactPlaneBox.obj
 0003:00002b50       ?minV4Error@_VecMathTests@aos@shdfnd@physx@@3T__m128@@B 1014eb50     GuPCMContactPlaneBox.obj
 0003:00002b60       ?minV3Error@_VecMathTests@aos@shdfnd@physx@@3T__m128@@B 1014eb60     GuPCMContactPlaneBox.obj
 0003:00002b70       ?maxFError@_VecMathTests@aos@shdfnd@physx@@3T__m128@@B 1014eb70     GuPCMContactPlaneBox.obj
 0003:00002b80       ?maxV3Error@_VecMathTests@aos@shdfnd@physx@@3T__m128@@B 1014eb80     GuPCMContactPlaneCapsule.obj
 0003:00002b90       ?minFError@_VecMathTests@aos@shdfnd@physx@@3T__m128@@B 1014eb90     GuPCMContactPlaneCapsule.obj
 0003:00002ba0       ?maxV4Error@_VecMathTests@aos@shdfnd@physx@@3T__m128@@B 1014eba0     GuPCMContactPlaneCapsule.obj
 0003:00002bb0       ?minV4Error@_VecMathTests@aos@shdfnd@physx@@3T__m128@@B 1014ebb0     GuPCMContactPlaneCapsule.obj
 0003:00002bc0       ?minV3Error@_VecMathTests@aos@shdfnd@physx@@3T__m128@@B 1014ebc0     GuPCMContactPlaneCapsule.obj
 0003:00002bd0       ?maxFError@_VecMathTests@aos@shdfnd@physx@@3T__m128@@B 1014ebd0     GuPCMContactPlaneCapsule.obj
 0003:00002be0       ?maxV3Error@_VecMathTests@aos@shdfnd@physx@@3T__m128@@B 1014ebe0     GuPCMContactPlaneConvex.obj
 0003:00002bf0       ?minFError@_VecMathTests@aos@shdfnd@physx@@3T__m128@@B 1014ebf0     GuPCMContactPlaneConvex.obj
 0003:00002c00       ?maxV4Error@_VecMathTests@aos@shdfnd@physx@@3T__m128@@B 1014ec00     GuPCMContactPlaneConvex.obj
 0003:00002c10       ?minV4Error@_VecMathTests@aos@shdfnd@physx@@3T__m128@@B 1014ec10     GuPCMContactPlaneConvex.obj
 0003:00002c20       ?minV3Error@_VecMathTests@aos@shdfnd@physx@@3T__m128@@B 1014ec20     GuPCMContactPlaneConvex.obj
 0003:00002c30       ?maxFError@_VecMathTests@aos@shdfnd@physx@@3T__m128@@B 1014ec30     GuPCMContactPlaneConvex.obj
 0003:00002c40       ?maxV3Error@_VecMathTests@aos@shdfnd@physx@@3T__m128@@B 1014ec40     GuPCMContactSphereConvex.obj
 0003:00002c50       ?minFError@_VecMathTests@aos@shdfnd@physx@@3T__m128@@B 1014ec50     GuPCMContactSphereConvex.obj
 0003:00002c60       ?maxV4Error@_VecMathTests@aos@shdfnd@physx@@3T__m128@@B 1014ec60     GuPCMContactSphereConvex.obj
 0003:00002c70       ?minV4Error@_VecMathTests@aos@shdfnd@physx@@3T__m128@@B 1014ec70     GuPCMContactSphereConvex.obj
 0003:00002c80       ?minV3Error@_VecMathTests@aos@shdfnd@physx@@3T__m128@@B 1014ec80     GuPCMContactSphereConvex.obj
 0003:00002c90       ?maxFError@_VecMathTests@aos@shdfnd@physx@@3T__m128@@B 1014ec90     GuPCMContactSphereConvex.obj
 0003:00002ca0       ?maxV3Error@_VecMathTests@aos@shdfnd@physx@@3T__m128@@B 1014eca0     GuPCMContactSphereHeightField.obj
 0003:00002cb0       ?minFError@_VecMathTests@aos@shdfnd@physx@@3T__m128@@B 1014ecb0     GuPCMContactSphereHeightField.obj
 0003:00002cc0       ?maxV4Error@_VecMathTests@aos@shdfnd@physx@@3T__m128@@B 1014ecc0     GuPCMContactSphereHeightField.obj
 0003:00002cd0       ?minV4Error@_VecMathTests@aos@shdfnd@physx@@3T__m128@@B 1014ecd0     GuPCMContactSphereHeightField.obj
 0003:00002ce0       ?minV3Error@_VecMathTests@aos@shdfnd@physx@@3T__m128@@B 1014ece0     GuPCMContactSphereHeightField.obj
 0003:00002cf0       ?maxFError@_VecMathTests@aos@shdfnd@physx@@3T__m128@@B 1014ecf0     GuPCMContactSphereHeightField.obj
 0003:00002d00       ?maxV3Error@_VecMathTests@aos@shdfnd@physx@@3T__m128@@B 1014ed00     GuPCMContactSphereMesh.obj
 0003:00002d10       ?minFError@_VecMathTests@aos@shdfnd@physx@@3T__m128@@B 1014ed10     GuPCMContactSphereMesh.obj
 0003:00002d20       ?maxV4Error@_VecMathTests@aos@shdfnd@physx@@3T__m128@@B 1014ed20     GuPCMContactSphereMesh.obj
 0003:00002d30       ?minV4Error@_VecMathTests@aos@shdfnd@physx@@3T__m128@@B 1014ed30     GuPCMContactSphereMesh.obj
 0003:00002d40       ?minV3Error@_VecMathTests@aos@shdfnd@physx@@3T__m128@@B 1014ed40     GuPCMContactSphereMesh.obj
 0003:00002d50       ?maxFError@_VecMathTests@aos@shdfnd@physx@@3T__m128@@B 1014ed50     GuPCMContactSphereMesh.obj
 0003:00002d60       ?maxV3Error@_VecMathTests@aos@shdfnd@physx@@3T__m128@@B 1014ed60     GuPCMShapeConvex.obj
 0003:00002d70       ?minFError@_VecMathTests@aos@shdfnd@physx@@3T__m128@@B 1014ed70     GuPCMShapeConvex.obj
 0003:00002d80       ?maxV4Error@_VecMathTests@aos@shdfnd@physx@@3T__m128@@B 1014ed80     GuPCMShapeConvex.obj
 0003:00002d90       ?minV4Error@_VecMathTests@aos@shdfnd@physx@@3T__m128@@B 1014ed90     GuPCMShapeConvex.obj
 0003:00002da0       ?minV3Error@_VecMathTests@aos@shdfnd@physx@@3T__m128@@B 1014eda0     GuPCMShapeConvex.obj
 0003:00002db0       ?maxFError@_VecMathTests@aos@shdfnd@physx@@3T__m128@@B 1014edb0     GuPCMShapeConvex.obj
 0003:00002dc0       ?maxV3Error@_VecMathTests@aos@shdfnd@physx@@3T__m128@@B 1014edc0     GuPCMTriangleContactGen.obj
 0003:00002dd0       ?minFError@_VecMathTests@aos@shdfnd@physx@@3T__m128@@B 1014edd0     GuPCMTriangleContactGen.obj
 0003:00002de0       ?maxV4Error@_VecMathTests@aos@shdfnd@physx@@3T__m128@@B 1014ede0     GuPCMTriangleContactGen.obj
 0003:00002df0       ?minV4Error@_VecMathTests@aos@shdfnd@physx@@3T__m128@@B 1014edf0     GuPCMTriangleContactGen.obj
 0003:00002e00       ?minV3Error@_VecMathTests@aos@shdfnd@physx@@3T__m128@@B 1014ee00     GuPCMTriangleContactGen.obj
 0003:00002e10       ?maxFError@_VecMathTests@aos@shdfnd@physx@@3T__m128@@B 1014ee10     GuPCMTriangleContactGen.obj
 0003:00002e20       ?maxV3Error@_VecMathTests@aos@shdfnd@physx@@3T__m128@@B 1014ee20     GuPersistentContactManifold.obj
 0003:00002e30       ?minFError@_VecMathTests@aos@shdfnd@physx@@3T__m128@@B 1014ee30     GuPersistentContactManifold.obj
 0003:00002e40       ?maxV4Error@_VecMathTests@aos@shdfnd@physx@@3T__m128@@B 1014ee40     GuPersistentContactManifold.obj
 0003:00002e50       ?minV4Error@_VecMathTests@aos@shdfnd@physx@@3T__m128@@B 1014ee50     GuPersistentContactManifold.obj
 0003:00002e60       ?minV3Error@_VecMathTests@aos@shdfnd@physx@@3T__m128@@B 1014ee60     GuPersistentContactManifold.obj
 0003:00002e70       ?maxFError@_VecMathTests@aos@shdfnd@physx@@3T__m128@@B 1014ee70     GuPersistentContactManifold.obj
 0003:00002e80       ?maxV3Error@_VecMathTests@aos@shdfnd@physx@@3T__m128@@B 1014ee80     GuBox.obj
 0003:00002e90       ?minFError@_VecMathTests@aos@shdfnd@physx@@3T__m128@@B 1014ee90     GuBox.obj
 0003:00002ea0       ?maxV4Error@_VecMathTests@aos@shdfnd@physx@@3T__m128@@B 1014eea0     GuBox.obj
 0003:00002eb0       ?minV4Error@_VecMathTests@aos@shdfnd@physx@@3T__m128@@B 1014eeb0     GuBox.obj
 0003:00002ec0       ?minV3Error@_VecMathTests@aos@shdfnd@physx@@3T__m128@@B 1014eec0     GuBox.obj
 0003:00002ed0       ?maxFError@_VecMathTests@aos@shdfnd@physx@@3T__m128@@B 1014eed0     GuBox.obj
 0003:00002ee0       ?maxV3Error@_VecMathTests@aos@shdfnd@physx@@3T__m128@@B 1014eee0     GuCapsule.obj
 0003:00002ef0       ?minFError@_VecMathTests@aos@shdfnd@physx@@3T__m128@@B 1014eef0     GuCapsule.obj
 0003:00002f00       ?maxV4Error@_VecMathTests@aos@shdfnd@physx@@3T__m128@@B 1014ef00     GuCapsule.obj
 0003:00002f10       ?minV4Error@_VecMathTests@aos@shdfnd@physx@@3T__m128@@B 1014ef10     GuCapsule.obj
 0003:00002f20       ?minV3Error@_VecMathTests@aos@shdfnd@physx@@3T__m128@@B 1014ef20     GuCapsule.obj
 0003:00002f30       ?maxFError@_VecMathTests@aos@shdfnd@physx@@3T__m128@@B 1014ef30     GuCapsule.obj
 0003:00002f40       ?maxV3Error@_VecMathTests@aos@shdfnd@physx@@3T__m128@@B 1014ef40     GuCCTSweepTests.obj
 0003:00002f50       ?minFError@_VecMathTests@aos@shdfnd@physx@@3T__m128@@B 1014ef50     GuCCTSweepTests.obj
 0003:00002f60       ?maxV4Error@_VecMathTests@aos@shdfnd@physx@@3T__m128@@B 1014ef60     GuCCTSweepTests.obj
 0003:00002f70       ?minV4Error@_VecMathTests@aos@shdfnd@physx@@3T__m128@@B 1014ef70     GuCCTSweepTests.obj
 0003:00002f80       ?minV3Error@_VecMathTests@aos@shdfnd@physx@@3T__m128@@B 1014ef80     GuCCTSweepTests.obj
 0003:00002f90       ?maxFError@_VecMathTests@aos@shdfnd@physx@@3T__m128@@B 1014ef90     GuCCTSweepTests.obj
 0003:00002fa0       ?maxV3Error@_VecMathTests@aos@shdfnd@physx@@3T__m128@@B 1014efa0     GuGeometryQuery.obj
 0003:00002fb0       ?minFError@_VecMathTests@aos@shdfnd@physx@@3T__m128@@B 1014efb0     GuGeometryQuery.obj
 0003:00002fc0       ?maxV4Error@_VecMathTests@aos@shdfnd@physx@@3T__m128@@B 1014efc0     GuGeometryQuery.obj
 0003:00002fd0       ?minV4Error@_VecMathTests@aos@shdfnd@physx@@3T__m128@@B 1014efd0     GuGeometryQuery.obj
 0003:00002fe0       ?minV3Error@_VecMathTests@aos@shdfnd@physx@@3T__m128@@B 1014efe0     GuGeometryQuery.obj
 0003:00002ff0       ?maxFError@_VecMathTests@aos@shdfnd@physx@@3T__m128@@B 1014eff0     GuGeometryQuery.obj
 0003:00003000       ?maxV3Error@_VecMathTests@aos@shdfnd@physx@@3T__m128@@B 1014f000     GuGeomUtilsInternal.obj
 0003:00003010       ?minFError@_VecMathTests@aos@shdfnd@physx@@3T__m128@@B 1014f010     GuGeomUtilsInternal.obj
 0003:00003020       ?maxV4Error@_VecMathTests@aos@shdfnd@physx@@3T__m128@@B 1014f020     GuGeomUtilsInternal.obj
 0003:00003030       ?minV4Error@_VecMathTests@aos@shdfnd@physx@@3T__m128@@B 1014f030     GuGeomUtilsInternal.obj
 0003:00003040       ?minV3Error@_VecMathTests@aos@shdfnd@physx@@3T__m128@@B 1014f040     GuGeomUtilsInternal.obj
 0003:00003050       ?maxFError@_VecMathTests@aos@shdfnd@physx@@3T__m128@@B 1014f050     GuGeomUtilsInternal.obj
 0003:00003060       ?maxV3Error@_VecMathTests@aos@shdfnd@physx@@3T__m128@@B 1014f060     GuMTD.obj
 0003:00003070       ?minFError@_VecMathTests@aos@shdfnd@physx@@3T__m128@@B 1014f070     GuMTD.obj
 0003:00003080       ?maxV4Error@_VecMathTests@aos@shdfnd@physx@@3T__m128@@B 1014f080     GuMTD.obj
 0003:00003090       ?minV4Error@_VecMathTests@aos@shdfnd@physx@@3T__m128@@B 1014f090     GuMTD.obj
 0003:000030a0       ?minV3Error@_VecMathTests@aos@shdfnd@physx@@3T__m128@@B 1014f0a0     GuMTD.obj
 0003:000030b0       ?maxFError@_VecMathTests@aos@shdfnd@physx@@3T__m128@@B 1014f0b0     GuMTD.obj
 0003:000030c0       ?maxV3Error@_VecMathTests@aos@shdfnd@physx@@3T__m128@@B 1014f0c0     GuOverlapTests.obj
 0003:000030d0       ?minFError@_VecMathTests@aos@shdfnd@physx@@3T__m128@@B 1014f0d0     GuOverlapTests.obj
 0003:000030e0       ?maxV4Error@_VecMathTests@aos@shdfnd@physx@@3T__m128@@B 1014f0e0     GuOverlapTests.obj
 0003:000030f0       ?minV4Error@_VecMathTests@aos@shdfnd@physx@@3T__m128@@B 1014f0f0     GuOverlapTests.obj
 0003:00003100       ?minV3Error@_VecMathTests@aos@shdfnd@physx@@3T__m128@@B 1014f100     GuOverlapTests.obj
 0003:00003110       ?maxFError@_VecMathTests@aos@shdfnd@physx@@3T__m128@@B 1014f110     GuOverlapTests.obj
 0003:00003120       ?maxV3Error@_VecMathTests@aos@shdfnd@physx@@3T__m128@@B 1014f120     GuRaycastTests.obj
 0003:00003130       ?minFError@_VecMathTests@aos@shdfnd@physx@@3T__m128@@B 1014f130     GuRaycastTests.obj
 0003:00003140       ?maxV4Error@_VecMathTests@aos@shdfnd@physx@@3T__m128@@B 1014f140     GuRaycastTests.obj
 0003:00003150       ?minV4Error@_VecMathTests@aos@shdfnd@physx@@3T__m128@@B 1014f150     GuRaycastTests.obj
 0003:00003160       ?minV3Error@_VecMathTests@aos@shdfnd@physx@@3T__m128@@B 1014f160     GuRaycastTests.obj
 0003:00003170       ?maxFError@_VecMathTests@aos@shdfnd@physx@@3T__m128@@B 1014f170     GuRaycastTests.obj
 0003:00003180       ?maxV3Error@_VecMathTests@aos@shdfnd@physx@@3T__m128@@B 1014f180     GuSweepMTD.obj
 0003:00003190       ?minFError@_VecMathTests@aos@shdfnd@physx@@3T__m128@@B 1014f190     GuSweepMTD.obj
 0003:000031a0       ?maxV4Error@_VecMathTests@aos@shdfnd@physx@@3T__m128@@B 1014f1a0     GuSweepMTD.obj
 0003:000031b0       ?minV4Error@_VecMathTests@aos@shdfnd@physx@@3T__m128@@B 1014f1b0     GuSweepMTD.obj
 0003:000031c0       ?minV3Error@_VecMathTests@aos@shdfnd@physx@@3T__m128@@B 1014f1c0     GuSweepMTD.obj
 0003:000031d0       ?maxFError@_VecMathTests@aos@shdfnd@physx@@3T__m128@@B 1014f1d0     GuSweepMTD.obj
 0003:000031e0       ?maxV3Error@_VecMathTests@aos@shdfnd@physx@@3T__m128@@B 1014f1e0     GuSweepSharedTests.obj
 0003:000031f0       ?minFError@_VecMathTests@aos@shdfnd@physx@@3T__m128@@B 1014f1f0     GuSweepSharedTests.obj
 0003:00003200       ?maxV4Error@_VecMathTests@aos@shdfnd@physx@@3T__m128@@B 1014f200     GuSweepSharedTests.obj
 0003:00003210       ?minV4Error@_VecMathTests@aos@shdfnd@physx@@3T__m128@@B 1014f210     GuSweepSharedTests.obj
 0003:00003220       ?minV3Error@_VecMathTests@aos@shdfnd@physx@@3T__m128@@B 1014f220     GuSweepSharedTests.obj
 0003:00003230       ?maxFError@_VecMathTests@aos@shdfnd@physx@@3T__m128@@B 1014f230     GuSweepSharedTests.obj
 0003:00003240       ?maxV3Error@_VecMathTests@aos@shdfnd@physx@@3T__m128@@B 1014f240     GuSweepTests.obj
 0003:00003250       ?minFError@_VecMathTests@aos@shdfnd@physx@@3T__m128@@B 1014f250     GuSweepTests.obj
 0003:00003260       ?maxV4Error@_VecMathTests@aos@shdfnd@physx@@3T__m128@@B 1014f260     GuSweepTests.obj
 0003:00003270       ?minV4Error@_VecMathTests@aos@shdfnd@physx@@3T__m128@@B 1014f270     GuSweepTests.obj
 0003:00003280       ?minV3Error@_VecMathTests@aos@shdfnd@physx@@3T__m128@@B 1014f280     GuSweepTests.obj
 0003:00003290       ?maxFError@_VecMathTests@aos@shdfnd@physx@@3T__m128@@B 1014f290     GuSweepTests.obj
 0003:000032b0       ?module_local_atexit_table@@3U_onexit_table_t@@A 1014f2b0     MSVCRT:utility.obj
 0003:000032bc       ?module_local_at_quick_exit_table@@3U_onexit_table_t@@A 1014f2bc     MSVCRT:utility.obj
 0003:000032c8       ?is_initialized_as_dll@@3_NA 1014f2c8     MSVCRT:utility.obj
 0003:000032cc       ?__proc_attached@@3HA      1014f2cc     MSVCRT:dll_dllmain.obj
 0003:000032e8       _GS_ExceptionRecord        1014f2e8     MSVCRT:gs_report.obj
 0003:00003338       _GS_ContextRecord          1014f338     MSVCRT:gs_report.obj
 0004:00000000       __guard_fids__             10150000     MSVCRT:std_type_info_static.obj
 0004:00000004       __guard_fids_?dllmain_crt_process_attach@@YAHQAUHINSTANCE__@@QAX@Z 10150004     MSVCRT:dll_dllmain.obj
 0004:0000000c       __guard_fids_?dllmain_dispatch@@YAHQAUHINSTANCE__@@KQAX@Z 1015000c     MSVCRT:dll_dllmain.obj
 0004:00000010       __guard_fids____scrt_set_unhandled_exception_filter 10150010     MSVCRT:utility_desktop.obj
 0004:00000014       __guard_fids___except_handler4 10150014     MSVCRT:_chandler4gs_.obj
 0004:00000018       __guard_fids__             10150018     MSVCRT:guard_support.obj
 0004:0000001c       __guard_fids___guard_icall_checks_enforced 1015001c     MSVCRT:guard_support.obj
 0004:00000020       __guard_fids__             10150020     MSVCRT:throw_bad_alloc.obj
 0004:00000028       __guard_fids__             10150028     MSVCRT:throw_bad_alloc.obj
 0004:00000030       __guard_fids__             10150030     MSVCRT:throw_bad_alloc.obj
 0004:00000038       __guard_fids__             10150038     MSVCRT:throw_bad_alloc.obj
 0004:0000003c       __guard_fids__             1015003c     MSVCRT:throw_bad_alloc.obj
 0004:00000040       __guard_fids__             10150040     MSVCRT:throw_bad_alloc.obj
 0004:00000044       __guard_fids__             10150044     MSVCRT:throw_bad_alloc.obj
 0004:00000048       __guard_fids__             10150048     MSVCRT:throw_bad_alloc.obj
 0005:000000a0       $R000000                   101510a0     PhysX3Common.res
 0005:000003d8       $R000338                   101513d8     PhysX3Common.res
