 PhysX3CharacterKinematicDEBUG_x86

 Timestamp is 5743e3d0 (Tue May 24 15:17:04 2016)

 Preferred load address is 10000000

 Start         Length     Name                   Class
 0001:00000000 00002fc6H .text$di                CODE
 0001:00002fd0 0002fb99H .text$mn                CODE
 0002:00000000 00000104H .CRT$XCA                DATA
 0002:00000104 00000139H .CRT$XCU                DATA
 0002:00000240 00000104H .CRT$XCZ                DATA
 0002:00000344 00000104H .CRT$XIA                DATA
 0002:00000448 00000104H .CRT$XIZ                DATA
 0002:0000054c 00000104H .CRT$XPA                DATA
 0002:00000650 00000104H .CRT$XPZ                DATA
 0002:00000754 00000104H .CRT$XTA                DATA
 0002:00000858 00000104H .CRT$XTZ                DATA
 0002:00000960 0000357cH .rdata                  DATA
 0002:00003edc 00000156H .rdata$r                DATA
 0002:00004040 00000104H .rdata$sxdata           DATA
 0002:00004144 000001b6H .rdata$zzzdbg           DATA
 0002:000042fc 00000104H .rtc$IAA                DATA
 0002:00004400 00000139H .rtc$IMZ                DATA
 0002:0000453c 00000104H .rtc$IZZ                DATA
 0002:00004640 00000104H .rtc$TAA                DATA
 0002:00004744 00000139H .rtc$TMZ                DATA
 0002:00004880 00000104H .rtc$TZZ                DATA
 0002:00004988 000001d5H .xdata$x                DATA
 0002:00004b60 0000034fH .edata                  DATA
 0003:00000000 00000175H .data                   DATA
 0003:00000178 0000024cH .data$r                 DATA
 0003:000003d0 00000618H .bss                    DATA
 0004:00000000 0000028cH .idata$5                DATA
 0004:0000028c 00000050H .idata$2                DATA
 0004:000002dc 00000014H .idata$3                DATA
 0004:000002f0 0000028cH .idata$4                DATA
 0004:0000057c 000012f1H .idata$6                DATA
 0005:00000000 00000133H .gfids$y                DATA
 0006:00000000 00000104H .00cfg                  DATA
 0007:00000000 000001c0H .rsrc$01                DATA
 0007:000001c0 00000700H .rsrc$02                DATA

  Address         Publics by Value              Rva+Base       Lib:Object

 0000:00000000       ___guard_longjmp_table     00000000     <absolute>
 0000:00000000       ___guard_iat_table         00000000     <absolute>
 0000:00000000       ___guard_fids_table        00000000     <absolute>
 0000:00000000       ___guard_iat_count         00000000     <absolute>
 0000:00000000       ___guard_longjmp_count     00000000     <absolute>
 0000:00000000       ___guard_fids_count        00000000     <absolute>
 0000:00000001       ___safe_se_handler_count   00000001     <absolute>
 0000:00000100       ___guard_flags             00000100     <absolute>
 0000:00000000       ___ImageBase               10000000     <linker-defined>
 0001:00002fd0       ??0BoxController@Cct@physx@@QAE@ABVPxControllerDesc@2@AAVPxPhysics@2@PAVPxScene@2@@Z 10003fd0 f   CctBoxController.obj
 0001:000030c0       ??1BoxController@Cct@physx@@UAE@XZ 100040c0 f   CctBoxController.obj
 0001:00003100       ?getWorldBox@BoxController@Cct@physx@@UBE_NAAUPxExtendedBounds3@3@@Z 10004100 f   CctBoxController.obj
 0001:00003170       ?setFootPosition@BoxController@Cct@physx@@UAE_NABUPxExtendedVec3@3@@Z 10004170 f   CctBoxController.obj
 0001:000031f0       ?getFootPosition@BoxController@Cct@physx@@UBE?AUPxExtendedVec3@3@XZ 100041f0 f   CctBoxController.obj
 0001:00003290       ?invalidateCache@BoxController@Cct@physx@@UAEXXZ 10004290 f   CctBoxController.obj
 0001:000032f0       ?resize@BoxController@Cct@physx@@UAEXM@Z 100042f0 f   CctBoxController.obj
 0001:000033a0       ?getHalfHeight@BoxController@Cct@physx@@UBEMXZ 100043a0 f   CctBoxController.obj
 0001:000033c0       ?getHalfSideExtent@BoxController@Cct@physx@@UBEMXZ 100043c0 f   CctBoxController.obj
 0001:000033e0       ?getHalfForwardExtent@BoxController@Cct@physx@@UBEMXZ 100043e0 f   CctBoxController.obj
 0001:00003400       ?setHalfHeight@BoxController@Cct@physx@@UAE_NM@Z 10004400 f   CctBoxController.obj
 0001:00003440       ?setHalfSideExtent@BoxController@Cct@physx@@UAE_NM@Z 10004440 f   CctBoxController.obj
 0001:00003480       ?setHalfForwardExtent@BoxController@Cct@physx@@UAE_NM@Z 10004480 f   CctBoxController.obj
 0001:000034c0       ?updateKinematicProxy@BoxController@Cct@physx@@QAE_NXZ 100044c0 f   CctBoxController.obj
 0001:000035c0       ?getOBB@BoxController@Cct@physx@@QBEXAAVPxExtendedBox@3@@Z 100045c0 f   CctBoxController.obj
 0001:00003820       ??0PxBoxController@physx@@IAE@XZ 10004820 f i CctBoxController.obj
 0001:00003850       ??0PxBoxGeometry@physx@@QAE@XZ 10004850 f i CctBoxController.obj
 0001:000038b0       ??0PxController@physx@@IAE@XZ 100048b0 f i CctBoxController.obj
 0001:000038d0       ??0PxControllerManager@physx@@IAE@XZ 100048d0 f i CctBoxController.obj
 0001:000038f0       ??0PxControllerManager@physx@@QAE@ABV01@@Z 100048f0 f i CctBoxController.obj
 0001:00003910       ??0PxExtendedBounds3@physx@@QAE@XZ 10004910 f i CctBoxController.obj
 0001:00003940       ??0PxExtendedVec3@physx@@QAE@NNN@Z 10004940 f i CctBoxController.obj
 0001:00003990       ??0PxExtendedVec3@physx@@QAE@XZ 10004990 f i CctBoxController.obj
 0001:000039b0       ??0PxGeometry@physx@@IAE@W4Enum@PxGeometryType@1@@Z 100049b0 f i CctBoxController.obj
 0001:000039d0       ??0PxVec3@physx@@QAE@ABV01@@Z 100049d0 f i CctBoxController.obj
 0001:00003a10       ??0PxVec3@physx@@QAE@MMM@Z 10004a10 f i CctBoxController.obj
 0001:00003a60       ??1PxBoxController@physx@@MAE@XZ 10004a60 f i CctBoxController.obj
 0001:00003a90       ??1PxController@physx@@MAE@XZ 10004a90 f i CctBoxController.obj
 0001:00003ab0       ??1PxControllerManager@physx@@MAE@XZ 10004ab0 f i CctBoxController.obj
 0001:00003ad0       ??3UserAllocated@shdfnd@physx@@SAXPAX@Z 10004ad0 f i CctBoxController.obj
 0001:00003b00       ??4PxControllerManager@physx@@QAEAAV01@ABV01@@Z 10004b00 f i CctBoxController.obj
 0001:00003b20       ??4PxQuat@physx@@QAEAAV01@ABV01@@Z 10004b20 f i CctBoxController.obj
 0001:00003b70       ??4PxVec3@physx@@QAEAAV01@ABV01@@Z 10004b70 f i CctBoxController.obj
 0001:00003bb0       ??DPxVec3@physx@@QBE?AV01@M@Z 10004bb0 f i CctBoxController.obj
 0001:00003c20       ??GPxExtendedVec3@physx@@QBE?AVPxVec3@1@ABU01@@Z 10004c20 f i CctBoxController.obj
 0001:00003ca0       ??HPxExtendedVec3@physx@@QBE?AU01@ABU01@@Z 10004ca0 f i CctBoxController.obj
 0001:00003d20       ??XPxExtendedVec3@physx@@QAEAAU01@ABM@Z 10004d20 f i CctBoxController.obj
 0001:00003d90       ??XPxVec3@physx@@QAEAAV01@M@Z 10004d90 f i CctBoxController.obj
 0001:00003df0       ??YPxExtendedVec3@physx@@QAEAAU01@ABVPxVec3@1@@Z 10004df0 f i CctBoxController.obj
 0001:00003e60       ??ZPxExtendedVec3@physx@@QAEAAU01@ABVPxVec3@1@@Z 10004e60 f i CctBoxController.obj
 0001:00003ed9       ??_EBoxController@Cct@physx@@W7AEPAXI@Z 10004ed9 f i CctBoxController.obj
 0001:00003ef0       ??_EPxControllerManager@physx@@MAEPAXI@Z 10004ef0 f i CctBoxController.obj
 0001:00003f90       ??_GBoxController@Cct@physx@@UAEPAXI@Z 10004f90 f i CctBoxController.obj
 0001:00003f90       ??_EBoxController@Cct@physx@@UAEPAXI@Z 10004f90 f i CctBoxController.obj
 0001:00003ff0       ??_GPxBoxController@physx@@MAEPAXI@Z 10004ff0 f i CctBoxController.obj
 0001:00003ff0       ??_EPxBoxController@physx@@MAEPAXI@Z 10004ff0 f i CctBoxController.obj
 0001:00004030       ??_GPxController@physx@@MAEPAXI@Z 10005030 f i CctBoxController.obj
 0001:00004030       ??_EPxController@physx@@MAEPAXI@Z 10005030 f i CctBoxController.obj
 0001:00004070       ??_GPxControllerManager@physx@@MAEPAXI@Z 10005070 f i CctBoxController.obj
 0001:000040b0       ??_H@YGXPAXIIP6EPAX0@Z@Z   100050b0 f i CctBoxController.obj
 0001:00004110       ??_I@YGXPAXIIP6EX0@Z@Z     10005110 f i CctBoxController.obj
 0001:00004180       ?__empty_global_delete@@YAXPAX@Z 10005180 f i CctBoxController.obj
 0001:00004190       ?__empty_global_delete@@YAXPAXI@Z 10005190 f i CctBoxController.obj
 0001:00004190       ?__global_delete@@YAXPAXI@Z 10005190 f i CctBoxController.obj
 0001:000041a0       ?createController@PxControllerManager@physx@@UAEPAVPxController@2@AAVPxPhysics@2@PAVPxScene@2@ABVPxControllerDesc@2@@Z 100051a0 f i CctBoxController.obj
 0001:00004210       ?getActor@BoxController@Cct@physx@@UBEPAVPxRigidDynamic@3@XZ 10005210 f i CctBoxController.obj
 0001:00004230       ?getCenter@physx@@YAXABUPxExtendedBounds3@1@AAUPxExtendedVec3@1@@Z 10005230 f i CctBoxController.obj
 0001:000042b0       ?getContactOffset@BoxController@Cct@physx@@UBEMXZ 100052b0 f i CctBoxController.obj
 0001:000042d0       ?getExtents@physx@@YAXABUPxExtendedBounds3@1@AAVPxVec3@1@@Z 100052d0 f i CctBoxController.obj
 0001:00004320       ?getHalfHeightInternal@BoxController@Cct@physx@@UBEMXZ 10005320 f i CctBoxController.obj
 0001:00004340       ?getNonWalkableMode@BoxController@Cct@physx@@UBE?AW4Enum@PxControllerNonWalkableMode@3@XZ 10005340 f i CctBoxController.obj
 0001:00004360       ?getPosition@BoxController@Cct@physx@@UBEABUPxExtendedVec3@3@XZ 10005360 f i CctBoxController.obj
 0001:00004380       ?getPxController@BoxController@Cct@physx@@UAEPAVPxController@3@XZ 10005380 f i CctBoxController.obj
 0001:000043a0       ?getScene@BoxController@Cct@physx@@UAEPAVPxScene@3@XZ 100053a0 f i CctBoxController.obj
 0001:000043c0       ?getSlopeLimit@BoxController@Cct@physx@@UBEMXZ 100053c0 f i CctBoxController.obj
 0001:000043e0       ?getState@BoxController@Cct@physx@@UBEXAAUPxControllerState@3@@Z 100053e0 f i CctBoxController.obj
 0001:00004410       ?getStats@BoxController@Cct@physx@@UBEXAAUPxControllerStats@3@@Z 10005410 f i CctBoxController.obj
 0001:00004440       ?getStepOffset@BoxController@Cct@physx@@UBEMXZ 10005440 f i CctBoxController.obj
 0001:00004460       ?getType@BoxController@Cct@physx@@UBE?AW4Enum@PxControllerShapeType@3@XZ 10005460 f i CctBoxController.obj
 0001:00004480       ?getUpDirection@BoxController@Cct@physx@@UBE?AVPxVec3@3@XZ 10005480 f i CctBoxController.obj
 0001:000044b0       ?getUserData@BoxController@Cct@physx@@UBEPAXXZ 100054b0 f i CctBoxController.obj
 0001:000044d0       ?lock@?$MutexT@V?$ReflectionAllocator@VMutexImpl@shdfnd@physx@@@shdfnd@physx@@@shdfnd@physx@@QBEXXZ 100054d0 f i CctBoxController.obj
 0001:000044f0       ?release@BoxController@Cct@physx@@UAEXXZ 100054f0 f i CctBoxController.obj
 0001:00004510       ?setCenterExtents@physx@@YAXAAUPxExtendedBounds3@1@ABUPxExtendedVec3@1@ABVPxVec3@1@@Z 10005510 f i CctBoxController.obj
 0001:000045a0       ?setContactOffset@BoxController@Cct@physx@@UAEXM@Z 100055a0 f i CctBoxController.obj
 0001:000045e0       ?setNonWalkableMode@BoxController@Cct@physx@@UAEXW4Enum@PxControllerNonWalkableMode@3@@Z 100055e0 f i CctBoxController.obj
 0001:00004600       ?setPosition@BoxController@Cct@physx@@UAE_NABUPxExtendedVec3@3@@Z 10005600 f i CctBoxController.obj
 0001:00004630       ?setSlopeLimit@BoxController@Cct@physx@@UAEXM@Z 10005630 f i CctBoxController.obj
 0001:00004670       ?setStepOffset@BoxController@Cct@physx@@UAEXM@Z 10005670 f i CctBoxController.obj
 0001:000046b0       ?setUpDirection@BoxController@Cct@physx@@UAEXABVPxVec3@3@@Z 100056b0 f i CctBoxController.obj
 0001:000046e0       ?setUserData@BoxController@Cct@physx@@UAEXPAX@Z 100056e0 f i CctBoxController.obj
 0001:00004700       ?unlock@?$MutexT@V?$ReflectionAllocator@VMutexImpl@shdfnd@physx@@@shdfnd@physx@@@shdfnd@physx@@QBEXXZ 10005700 f i CctBoxController.obj
 0001:00004720       ??0CapsuleController@Cct@physx@@QAE@ABVPxControllerDesc@2@AAVPxPhysics@2@PAVPxScene@2@@Z 10005720 f   CctCapsuleController.obj
 0001:00004820       ??1CapsuleController@Cct@physx@@UAE@XZ 10005820 f   CctCapsuleController.obj
 0001:00004860       ?getWorldBox@CapsuleController@Cct@physx@@UBE_NAAUPxExtendedBounds3@3@@Z 10005860 f   CctCapsuleController.obj
 0001:000048e0       ?setFootPosition@CapsuleController@Cct@physx@@UAE_NABUPxExtendedVec3@3@@Z 100058e0 f   CctCapsuleController.obj
 0001:00004970       ?getFootPosition@CapsuleController@Cct@physx@@UBE?AUPxExtendedVec3@3@XZ 10005970 f   CctCapsuleController.obj
 0001:00004a20       ?invalidateCache@CapsuleController@Cct@physx@@UAEXXZ 10005a20 f   CctCapsuleController.obj
 0001:00004a80       ?resize@CapsuleController@Cct@physx@@UAEXM@Z 10005a80 f   CctCapsuleController.obj
 0001:00004b50       ?getClimbingMode@CapsuleController@Cct@physx@@UBE?AW4Enum@PxCapsuleClimbingMode@3@XZ 10005b50 f   CctCapsuleController.obj
 0001:00004b70       ?setRadius@CapsuleController@Cct@physx@@UAE_NM@Z 10005b70 f   CctCapsuleController.obj
 0001:00004c50       ?setHeight@CapsuleController@Cct@physx@@UAE_NM@Z 10005c50 f   CctCapsuleController.obj
 0001:00004d30       ?setClimbingMode@CapsuleController@Cct@physx@@UAE_NW4Enum@PxCapsuleClimbingMode@3@@Z 10005d30 f   CctCapsuleController.obj
 0001:00004d60       ?getCapsule@CapsuleController@Cct@physx@@QBEXAAUPxExtendedCapsule@3@@Z 10005d60 f   CctCapsuleController.obj
 0001:000050b0       ??0PxCapsuleController@physx@@IAE@XZ 100060b0 f i CctCapsuleController.obj
 0001:000050e0       ??0PxCapsuleGeometry@physx@@QAE@XZ 100060e0 f i CctCapsuleController.obj
 0001:00005130       ??1PxCapsuleController@physx@@MAE@XZ 10006130 f i CctCapsuleController.obj
 0001:00005153       ??_ECapsuleController@Cct@physx@@W7AEPAXI@Z 10006153 f i CctCapsuleController.obj
 0001:00005160       ??_ECapsuleController@Cct@physx@@UAEPAXI@Z 10006160 f i CctCapsuleController.obj
 0001:00005160       ??_GCapsuleController@Cct@physx@@UAEPAXI@Z 10006160 f i CctCapsuleController.obj
 0001:000051c0       ??_EPxCapsuleController@physx@@MAEPAXI@Z 100061c0 f i CctCapsuleController.obj
 0001:000051c0       ??_GPxCapsuleController@physx@@MAEPAXI@Z 100061c0 f i CctCapsuleController.obj
 0001:00005200       ?getActor@CapsuleController@Cct@physx@@UBEPAVPxRigidDynamic@3@XZ 10006200 f i CctCapsuleController.obj
 0001:00005220       ?getContactOffset@CapsuleController@Cct@physx@@UBEMXZ 10006220 f i CctCapsuleController.obj
 0001:00005240       ?getHalfHeightInternal@CapsuleController@Cct@physx@@UBEMXZ 10006240 f i CctCapsuleController.obj
 0001:00005280       ?getHeight@CapsuleController@Cct@physx@@UBEMXZ 10006280 f i CctCapsuleController.obj
 0001:000052a0       ?getNonWalkableMode@CapsuleController@Cct@physx@@UBE?AW4Enum@PxControllerNonWalkableMode@3@XZ 100062a0 f i CctCapsuleController.obj
 0001:000052c0       ?getPosition@CapsuleController@Cct@physx@@UBEABUPxExtendedVec3@3@XZ 100062c0 f i CctCapsuleController.obj
 0001:000052e0       ?getPxController@CapsuleController@Cct@physx@@UAEPAVPxController@3@XZ 100062e0 f i CctCapsuleController.obj
 0001:00005300       ?getRadius@CapsuleController@Cct@physx@@UBEMXZ 10006300 f i CctCapsuleController.obj
 0001:00005320       ?getScene@CapsuleController@Cct@physx@@UAEPAVPxScene@3@XZ 10006320 f i CctCapsuleController.obj
 0001:00005340       ?getSlopeLimit@CapsuleController@Cct@physx@@UBEMXZ 10006340 f i CctCapsuleController.obj
 0001:00005360       ?getState@CapsuleController@Cct@physx@@UBEXAAUPxControllerState@3@@Z 10006360 f i CctCapsuleController.obj
 0001:00005390       ?getStats@CapsuleController@Cct@physx@@UBEXAAUPxControllerStats@3@@Z 10006390 f i CctCapsuleController.obj
 0001:000053c0       ?getStepOffset@CapsuleController@Cct@physx@@UBEMXZ 100063c0 f i CctCapsuleController.obj
 0001:000053e0       ?getType@CapsuleController@Cct@physx@@UBE?AW4Enum@PxControllerShapeType@3@XZ 100063e0 f i CctCapsuleController.obj
 0001:00005400       ?getUpDirection@CapsuleController@Cct@physx@@UBE?AVPxVec3@3@XZ 10006400 f i CctCapsuleController.obj
 0001:00005430       ?getUserData@CapsuleController@Cct@physx@@UBEPAXXZ 10006430 f i CctCapsuleController.obj
 0001:00005450       ?release@CapsuleController@Cct@physx@@UAEXXZ 10006450 f i CctCapsuleController.obj
 0001:00005470       ?setContactOffset@CapsuleController@Cct@physx@@UAEXM@Z 10006470 f i CctCapsuleController.obj
 0001:000054b0       ?setNonWalkableMode@CapsuleController@Cct@physx@@UAEXW4Enum@PxControllerNonWalkableMode@3@@Z 100064b0 f i CctCapsuleController.obj
 0001:000054d0       ?setPosition@CapsuleController@Cct@physx@@UAE_NABUPxExtendedVec3@3@@Z 100064d0 f i CctCapsuleController.obj
 0001:00005500       ?setSlopeLimit@CapsuleController@Cct@physx@@UAEXM@Z 10006500 f i CctCapsuleController.obj
 0001:00005540       ?setStepOffset@CapsuleController@Cct@physx@@UAEXM@Z 10006540 f i CctCapsuleController.obj
 0001:00005580       ?setUpDirection@CapsuleController@Cct@physx@@UAEXABVPxVec3@3@@Z 10006580 f i CctCapsuleController.obj
 0001:000055b0       ?setUserData@CapsuleController@Cct@physx@@UAEXPAX@Z 100065b0 f i CctCapsuleController.obj
 0001:000055d0       ??0CCTParams@Cct@physx@@QAE@XZ 100065d0 f   CctCharacterController.obj
 0001:00005690       ??0SweepTest@Cct@physx@@QAE@XZ 10006690 f   CctCharacterController.obj
 0001:000059b0       ??1SweepTest@Cct@physx@@QAE@XZ 100069b0 f   CctCharacterController.obj
 0001:000059e0       ?moveCharacter@SweepTest@Cct@physx@@QAE?AV?$PxFlags@W4Enum@PxControllerCollisionFlag@physx@@E@3@PBUInternalCBData_FindTouchedGeom@23@PBUInternalCBData_OnHit@23@AAVSweptVolume@23@ABVPxVec3@3@ABUUserObstacles@23@MABVPxControllerFilters@3@_N6@Z 100069e0 f   CctCharacterController.obj
 0001:000063f0       ?doSweepTest@SweepTest@Cct@physx@@QAE_NPBUInternalCBData_FindTouchedGeom@23@PBUInternalCBData_OnHit@23@ABUUserObstacles@23@AAVSweptVolume@23@ABVPxVec3@3@4IPAIMABVPxControllerFilters@3@W4SweepPass@23@@Z 100073f0 f   CctCharacterController.obj
 0001:00006e90       ?findTouchedObstacles@SweepTest@Cct@physx@@QAEXABUUserObstacles@23@ABUPxExtendedBounds3@3@@Z 10007e90 f   CctCharacterController.obj
 0001:00007370       ?voidTestCache@SweepTest@Cct@physx@@QAEXXZ 10008370 f   CctCharacterController.obj
 0001:000073b0       ?onRelease@SweepTest@Cct@physx@@QAEXABVPxBase@3@@Z 100083b0 f   CctCharacterController.obj
 0001:00007460       ?onObstacleRemoved@SweepTest@Cct@physx@@QAEXI@Z 10008460 f   CctCharacterController.obj
 0001:00007490       ?onObstacleUpdated@SweepTest@Cct@physx@@QAEXIPBVPxObstacleContext@3@ABVPxVec3@3@1M@Z 10008490 f   CctCharacterController.obj
 0001:000075f0       ?onObstacleAdded@SweepTest@Cct@physx@@QAEXIPBVPxObstacleContext@3@ABVPxVec3@3@1M@Z 100085f0 f   CctCharacterController.obj
 0001:00007770       ?onOriginShift@SweepTest@Cct@physx@@QAEXABVPxVec3@3@@Z 10008770 f   CctCharacterController.obj
 0001:00007870       ?updateTouchedGeoms@SweepTest@Cct@physx@@AAEXPBUInternalCBData_FindTouchedGeom@23@ABUUserObstacles@23@ABUPxExtendedBounds3@3@ABVPxControllerFilters@3@ABVPxVec3@3@@Z 10008870 f   CctCharacterController.obj
 0001:00007e70       ?findTouchedObject@Controller@Cct@physx@@IAEXABVPxControllerFilters@3@PBVPxObstacleContext@3@ABVPxVec3@3@@Z 10008e70 f   CctCharacterController.obj
 0001:00008440       ?rideOnTouchedObject@Controller@Cct@physx@@IAE_NAAVSweptVolume@23@ABVPxVec3@3@AAV53@PBVPxObstacleContext@3@@Z 10009440 f   CctCharacterController.obj
 0001:000088f0       ?move@Controller@Cct@physx@@IAE?AV?$PxFlags@W4Enum@PxControllerCollisionFlag@physx@@E@3@AAVSweptVolume@23@ABVPxVec3@3@MMABVPxControllerFilters@3@PBVPxObstacleContext@3@_N@Z 100098f0 f   CctCharacterController.obj
 0001:00009880       ?filterTouchedShape@Controller@Cct@physx@@IAE_NABVPxControllerFilters@3@@Z 1000a880 f   CctCharacterController.obj
 0001:0000bb90       ?move@BoxController@Cct@physx@@UAE?AV?$PxFlags@W4Enum@PxControllerCollisionFlag@physx@@E@3@ABVPxVec3@3@MMABVPxControllerFilters@3@PBVPxObstacleContext@3@@Z 1000cb90 f   CctCharacterController.obj
 0001:0000bc80       ?move@CapsuleController@Cct@physx@@UAE?AV?$PxFlags@W4Enum@PxControllerCollisionFlag@physx@@E@3@ABVPxVec3@3@MMABVPxControllerFilters@3@PBVPxObstacleContext@3@@Z 1000cc80 f   CctCharacterController.obj
 0001:0000d760       ??$PX_UNUSED@I@@YAXABI@Z   1000e760 f i CctCharacterController.obj
 0001:0000d770       ??$PX_UNUSED@PBUPxRaycastHit@physx@@@@YAXABQBUPxRaycastHit@physx@@@Z 1000e770 f i CctCharacterController.obj
 0001:0000d780       ??$PX_UNUSED@W4PxIDENTITY@physx@@@@YAXABW4PxIDENTITY@physx@@@Z 1000e780 f i CctCharacterController.obj
 0001:0000d790       ??$PxMax@N@physx@@YANNN@Z  1000e790 f i CctCharacterController.obj
 0001:0000d7d0       ??$PxMin@N@physx@@YANNN@Z  1000e7d0 f i CctCharacterController.obj
 0001:0000d810       ??$PxUnionCast@PBVPxGeometry@physx@@PAY03$$CBE@physx@@YAPBVPxGeometry@0@PAY03$$CBE@Z 1000e810 f i CctCharacterController.obj
 0001:0000d830       ??$reserve@IVNamedAllocator@shdfnd@physx@@@Cct@physx@@YAPAIAAV?$Array@IVNamedAllocator@shdfnd@physx@@@shdfnd@1@I@Z 1000e830 f i CctCharacterController.obj
 0001:0000d880       ??0?$Array@IVNamedAllocator@shdfnd@physx@@@shdfnd@physx@@QAE@ABVNamedAllocator@12@@Z 1000e880 f i CctCharacterController.obj
 0001:0000d8d0       ??0?$Array@VPxTriangle@physx@@VNamedAllocator@shdfnd@2@@shdfnd@physx@@QAE@ABVNamedAllocator@12@@Z 1000e8d0 f i CctCharacterController.obj
 0001:0000d920       ??0?$PxFlags@W4Enum@PxControllerCollisionFlag@physx@@E@physx@@QAE@ABV01@@Z 1000e920 f i CctCharacterController.obj
 0001:0000d940       ??0?$PxFlags@W4Enum@PxControllerCollisionFlag@physx@@E@physx@@QAE@E@Z 1000e940 f i CctCharacterController.obj
 0001:0000d960       ??0?$PxFlags@W4Enum@PxHitFlag@physx@@G@physx@@QAE@ABV01@@Z 1000e960 f i CctCharacterController.obj
 0001:0000d990       ??0?$PxFlags@W4Enum@PxHitFlag@physx@@G@physx@@QAE@G@Z 1000e990 f i CctCharacterController.obj
 0001:0000d9b0       ??0?$PxFlags@W4Enum@PxHitFlag@physx@@G@physx@@QAE@W4Enum@PxHitFlag@1@@Z 1000e9b0 f i CctCharacterController.obj
 0001:0000d9d0       ??0?$PxFlags@W4Enum@PxQueryFlag@physx@@G@physx@@QAE@ABV01@@Z 1000e9d0 f i CctCharacterController.obj
 0001:0000da00       ??0?$PxFlags@W4Enum@PxQueryFlag@physx@@G@physx@@QAE@W4Enum@PxQueryFlag@1@@Z 1000ea00 f i CctCharacterController.obj
 0001:0000da20       ??0?$PxFlags@W4Enum@PxQueryFlag@physx@@G@physx@@QAE@XZ 1000ea20 f i CctCharacterController.obj
 0001:0000da40       ??0?$PxFlags@W4Enum@PxShapeFlag@physx@@E@physx@@QAE@ABV01@@Z 1000ea40 f i CctCharacterController.obj
 0001:0000da60       ??0?$PxHitBuffer@UPxRaycastHit@physx@@@physx@@QAE@PAUPxRaycastHit@1@I@Z 1000ea60 f i CctCharacterController.obj
 0001:0000daa0       ??0?$PxHitCallback@UPxRaycastHit@physx@@@physx@@QAE@PAUPxRaycastHit@1@I@Z 1000eaa0 f i CctCharacterController.obj
 0001:0000db20       ??0CCTFilter@Cct@physx@@QAE@XZ 1000eb20 f i CctCharacterController.obj
 0001:0000db80       ??0ControllerFilter@@QAE@XZ 1000eb80 f i CctCharacterController.obj
 0001:0000dbc0       ??0DebugBox@Cm@physx@@QAE@ABVPxBounds3@2@_N@Z 1000ebc0 f i CctCharacterController.obj
 0001:0000dc10       ??0DebugBox@Cm@physx@@QAE@ABVPxVec3@2@_N@Z 1000ec10 f i CctCharacterController.obj
 0001:0000dc60       ??0Matrix34@Cm@physx@@QAE@XZ 1000ec60 f i CctCharacterController.obj
 0001:0000dcb0       ??0PxActorShape@physx@@QAE@XZ 1000ecb0 f i CctCharacterController.obj
 0001:0000dce0       ??0PxBounds3@physx@@QAE@ABVPxVec3@1@0@Z 1000ece0 f i CctCharacterController.obj
 0001:0000dd20       ??0PxBoxGeometry@physx@@QAE@VPxVec3@1@@Z 1000ed20 f i CctCharacterController.obj
 0001:0000dd60       ??0PxCapsuleGeometry@physx@@QAE@MM@Z 1000ed60 f i CctCharacterController.obj
 0001:0000ddb0       ??0PxExtendedBox@physx@@QAE@ABV01@@Z 1000edb0 f i CctCharacterController.obj
 0001:0000de30       ??0PxExtendedBox@physx@@QAE@XZ 1000ee30 f i CctCharacterController.obj
 0001:0000de70       ??0PxExtendedCapsule@physx@@QAE@XZ 1000ee70 f i CctCharacterController.obj
 0001:0000de90       ??0PxExtendedSegment@physx@@QAE@XZ 1000ee90 f i CctCharacterController.obj
 0001:0000dec0       ??0PxFilterData@physx@@QAE@XZ 1000eec0 f i CctCharacterController.obj
 0001:0000df10       ??0PxLocationHit@physx@@QAE@XZ 1000ef10 f i CctCharacterController.obj
 0001:0000df90       ??0PxMat33@physx@@QAE@ABVPxQuat@1@@Z 1000ef90 f i CctCharacterController.obj
 0001:0000e210       ??0PxMat33@physx@@QAE@W4PxIDENTITY@1@@Z 1000f210 f i CctCharacterController.obj
 0001:0000e300       ??0PxQuat@physx@@QAE@ABV01@@Z 1000f300 f i CctCharacterController.obj
 0001:0000e350       ??0PxQuat@physx@@QAE@MMMM@Z 1000f350 f i CctCharacterController.obj
 0001:0000e3b0       ??0PxQuat@physx@@QAE@W4PxIDENTITY@1@@Z 1000f3b0 f i CctCharacterController.obj
 0001:0000e430       ??0PxQuat@physx@@QAE@XZ    1000f430 f i CctCharacterController.obj
 0001:0000e450       ??0PxQueryFilterCallback@physx@@QAE@XZ 1000f450 f i CctCharacterController.obj
 0001:0000e470       ??0PxQueryFilterData@physx@@QAE@ABUPxFilterData@1@V?$PxFlags@W4Enum@PxQueryFlag@physx@@G@1@@Z 1000f470 f i CctCharacterController.obj
 0001:0000e4d0       ??0PxQueryHit@physx@@QAE@XZ 1000f4d0 f i CctCharacterController.obj
 0001:0000e500       ??0PxRaycastHit@physx@@QAE@XZ 1000f500 f i CctCharacterController.obj
 0001:0000e550       ??0PxSphereGeometry@physx@@QAE@XZ 1000f550 f i CctCharacterController.obj
 0001:0000e590       ??0PxSweepHit@physx@@QAE@XZ 1000f590 f i CctCharacterController.obj
 0001:0000e5b0       ??0PxTransform@physx@@QAE@ABVPxVec3@1@ABVPxQuat@1@@Z 1000f5b0 f i CctCharacterController.obj
 0001:0000e640       ??0PxTransform@physx@@QAE@XZ 1000f640 f i CctCharacterController.obj
 0001:0000e670       ??0PxVec3@physx@@QAE@M@Z   1000f670 f i CctCharacterController.obj
 0001:0000e6c0       ??0PxVec3@physx@@QAE@XZ    1000f6c0 f i CctCharacterController.obj
 0001:0000e6e0       ??0SIMDGuard@shdfnd@physx@@QAE@XZ 1000f6e0 f i CctCharacterController.obj
 0001:0000e710       ??0SweptContact@Cct@physx@@QAE@XZ 1000f710 f i CctCharacterController.obj
 0001:0000e740       ??1?$Array@IVNamedAllocator@shdfnd@physx@@@shdfnd@physx@@QAE@XZ 1000f740 f i CctCharacterController.obj
 0001:0000e7b0       ??1?$Array@VPxTriangle@physx@@VNamedAllocator@shdfnd@2@@shdfnd@physx@@QAE@XZ 1000f7b0 f i CctCharacterController.obj
 0001:0000e820       ??1?$PxHitBuffer@UPxRaycastHit@physx@@@physx@@UAE@XZ 1000f820 f i CctCharacterController.obj
 0001:0000e850       ??1?$PxHitCallback@UPxRaycastHit@physx@@@physx@@UAE@XZ 1000f850 f i CctCharacterController.obj
 0001:0000e870       ??1ControllerFilter@@UAE@XZ 1000f870 f i CctCharacterController.obj
 0001:0000e890       ??1PxExtendedBox@physx@@QAE@XZ 1000f890 f i CctCharacterController.obj
 0001:0000e8a0       ??1PxQueryFilterCallback@physx@@UAE@XZ 1000f8a0 f i CctCharacterController.obj
 0001:0000e8c0       ??1PxTriangle@physx@@QAE@XZ 1000f8c0 f i CctCharacterController.obj
 0001:0000e8d0       ??1SIMDGuard@shdfnd@physx@@QAE@XZ 1000f8d0 f i CctCharacterController.obj
 0001:0000e900       ??2@YAPAXIPAX@Z            1000f900 f i CctCharacterController.obj
 0001:0000e910       ??4?$PxFlags@W4Enum@PxControllerCollisionFlag@physx@@E@physx@@QAEAAV01@ABV01@@Z 1000f910 f i CctCharacterController.obj
 0001:0000e930       ??4?$PxFlags@W4Enum@PxHitFlag@physx@@G@physx@@QAEAAV01@ABV01@@Z 1000f930 f i CctCharacterController.obj
 0001:0000e960       ??4?$PxFlags@W4Enum@PxQueryFlag@physx@@G@physx@@QAEAAV01@ABV01@@Z 1000f960 f i CctCharacterController.obj
 0001:0000e990       ??4CCTParams@Cct@physx@@QAEAAU012@ABU012@@Z 1000f990 f i CctCharacterController.obj
 0001:0000ea90       ??4PxExtendedBox@physx@@QAEAAV01@ABV01@@Z 1000fa90 f i CctCharacterController.obj
 0001:0000eb10       ??4PxLocationHit@physx@@QAEAAU01@ABU01@@Z 1000fb10 f i CctCharacterController.obj
 0001:0000eba0       ??4PxRaycastHit@physx@@QAEAAU01@ABU01@@Z 1000fba0 f i CctCharacterController.obj
 0001:0000ec20       ??4PxTransform@physx@@QAEAAV01@$$QAV01@@Z 1000fc20 f i CctCharacterController.obj
 0001:0000ec60       ??4SweptContact@Cct@physx@@QAEAAU012@ABU012@@Z 1000fc60 f i CctCharacterController.obj
 0001:0000ed00       ??A?$Array@IVNamedAllocator@shdfnd@physx@@@shdfnd@physx@@QBEABII@Z 1000fd00 f i CctCharacterController.obj
 0001:0000ed70       ??A?$Array@UInternalBoxObstacle@ObstacleContext@Cct@physx@@VNamedAllocator@shdfnd@4@@shdfnd@physx@@QBEABUInternalBoxObstacle@ObstacleContext@Cct@2@I@Z 1000fd70 f i CctCharacterController.obj
 0001:0000ede0       ??A?$Array@UInternalCapsuleObstacle@ObstacleContext@Cct@physx@@VNamedAllocator@shdfnd@4@@shdfnd@physx@@QBEABUInternalCapsuleObstacle@ObstacleContext@Cct@2@I@Z 1000fde0 f i CctCharacterController.obj
 0001:0000ee50       ??A?$Array@VPxTriangle@physx@@VNamedAllocator@shdfnd@2@@shdfnd@physx@@QAEAAVPxTriangle@2@I@Z 1000fe50 f i CctCharacterController.obj
 0001:0000eec0       ??A?$Array@VPxTriangle@physx@@VNamedAllocator@shdfnd@2@@shdfnd@physx@@QBEABVPxTriangle@2@I@Z 1000fec0 f i CctCharacterController.obj
 0001:0000ef30       ??B?$PxFlags@W4Enum@PxControllerBehaviorFlag@physx@@E@physx@@QBEIXZ 1000ff30 f i CctCharacterController.obj
 0001:0000ef50       ??B?$PxFlags@W4Enum@PxControllerDebugRenderFlag@physx@@I@physx@@QBEIXZ 1000ff50 f i CctCharacterController.obj
 0001:0000ef70       ??B?$PxFlags@W4Enum@PxQueryFlag@physx@@G@physx@@QBE_NXZ 1000ff70 f i CctCharacterController.obj
 0001:0000efa0       ??B?$PxFlags@W4Enum@PxShapeFlag@physx@@E@physx@@QBE_NXZ 1000ffa0 f i CctCharacterController.obj
 0001:0000efd0       ??DPxQuat@physx@@QBE?AV01@ABV01@@Z 1000ffd0 f i CctCharacterController.obj
 0001:0000f180       ??DPxTransform@physx@@QBE?AV01@ABV01@@Z 10010180 f i CctCharacterController.obj
 0001:0000f200       ??GPxVec3@physx@@QBE?AV01@ABV01@@Z 10010200 f i CctCharacterController.obj
 0001:0000f270       ??GPxVec3@physx@@QBE?AV01@XZ 10010270 f i CctCharacterController.obj
 0001:0000f2e0       ??HPxVec3@physx@@QBE?AV01@ABV01@@Z 100102e0 f i CctCharacterController.obj
 0001:0000f350       ??I?$PxFlags@W4Enum@PxQueryFlag@physx@@G@physx@@QBE?AV01@W4Enum@PxQueryFlag@1@@Z 10010350 f i CctCharacterController.obj
 0001:0000f3a0       ??I?$PxFlags@W4Enum@PxShapeFlag@physx@@E@physx@@QBE?AV01@W4Enum@PxShapeFlag@1@@Z 100103a0 f i CctCharacterController.obj
 0001:0000f3f0       ??R?$Hash@PAVPxShape@physx@@@shdfnd@physx@@QBEIABQAVPxShape@2@@Z 100103f0 f i CctCharacterController.obj
 0001:0000f420       ??R?$Hash@PAVPxShape@physx@@@shdfnd@physx@@QBE_NABQAVPxShape@2@0@Z 10010420 f i CctCharacterController.obj
 0001:0000f460       ??RGetKey@?$HashSetBase@PAVPxShape@physx@@U?$Hash@PAVPxShape@physx@@@shdfnd@2@VAllocator@42@$0A@@internal@shdfnd@physx@@QAEABQAVPxShape@4@ABQAV54@@Z 10010460 f i CctCharacterController.obj
 0001:0000f480       ??U?$PxFlags@W4Enum@PxHitFlag@physx@@G@physx@@QBE?AV01@W4Enum@PxHitFlag@1@@Z 10010480 f i CctCharacterController.obj
 0001:0000f4d0       ??U?$PxFlags@W4Enum@PxQueryFlag@physx@@G@physx@@QBE?AV01@W4Enum@PxQueryFlag@1@@Z 100104d0 f i CctCharacterController.obj
 0001:0000f520       ??Uphysx@@YA?AV?$PxFlags@W4Enum@PxHitFlag@physx@@G@0@W4Enum@PxHitFlag@0@0@Z 10010520 f i CctCharacterController.obj
 0001:0000f560       ??Uphysx@@YA?AV?$PxFlags@W4Enum@PxQueryFlag@physx@@G@0@W4Enum@PxQueryFlag@0@0@Z 10010560 f i CctCharacterController.obj
 0001:0000f5a0       ??YPxVec3@physx@@QAEAAV01@ABV01@@Z 100105a0 f i CctCharacterController.obj
 0001:0000f610       ??ZPxVec3@physx@@QAEAAV01@ABV01@@Z 10010610 f i CctCharacterController.obj
 0001:0000f680       ??_0PxVec3@physx@@QAEAAV01@M@Z 10010680 f i CctCharacterController.obj
 0001:0000f700       ??_5?$PxFlags@W4Enum@PxControllerCollisionFlag@physx@@E@physx@@QAEAAV01@W4Enum@PxControllerCollisionFlag@1@@Z 10010700 f i CctCharacterController.obj
 0001:0000f730       ??_5?$PxFlags@W4Enum@PxHitFlag@physx@@G@physx@@QAEAAV01@W4Enum@PxHitFlag@1@@Z 10010730 f i CctCharacterController.obj
 0001:0000f760       ??_5?$PxFlags@W4Enum@PxQueryFlag@physx@@G@physx@@QAEAAV01@W4Enum@PxQueryFlag@1@@Z 10010760 f i CctCharacterController.obj
 0001:0000f790       ??_E?$PxHitBuffer@UPxRaycastHit@physx@@@physx@@UAEPAXI@Z 10010790 f i CctCharacterController.obj
 0001:0000f790       ??_G?$PxHitBuffer@UPxRaycastHit@physx@@@physx@@UAEPAXI@Z 10010790 f i CctCharacterController.obj
 0001:0000f7d0       ??_G?$PxHitCallback@UPxRaycastHit@physx@@@physx@@UAEPAXI@Z 100107d0 f i CctCharacterController.obj
 0001:0000f7d0       ??_E?$PxHitCallback@UPxRaycastHit@physx@@@physx@@UAEPAXI@Z 100107d0 f i CctCharacterController.obj
 0001:0000f810       ??_GControllerFilter@@UAEPAXI@Z 10010810 f i CctCharacterController.obj
 0001:0000f810       ??_EControllerFilter@@UAEPAXI@Z 10010810 f i CctCharacterController.obj
 0001:0000f850       ??_GPxExtendedBox@physx@@QAEPAXI@Z 10010850 f i CctCharacterController.obj
 0001:0000f890       ??_EPxQueryFilterCallback@physx@@UAEPAXI@Z 10010890 f i CctCharacterController.obj
 0001:0000f890       ??_GPxQueryFilterCallback@physx@@UAEPAXI@Z 10010890 f i CctCharacterController.obj
 0001:0000f8d0       ??_GPxTriangle@physx@@QAEPAXI@Z 100108d0 f i CctCharacterController.obj
 0001:0000f910       ?FLoad@aos@shdfnd@physx@@YA?AT__m128@@M@Z 10010910 f i CctCharacterController.obj
 0001:0000f950       ?PxAbs@physx@@YAMM@Z       10010950 f i CctCharacterController.obj
 0001:0000f970       ?PxIsFinite@physx@@YA_NM@Z 10010970 f i CctCharacterController.obj
 0001:0000f990       ?PxRecipSqrt@physx@@YAMM@Z 10010990 f i CctCharacterController.obj
 0001:0000f9b0       ?PxSqrt@physx@@YAMM@Z      100109b0 f i CctCharacterController.obj
 0001:0000f9d0       ?PxSqrt@physx@@YANN@Z      100109d0 f i CctCharacterController.obj
 0001:0000f9f0       ?V3Load@aos@shdfnd@physx@@YA?AT__m128@@M@Z 100109f0 f i CctCharacterController.obj
 0001:0000fa50       ?V4Load@aos@shdfnd@physx@@YA?AT__m128@@M@Z 10010a50 f i CctCharacterController.obj
 0001:0000fa90       ?abs@intrinsics@physx@@YAMM@Z 10010a90 f i CctCharacterController.obj
 0001:0000fab0       ?add@physx@@YAXAAUPxExtendedBounds3@1@ABU21@@Z 10010ab0 f i CctCharacterController.obj
 0001:0000fae0       ?allocate@?$Array@IVNamedAllocator@shdfnd@physx@@@shdfnd@physx@@IAEPAII@Z 10010ae0 f i CctCharacterController.obj
 0001:0000fb60       ?allocate@?$Array@PBXVNamedAllocator@shdfnd@physx@@@shdfnd@physx@@IAEPAPBXI@Z 10010b60 f i CctCharacterController.obj
 0001:0000fbe0       ?allocate@?$Array@UPxExtendedCapsule@physx@@VNamedAllocator@shdfnd@2@@shdfnd@physx@@IAEPAUPxExtendedCapsule@3@I@Z 10010be0 f i CctCharacterController.obj
 0001:0000fc60       ?allocate@?$Array@VPxExtendedBox@physx@@VNamedAllocator@shdfnd@2@@shdfnd@physx@@IAEPAVPxExtendedBox@3@I@Z 10010c60 f i CctCharacterController.obj
 0001:0000fce0       ?any@PxGeometryHolder@physx@@QBEABVPxGeometry@2@XZ 10010ce0 f i CctCharacterController.obj
 0001:0000fd00       ?begin@?$Array@IVNamedAllocator@shdfnd@physx@@@shdfnd@physx@@QAEPAIXZ 10010d00 f i CctCharacterController.obj
 0001:0000fd20       ?begin@?$Array@IVNamedAllocator@shdfnd@physx@@@shdfnd@physx@@QBEPBIXZ 10010d20 f i CctCharacterController.obj
 0001:0000fd40       ?begin@?$Array@PBXVNamedAllocator@shdfnd@physx@@@shdfnd@physx@@QAEPAPBXXZ 10010d40 f i CctCharacterController.obj
 0001:0000fd60       ?begin@?$Array@UPxExtendedCapsule@physx@@VNamedAllocator@shdfnd@2@@shdfnd@physx@@QAEPAUPxExtendedCapsule@3@XZ 10010d60 f i CctCharacterController.obj
 0001:0000fd80       ?begin@?$Array@VPxExtendedBox@physx@@VNamedAllocator@shdfnd@2@@shdfnd@physx@@QAEPAVPxExtendedBox@3@XZ 10010d80 f i CctCharacterController.obj
 0001:0000fda0       ?capacity@?$Array@IVNamedAllocator@shdfnd@physx@@@shdfnd@physx@@QBEIXZ 10010da0 f i CctCharacterController.obj
 0001:0000fdc0       ?capacity@?$Array@PBXVNamedAllocator@shdfnd@physx@@@shdfnd@physx@@QBEIXZ 10010dc0 f i CctCharacterController.obj
 0001:0000fde0       ?capacity@?$Array@UPxExtendedCapsule@physx@@VNamedAllocator@shdfnd@2@@shdfnd@physx@@QBEIXZ 10010de0 f i CctCharacterController.obj
 0001:0000fe00       ?capacity@?$Array@VPxExtendedBox@physx@@VNamedAllocator@shdfnd@2@@shdfnd@physx@@QBEIXZ 10010e00 f i CctCharacterController.obj
 0001:0000fe20       ?capacity@?$Array@VPxTriangle@physx@@VNamedAllocator@shdfnd@2@@shdfnd@physx@@QBEIXZ 10010e20 f i CctCharacterController.obj
 0001:0000fe40       ?capacityIncrement@?$Array@PBXVNamedAllocator@shdfnd@physx@@@shdfnd@physx@@IBEIXZ 10010e40 f i CctCharacterController.obj
 0001:0000fe80       ?capacityIncrement@?$Array@UPxExtendedCapsule@physx@@VNamedAllocator@shdfnd@2@@shdfnd@physx@@IBEIXZ 10010e80 f i CctCharacterController.obj
 0001:0000fec0       ?capacityIncrement@?$Array@VPxExtendedBox@physx@@VNamedAllocator@shdfnd@2@@shdfnd@physx@@IBEIXZ 10010ec0 f i CctCharacterController.obj
 0001:0000ff00       ?clear@?$Array@IVNamedAllocator@shdfnd@physx@@@shdfnd@physx@@QAEXXZ 10010f00 f i CctCharacterController.obj
 0001:0000ff40       ?clear@?$Array@VPxTriangle@physx@@VNamedAllocator@shdfnd@2@@shdfnd@physx@@QAEXXZ 10010f40 f i CctCharacterController.obj
 0001:0000ff80       ?contains@?$HashSetBase@PAVPxShape@physx@@U?$Hash@PAVPxShape@physx@@@shdfnd@2@VAllocator@42@$0A@@internal@shdfnd@physx@@QBE_NABQAVPxShape@4@@Z 10010f80 f i CctCharacterController.obj
 0001:0000ffc0       ?copy@?$Array@IVNamedAllocator@shdfnd@physx@@@shdfnd@physx@@KAXPAI0PBI@Z 10010fc0 f i CctCharacterController.obj
 0001:00010030       ?copy@?$Array@PBXVNamedAllocator@shdfnd@physx@@@shdfnd@physx@@KAXPAPBX0PBQBX@Z 10011030 f i CctCharacterController.obj
 0001:000100a0       ?copy@?$Array@UPxExtendedCapsule@physx@@VNamedAllocator@shdfnd@2@@shdfnd@physx@@KAXPAUPxExtendedCapsule@3@0PBU43@@Z 100110a0 f i CctCharacterController.obj
 0001:00010120       ?copy@?$Array@VPxExtendedBox@physx@@VNamedAllocator@shdfnd@2@@shdfnd@physx@@KAXPAVPxExtendedBox@3@0PBV43@@Z 10011120 f i CctCharacterController.obj
 0001:00010190       ?cross@PxVec3@physx@@QBE?AV12@ABV12@@Z 10011190 f i CctCharacterController.obj
 0001:00010250       ?deallocate@?$Array@IVNamedAllocator@shdfnd@physx@@@shdfnd@physx@@IAEXPAX@Z 10011250 f i CctCharacterController.obj
 0001:00010270       ?deallocate@?$Array@PBXVNamedAllocator@shdfnd@physx@@@shdfnd@physx@@IAEXPAX@Z 10011270 f i CctCharacterController.obj
 0001:00010290       ?deallocate@?$Array@UPxExtendedCapsule@physx@@VNamedAllocator@shdfnd@2@@shdfnd@physx@@IAEXPAX@Z 10011290 f i CctCharacterController.obj
 0001:000102b0       ?deallocate@?$Array@VPxExtendedBox@physx@@VNamedAllocator@shdfnd@2@@shdfnd@physx@@IAEXPAX@Z 100112b0 f i CctCharacterController.obj
 0001:000102d0       ?deallocate@?$Array@VPxTriangle@physx@@VNamedAllocator@shdfnd@2@@shdfnd@physx@@IAEXPAX@Z 100112d0 f i CctCharacterController.obj
 0001:000102f0       ?decomposeVector@shdfnd@physx@@YAXAAVPxVec3@2@0ABV32@1@Z 100112f0 f i CctCharacterController.obj
 0001:00010360       ?destroy@?$Array@IVNamedAllocator@shdfnd@physx@@@shdfnd@physx@@KAXPAI0@Z 10011360 f i CctCharacterController.obj
 0001:00010380       ?destroy@?$Array@PBXVNamedAllocator@shdfnd@physx@@@shdfnd@physx@@KAXPAPBX0@Z 10011380 f i CctCharacterController.obj
 0001:000103a0       ?destroy@?$Array@UPxExtendedCapsule@physx@@VNamedAllocator@shdfnd@2@@shdfnd@physx@@KAXPAUPxExtendedCapsule@3@0@Z 100113a0 f i CctCharacterController.obj
 0001:000103c0       ?destroy@?$Array@VPxExtendedBox@physx@@VNamedAllocator@shdfnd@2@@shdfnd@physx@@KAXPAVPxExtendedBox@3@0@Z 100113c0 f i CctCharacterController.obj
 0001:000103f0       ?destroy@?$Array@VPxTriangle@physx@@VNamedAllocator@shdfnd@2@@shdfnd@physx@@KAXPAVPxTriangle@3@0@Z 100113f0 f i CctCharacterController.obj
 0001:00010420       ?distance@physx@@YANABUPxExtendedVec3@1@0@Z 10011420 f i CctCharacterController.obj
 0001:000104c0       ?dot@PxVec3@physx@@QBEMABV12@@Z 100114c0 f i CctCharacterController.obj
 0001:00010520       ?encodeUserObject@Cct@physx@@YAIIW4UserObjectType@12@@Z 10011520 f i CctCharacterController.obj
 0001:000105d0       ?end@?$Array@IVNamedAllocator@shdfnd@physx@@@shdfnd@physx@@QAEPAIXZ 100115d0 f i CctCharacterController.obj
 0001:000105f0       ?end@?$Array@IVNamedAllocator@shdfnd@physx@@@shdfnd@physx@@QBEPBIXZ 100115f0 f i CctCharacterController.obj
 0001:00010610       ?finalizeQuery@?$PxHitCallback@UPxRaycastHit@physx@@@physx@@UAEXXZ 10011610 f i CctCharacterController.obj
 0001:00010620       ?find@?$HashBase@PAVPxShape@physx@@PAV12@U?$Hash@PAVPxShape@physx@@@shdfnd@2@UGetKey@?$HashSetBase@PAVPxShape@physx@@U?$Hash@PAVPxShape@physx@@@shdfnd@2@VAllocator@42@$0A@@internal@42@VAllocator@42@$0A@@internal@shdfnd@physx@@QBEPBQAVPxShape@4@ABQAV54@@Z 10011620 f i CctCharacterController.obj
 0001:000106f0       ?forceSize_Unsafe@?$Array@IVNamedAllocator@shdfnd@physx@@@shdfnd@physx@@QAEXI@Z 100116f0 f i CctCharacterController.obj
 0001:00010760       ?forceSize_Unsafe@?$Array@VPxTriangle@physx@@VNamedAllocator@shdfnd@2@@shdfnd@physx@@QAEXI@Z 10011760 f i CctCharacterController.obj
 0001:000107d0       ?getAnyHit@?$PxHitBuffer@UPxRaycastHit@physx@@@physx@@QBEABUPxRaycastHit@2@I@Z 100117d0 f i CctCharacterController.obj
 0001:00010890       ?getBasisVector0@PxQuat@physx@@QBE?AVPxVec3@2@XZ 10011890 f i CctCharacterController.obj
 0001:00010980       ?getCenter@PxBounds3@physx@@QBE?AVPxVec3@2@XZ 10011980 f i CctCharacterController.obj
 0001:00010a30       ?getConcreteType@PxBase@physx@@QBEGXZ 10011a30 f i CctCharacterController.obj
 0001:00010a50       ?getDimensions@PxBounds3@physx@@QBE?AVPxVec3@2@XZ 10011a50 f i CctCharacterController.obj
 0001:00010ae0       ?getExtents@PxBounds3@physx@@QBE?AVPxVec3@2@XZ 10011ae0 f i CctCharacterController.obj
 0001:00010b80       ?getGlobalPose@PxShapeExt@physx@@SA?AVPxTransform@2@ABVPxShape@2@ABVPxRigidActor@2@@Z 10011b80 f i CctCharacterController.obj
 0001:00010bd0       ?getNbTouches@?$PxHitBuffer@UPxRaycastHit@physx@@@physx@@QBEIXZ 10011bd0 f i CctCharacterController.obj
 0001:00010bf0       ?getNormalized@PxVec3@physx@@QBE?AV12@XZ 10011bf0 f i CctCharacterController.obj
 0001:00010cb0       ?getShapeGlobalPose@physx@@YA?AVPxTransform@1@ABVPxShape@1@ABVPxRigidActor@1@@Z 10011cb0 f i CctCharacterController.obj
 0001:00010ce0       ?getTouches@?$PxHitBuffer@UPxRaycastHit@physx@@@physx@@QBEPBUPxRaycastHit@2@XZ 10011ce0 f i CctCharacterController.obj
 0001:00010d00       ?getType@SweptVolume@Cct@physx@@QBE?AW4Enum@SweptVolumeType@23@XZ 10011d00 f i CctCharacterController.obj
 0001:00010d20       ?grow@?$Array@IVNamedAllocator@shdfnd@physx@@@shdfnd@physx@@IAEXI@Z 10011d20 f i CctCharacterController.obj
 0001:00010da0       ?growAndPushBack@?$Array@PBXVNamedAllocator@shdfnd@physx@@@shdfnd@physx@@IAEAAPBXABQBX@Z 10011da0 f i CctCharacterController.obj
 0001:00010f30       ?growAndPushBack@?$Array@UPxExtendedCapsule@physx@@VNamedAllocator@shdfnd@2@@shdfnd@physx@@IAEAAUPxExtendedCapsule@3@ABU43@@Z 10011f30 f i CctCharacterController.obj
 0001:000110c0       ?growAndPushBack@?$Array@VPxExtendedBox@physx@@VNamedAllocator@shdfnd@2@@shdfnd@physx@@IAEAAVPxExtendedBox@3@ABV43@@Z 100120c0 f i CctCharacterController.obj
 0001:00011240       ?hash@?$HashBase@PAVPxShape@physx@@PAV12@U?$Hash@PAVPxShape@physx@@@shdfnd@2@UGetKey@?$HashSetBase@PAVPxShape@physx@@U?$Hash@PAVPxShape@physx@@@shdfnd@2@VAllocator@42@$0A@@internal@42@VAllocator@42@$0A@@internal@shdfnd@physx@@ABEIABQAVPxShape@4@@Z 10012240 f i CctCharacterController.obj
 0001:00011270       ?hash@?$HashBase@PAVPxShape@physx@@PAV12@U?$Hash@PAVPxShape@physx@@@shdfnd@2@UGetKey@?$HashSetBase@PAVPxShape@physx@@U?$Hash@PAVPxShape@physx@@@shdfnd@2@VAllocator@42@$0A@@internal@42@VAllocator@42@$0A@@internal@shdfnd@physx@@ABEIABQAVPxShape@4@I@Z 10012270 f i CctCharacterController.obj
 0001:000112a0       ?hash@shdfnd@physx@@YAII@Z 100122a0 f i CctCharacterController.obj
 0001:00011320       ?hash@shdfnd@physx@@YAIPBX@Z 10012320 f i CctCharacterController.obj
 0001:00011340       ?intersectOBBAABB@Gu@physx@@YA_NABVBox@12@ABVPxBounds3@2@@Z 10012340 f i CctCharacterController.obj
 0001:000113b0       ?isAlmostZero@shdfnd@physx@@YA_NABVPxVec3@2@@Z 100123b0 f i CctCharacterController.obj
 0001:00011460       ?isFinite@PxBounds3@physx@@QBE_NXZ 10012460 f i CctCharacterController.obj
 0001:000114c0       ?isFinite@PxQuat@physx@@QBE_NXZ 100124c0 f i CctCharacterController.obj
 0001:00011580       ?isFinite@PxTransform@physx@@QBE_NXZ 10012580 f i CctCharacterController.obj
 0001:000115e0       ?isFinite@PxVec3@physx@@QBE_NXZ 100125e0 f i CctCharacterController.obj
 0001:00011680       ?isFinite@intrinsics@physx@@YA_NM@Z 10012680 f i CctCharacterController.obj
 0001:000116d0       ?isInUserMemory@?$Array@IVNamedAllocator@shdfnd@physx@@@shdfnd@physx@@QBEIXZ 100126d0 f i CctCharacterController.obj
 0001:000116f0       ?isInUserMemory@?$Array@PBXVNamedAllocator@shdfnd@physx@@@shdfnd@physx@@QBEIXZ 100126f0 f i CctCharacterController.obj
 0001:00011710       ?isInUserMemory@?$Array@UPxExtendedCapsule@physx@@VNamedAllocator@shdfnd@2@@shdfnd@physx@@QBEIXZ 10012710 f i CctCharacterController.obj
 0001:00011730       ?isInUserMemory@?$Array@VPxExtendedBox@physx@@VNamedAllocator@shdfnd@2@@shdfnd@physx@@QBEIXZ 10012730 f i CctCharacterController.obj
 0001:00011750       ?isInUserMemory@?$Array@VPxTriangle@physx@@VNamedAllocator@shdfnd@2@@shdfnd@physx@@QBEIXZ 10012750 f i CctCharacterController.obj
 0001:00011770       ?isInside@PxExtendedBounds3@physx@@QBE_NABU12@@Z 10012770 f i CctCharacterController.obj
 0001:00011830       ?isSane@PxQuat@physx@@QBE_NXZ 10012830 f i CctCharacterController.obj
 0001:000118c0       ?isSane@PxTransform@physx@@QBE_NXZ 100128c0 f i CctCharacterController.obj
 0001:00011910       ?isValid@PxBounds3@physx@@QBE_NXZ 10012910 f i CctCharacterController.obj
 0001:00011a30       ?isZero@PxVec3@physx@@QBE_NXZ 10012a30 f i CctCharacterController.obj
 0001:00011ab0       ?magnitude@PxQuat@physx@@QBEMXZ 10012ab0 f i CctCharacterController.obj
 0001:00011ae0       ?magnitude@PxVec3@physx@@QBEMXZ 10012ae0 f i CctCharacterController.obj
 0001:00011b10       ?magnitudeSquared@PxQuat@physx@@QBEMXZ 10012b10 f i CctCharacterController.obj
 0001:00011b90       ?magnitudeSquared@PxVec3@physx@@QBEMXZ 10012b90 f i CctCharacterController.obj
 0001:00011bf0       ?maximum@PxExtendedVec3@physx@@QAEXABU12@@Z 10012bf0 f i CctCharacterController.obj
 0001:00011c80       ?minimum@PxExtendedVec3@physx@@QAEXABU12@@Z 10012c80 f i CctCharacterController.obj
 0001:00011d10       ?normal@PxTriangle@physx@@QBEXAAVPxVec3@2@@Z 10012d10 f i CctCharacterController.obj
 0001:00011da0       ?normalize@PxVec3@physx@@QAEMXZ 10012da0 f i CctCharacterController.obj
 0001:00011df0       ?postFilter@ControllerFilter@@UAE?AW4Enum@PxQueryHitType@physx@@ABUPxFilterData@4@ABUPxQueryHit@4@@Z 10012df0 f i CctCharacterController.obj
 0001:00011eb0       ?preFilter@ControllerFilter@@UAE?AW4Enum@PxQueryHitType@physx@@ABUPxFilterData@4@PBVPxShape@4@PBVPxRigidActor@4@AAV?$PxFlags@W4Enum@PxHitFlag@physx@@G@4@@Z 10012eb0 f i CctCharacterController.obj
 0001:00011f90       ?processTouches@?$PxHitBuffer@UPxRaycastHit@physx@@@physx@@MAE_NPBUPxRaycastHit@2@I@Z 10012f90 f i CctCharacterController.obj
 0001:00011fc0       ?pushBack@?$Array@PBXVNamedAllocator@shdfnd@physx@@@shdfnd@physx@@QAEAAPBXABQBX@Z 10012fc0 f i CctCharacterController.obj
 0001:00012070       ?pushBack@?$Array@UPxExtendedCapsule@physx@@VNamedAllocator@shdfnd@2@@shdfnd@physx@@QAEAAUPxExtendedCapsule@3@ABU43@@Z 10013070 f i CctCharacterController.obj
 0001:00012130       ?pushBack@?$Array@VPxExtendedBox@physx@@VNamedAllocator@shdfnd@2@@shdfnd@physx@@QAEAAVPxExtendedBox@3@ABV43@@Z 10013130 f i CctCharacterController.obj
 0001:000121e0       ?recipSqrt@intrinsics@physx@@YAMM@Z 100131e0 f i CctCharacterController.obj
 0001:00012230       ?recreate@?$Array@IVNamedAllocator@shdfnd@physx@@@shdfnd@physx@@IAEXI@Z 10013230 f i CctCharacterController.obj
 0001:00012340       ?reserve@?$Array@IVNamedAllocator@shdfnd@physx@@@shdfnd@physx@@QAEXI@Z 10013340 f i CctCharacterController.obj
 0001:00012370       ?resetStats@SweepTest@Cct@physx@@QAEXXZ 10013370 f i CctCharacterController.obj
 0001:000123c0       ?resizeUninitialized@?$Array@IVNamedAllocator@shdfnd@physx@@@shdfnd@physx@@QAEXI@Z 100133c0 f i CctCharacterController.obj
 0001:000123f0       ?rotate@PxQuat@physx@@QBE?BVPxVec3@2@ABV32@@Z 100133f0 f i CctCharacterController.obj
 0001:000125e0       ?rotateInv@PxQuat@physx@@QBE?BVPxVec3@2@ABV32@@Z 100135e0 f i CctCharacterController.obj
 0001:000127d0       ?selectMax@intrinsics@physx@@YAMMM@Z 100137d0 f i CctCharacterController.obj
 0001:00012810       ?selectMin@intrinsics@physx@@YAMMM@Z 10013810 f i CctCharacterController.obj
 0001:00012850       ?set@PxExtendedBounds3@physx@@QAEXNNNNNN@Z 10013850 f i CctCharacterController.obj
 0001:000128e0       ?set@PxExtendedVec3@physx@@QAEXNNN@Z 100138e0 f i CctCharacterController.obj
 0001:00012920       ?setEmpty@PxExtendedBounds3@physx@@QAEXXZ 10013920 f i CctCharacterController.obj
 0001:000129b0       ?setWorldPos@SweptContact@Cct@physx@@QAEXABVPxVec3@3@ABUPxExtendedVec3@3@@Z 100139b0 f i CctCharacterController.obj
 0001:00012a20       ?size@?$Array@IVNamedAllocator@shdfnd@physx@@@shdfnd@physx@@QBEIXZ 10013a20 f i CctCharacterController.obj
 0001:00012a40       ?size@?$Array@PBXVNamedAllocator@shdfnd@physx@@@shdfnd@physx@@QBEIXZ 10013a40 f i CctCharacterController.obj
 0001:00012a60       ?size@?$Array@UInternalBoxObstacle@ObstacleContext@Cct@physx@@VNamedAllocator@shdfnd@4@@shdfnd@physx@@QBEIXZ 10013a60 f i CctCharacterController.obj
 0001:00012a80       ?size@?$Array@UInternalCapsuleObstacle@ObstacleContext@Cct@physx@@VNamedAllocator@shdfnd@4@@shdfnd@physx@@QBEIXZ 10013a80 f i CctCharacterController.obj
 0001:00012aa0       ?size@?$Array@UPxExtendedCapsule@physx@@VNamedAllocator@shdfnd@2@@shdfnd@physx@@QBEIXZ 10013aa0 f i CctCharacterController.obj
 0001:00012ac0       ?size@?$Array@VPxExtendedBox@physx@@VNamedAllocator@shdfnd@2@@shdfnd@physx@@QBEIXZ 10013ac0 f i CctCharacterController.obj
 0001:00012ae0       ?size@?$Array@VPxTriangle@physx@@VNamedAllocator@shdfnd@2@@shdfnd@physx@@QBEIXZ 10013ae0 f i CctCharacterController.obj
 0001:00012b00       ?sqrt@intrinsics@physx@@YAMM@Z 10013b00 f i CctCharacterController.obj
 0001:00012b20       ?testSlope@physx@@YA_NABVPxVec3@1@0M@Z 10013b20 f i CctCharacterController.obj
 0001:00012b80       ?toVec3@physx@@YA?AVPxVec3@1@ABUPxExtendedVec3@1@@Z 10013b80 f i CctCharacterController.obj
 0001:00012bd0       ?transform@PxTransform@physx@@QBE?AV12@ABV12@@Z 10013bd0 f i CctCharacterController.obj
 0001:00012ce0       ?transform@PxTransform@physx@@QBE?AVPxVec3@2@ABV32@@Z 10013ce0 f i CctCharacterController.obj
 0001:00012d80       ?transformInv@PxTransform@physx@@QBE?AVPxVec3@2@ABV32@@Z 10013d80 f i CctCharacterController.obj
 0001:00012e10       _fabsf                     10013e10 f i CctCharacterController.obj
 0001:00012e40       _sqrtf                     10013e40 f i CctCharacterController.obj
 0001:00012ec0       ?getSceneTimestamp@Cct@physx@@YAIPBUInternalCBData_FindTouchedGeom@12@@Z 10013ec0 f   CctCharacterControllerCallbacks.obj
 0001:00012f30       ?findTouchedGeometry@Cct@physx@@YAXPBUInternalCBData_FindTouchedGeom@12@ABUPxExtendedBounds3@2@AAV?$Array@VPxTriangle@physx@@VNamedAllocator@shdfnd@2@@shdfnd@2@AAV?$Array@IVNamedAllocator@shdfnd@physx@@@62@3ABVCCTFilter@12@ABUCCTParams@12@AAG@Z 10013f30 f   CctCharacterControllerCallbacks.obj
 0001:000133c0       ?shapeHitCallback@Cct@physx@@YAIPBUInternalCBData_OnHit@12@ABUSweptContact@12@ABVPxVec3@2@M@Z 100143c0 f   CctCharacterControllerCallbacks.obj
 0001:00013480       ?userHitCallback@Cct@physx@@YAIPBUInternalCBData_OnHit@12@ABUSweptContact@12@ABVPxVec3@2@M@Z 10014480 f   CctCharacterControllerCallbacks.obj
 0001:00017180       ??$PX_UNUSED@PBUPxOverlapHit@physx@@@@YAXABQBUPxOverlapHit@physx@@@Z 10018180 f i CctCharacterControllerCallbacks.obj
 0001:00017190       ??$reserve@VPxTriangle@physx@@VNamedAllocator@shdfnd@2@@Cct@physx@@YAPAVPxTriangle@1@AAV?$Array@VPxTriangle@physx@@VNamedAllocator@shdfnd@2@@shdfnd@1@I@Z 10018190 f i CctCharacterControllerCallbacks.obj
 0001:000171e0       ??0?$PxFlags@W4Enum@PxMeshGeometryFlag@physx@@E@physx@@QAE@E@Z 100181e0 f i CctCharacterControllerCallbacks.obj
 0001:00017200       ??0?$PxFlags@W4Enum@PxMeshGeometryFlag@physx@@E@physx@@QAE@XZ 10018200 f i CctCharacterControllerCallbacks.obj
 0001:00017220       ??0?$PxHitBuffer@UPxOverlapHit@physx@@@physx@@QAE@PAUPxOverlapHit@1@I@Z 10018220 f i CctCharacterControllerCallbacks.obj
 0001:00017260       ??0?$PxHitCallback@UPxOverlapHit@physx@@@physx@@QAE@PAUPxOverlapHit@1@I@Z 10018260 f i CctCharacterControllerCallbacks.obj
 0001:000172c0       ??0?$PxPadding@$02@physx@@QAE@XZ 100182c0 f i CctCharacterControllerCallbacks.obj
 0001:00017310       ??0PxControllerHit@physx@@QAE@XZ 10018310 f i CctCharacterControllerCallbacks.obj
 0001:00017350       ??0PxControllerObstacleHit@physx@@QAE@XZ 10018350 f i CctCharacterControllerCallbacks.obj
 0001:00017370       ??0PxControllerShapeHit@physx@@QAE@XZ 10018370 f i CctCharacterControllerCallbacks.obj
 0001:00017390       ??0PxControllersHit@physx@@QAE@XZ 10018390 f i CctCharacterControllerCallbacks.obj
 0001:000173b0       ??0PxConvexMeshGeometry@physx@@QAE@XZ 100183b0 f i CctCharacterControllerCallbacks.obj
 0001:00017400       ??0PxExtendedSphere@physx@@QAE@XZ 10018400 f i CctCharacterControllerCallbacks.obj
 0001:00017420       ??0PxHeightFieldGeometry@physx@@QAE@XZ 10018420 f i CctCharacterControllerCallbacks.obj
 0001:000174b0       ??0PxMat33@physx@@QAE@ABVPxVec3@1@00@Z 100184b0 f i CctCharacterControllerCallbacks.obj
 0001:00017500       ??0PxMat44@physx@@QAE@ABVPxMat33@1@ABVPxVec3@1@@Z 10018500 f i CctCharacterControllerCallbacks.obj
 0001:000175b0       ??0PxMeshScale@physx@@QAE@M@Z 100185b0 f i CctCharacterControllerCallbacks.obj
 0001:000175f0       ??0PxMeshScale@physx@@QAE@XZ 100185f0 f i CctCharacterControllerCallbacks.obj
 0001:00017630       ??0PxOverlapHit@physx@@QAE@XZ 10018630 f i CctCharacterControllerCallbacks.obj
 0001:00017650       ??0PxPlane@physx@@QAE@ABVPxVec3@1@M@Z 10018650 f i CctCharacterControllerCallbacks.obj
 0001:00017690       ??0PxPlane@physx@@QAE@MMMM@Z 10018690 f i CctCharacterControllerCallbacks.obj
 0001:000176f0       ??0PxQueryFilterData@physx@@QAE@$$QAU01@@Z 100186f0 f i CctCharacterControllerCallbacks.obj
 0001:00017750       ??0PxQueryFilterData@physx@@QAE@V?$PxFlags@W4Enum@PxQueryFlag@physx@@G@1@@Z 10018750 f i CctCharacterControllerCallbacks.obj
 0001:00017790       ??0PxTransform@physx@@QAE@ABVPxVec3@1@@Z 10018790 f i CctCharacterControllerCallbacks.obj
 0001:000177d0       ??0PxTriangle@physx@@QAE@ABV01@@Z 100187d0 f i CctCharacterControllerCallbacks.obj
 0001:00017870       ??0PxTriangle@physx@@QAE@ABVPxVec3@1@00@Z 10018870 f i CctCharacterControllerCallbacks.obj
 0001:000178f0       ??0PxTriangle@physx@@QAE@XZ 100188f0 f i CctCharacterControllerCallbacks.obj
 0001:00017920       ??0PxTriangleMeshGeometry@physx@@QAE@XZ 10018920 f i CctCharacterControllerCallbacks.obj
 0001:00017980       ??0PxVec4@physx@@QAE@ABVPxVec3@1@M@Z 10018980 f i CctCharacterControllerCallbacks.obj
 0001:000179d0       ??0PxVec4@physx@@QAE@MMMM@Z 100189d0 f i CctCharacterControllerCallbacks.obj
 0001:00017a30       ??0TessParams@@QAE@XZ      10018a30 f i CctCharacterControllerCallbacks.obj
 0001:00017a60       ??1?$PxHitBuffer@UPxOverlapHit@physx@@@physx@@UAE@XZ 10018a60 f i CctCharacterControllerCallbacks.obj
 0001:00017a90       ??1?$PxHitCallback@UPxOverlapHit@physx@@@physx@@UAE@XZ 10018a90 f i CctCharacterControllerCallbacks.obj
 0001:00017ab0       ??1PxExtendedSphere@physx@@QAE@XZ 10018ab0 f i CctCharacterControllerCallbacks.obj
 0001:00017ac0       ??APxVec3@physx@@QBEABMH@Z 10018ac0 f i CctCharacterControllerCallbacks.obj
 0001:00017b30       ??DPxMat33@physx@@QBE?AV01@ABV01@@Z 10018b30 f i CctCharacterControllerCallbacks.obj
 0001:00017ba0       ??DPxVec4@physx@@QBE?AV01@M@Z 10018ba0 f i CctCharacterControllerCallbacks.obj
 0001:00017c20       ??HPxVec4@physx@@QBE?AV01@ABV01@@Z 10018c20 f i CctCharacterControllerCallbacks.obj
 0001:00017cb0       ??_G?$PxHitBuffer@UPxOverlapHit@physx@@@physx@@UAEPAXI@Z 10018cb0 f i CctCharacterControllerCallbacks.obj
 0001:00017cb0       ??_E?$PxHitBuffer@UPxOverlapHit@physx@@@physx@@UAEPAXI@Z 10018cb0 f i CctCharacterControllerCallbacks.obj
 0001:00017cf0       ??_G?$PxHitCallback@UPxOverlapHit@physx@@@physx@@UAEPAXI@Z 10018cf0 f i CctCharacterControllerCallbacks.obj
 0001:00017cf0       ??_E?$PxHitCallback@UPxOverlapHit@physx@@@physx@@UAEPAXI@Z 10018cf0 f i CctCharacterControllerCallbacks.obj
 0001:00017d30       ?PxPlaneEquationFromTransform@physx@@YA?AVPxPlane@1@ABVPxTransform@1@@Z 10018d30 f i CctCharacterControllerCallbacks.obj
 0001:00017da0       ?allocate@?$Array@VPxTriangle@physx@@VNamedAllocator@shdfnd@2@@shdfnd@physx@@IAEPAVPxTriangle@3@I@Z 10018da0 f i CctCharacterControllerCallbacks.obj
 0001:00017e20       ?begin@?$Array@VPxTriangle@physx@@VNamedAllocator@shdfnd@2@@shdfnd@physx@@QAEPAVPxTriangle@3@XZ 10018e20 f i CctCharacterControllerCallbacks.obj
 0001:00017e40       ?capacityIncrement@?$Array@IVNamedAllocator@shdfnd@physx@@@shdfnd@physx@@IBEIXZ 10018e40 f i CctCharacterControllerCallbacks.obj
 0001:00017e80       ?capacityIncrement@?$Array@VPxTriangle@physx@@VNamedAllocator@shdfnd@2@@shdfnd@physx@@IBEIXZ 10018e80 f i CctCharacterControllerCallbacks.obj
 0001:00017ec0       ?centerExtents@PxBounds3@physx@@SA?AV12@ABVPxVec3@2@0@Z 10018ec0 f i CctCharacterControllerCallbacks.obj
 0001:00017f10       ?computeBasis@shdfnd@physx@@YAXABVPxVec3@2@AAV32@1@Z 10018f10 f i CctCharacterControllerCallbacks.obj
 0001:00018030       ?copy@?$Array@VPxTriangle@physx@@VNamedAllocator@shdfnd@2@@shdfnd@physx@@KAXPAVPxTriangle@3@0PBV43@@Z 10019030 f i CctCharacterControllerCallbacks.obj
 0001:000180a0       ?decodeIndex@Cct@physx@@YAII@Z 100190a0 f i CctCharacterControllerCallbacks.obj
 0001:000180b0       ?decodeType@Cct@physx@@YA?AW4UserObjectType@12@I@Z 100190b0 f i CctCharacterControllerCallbacks.obj
 0001:000180c0       ?distance@PxPlane@physx@@QBEMABVPxVec3@2@@Z 100190c0 f i CctCharacterControllerCallbacks.obj
 0001:00018100       ?finalizeQuery@?$PxHitCallback@UPxOverlapHit@physx@@@physx@@UAEXXZ 10019100 f i CctCharacterControllerCallbacks.obj
 0001:00018110       ?getAnyHit@?$PxHitBuffer@UPxOverlapHit@physx@@@physx@@QBEABUPxOverlapHit@2@I@Z 10019110 f i CctCharacterControllerCallbacks.obj
 0001:000181d0       ?getNbAnyHits@?$PxHitBuffer@UPxOverlapHit@physx@@@physx@@QBEIXZ 100191d0 f i CctCharacterControllerCallbacks.obj
 0001:00018200       ?getNbTouches@?$PxHitBuffer@UPxOverlapHit@physx@@@physx@@QBEIXZ 10019200 f i CctCharacterControllerCallbacks.obj
 0001:00018220       ?getPosition@PxMat44@physx@@QBE?AVPxVec3@2@XZ 10019220 f i CctCharacterControllerCallbacks.obj
 0001:00018250       ?getResults@PxMeshOverlapUtil@physx@@QBEPBIXZ 10019250 f i CctCharacterControllerCallbacks.obj
 0001:00018270       ?getTouches@?$PxHitBuffer@UPxOverlapHit@physx@@@physx@@QBEPBUPxOverlapHit@2@XZ 10019270 f i CctCharacterControllerCallbacks.obj
 0001:00018290       ?getTranspose@PxMat33@physx@@QBE?AV12@XZ 10019290 f i CctCharacterControllerCallbacks.obj
 0001:00018380       ?getXYZ@PxVec4@physx@@QBE?AVPxVec3@2@XZ 10019380 f i CctCharacterControllerCallbacks.obj
 0001:000183e0       ?grow@?$Array@VPxTriangle@physx@@VNamedAllocator@shdfnd@2@@shdfnd@physx@@IAEXI@Z 100193e0 f i CctCharacterControllerCallbacks.obj
 0001:00018460       ?growAndPushBack@?$Array@IVNamedAllocator@shdfnd@physx@@@shdfnd@physx@@IAEAAIABI@Z 10019460 f i CctCharacterControllerCallbacks.obj
 0001:000185f0       ?growAndPushBack@?$Array@VPxTriangle@physx@@VNamedAllocator@shdfnd@2@@shdfnd@physx@@IAEAAVPxTriangle@3@ABV43@@Z 100195f0 f i CctCharacterControllerCallbacks.obj
 0001:00018770       ?processTouches@?$PxHitBuffer@UPxOverlapHit@physx@@@physx@@MAE_NPBUPxOverlapHit@2@I@Z 10019770 f i CctCharacterControllerCallbacks.obj
 0001:000187a0       ?project@PxPlane@physx@@QBE?AVPxVec3@2@ABV32@@Z 100197a0 f i CctCharacterControllerCallbacks.obj
 0001:000187f0       ?pushBack@?$Array@IVNamedAllocator@shdfnd@physx@@@shdfnd@physx@@QAEAAIABI@Z 100197f0 f i CctCharacterControllerCallbacks.obj
 0001:000188a0       ?pushBack@?$Array@VPxTriangle@physx@@VNamedAllocator@shdfnd@2@@shdfnd@physx@@QAEAAVPxTriangle@3@ABV43@@Z 100198a0 f i CctCharacterControllerCallbacks.obj
 0001:00018950       ?recreate@?$Array@VPxTriangle@physx@@VNamedAllocator@shdfnd@2@@shdfnd@physx@@IAEXI@Z 10019950 f i CctCharacterControllerCallbacks.obj
 0001:00018a50       ?reserve@?$Array@VPxTriangle@physx@@VNamedAllocator@shdfnd@2@@shdfnd@physx@@QAEXI@Z 10019a50 f i CctCharacterControllerCallbacks.obj
 0001:00018a80       ?resizeUninitialized@?$Array@VPxTriangle@physx@@VNamedAllocator@shdfnd@2@@shdfnd@physx@@QAEXI@Z 10019a80 f i CctCharacterControllerCallbacks.obj
 0001:00018ab0       ?rotate@PxMat44@physx@@QBE?BVPxVec3@2@ABV32@@Z 10019ab0 f i CctCharacterControllerCallbacks.obj
 0001:00018b10       ?rotate@PxMat44@physx@@QBE?BVPxVec4@2@ABV32@@Z 10019b10 f i CctCharacterControllerCallbacks.obj
 0001:00018bb0       ?rotate@PxTransform@physx@@QBE?AVPxVec3@2@ABV32@@Z 10019bb0 f i CctCharacterControllerCallbacks.obj
 0001:00018c30       ?toMat33@PxMeshScale@physx@@QBE?AVPxMat33@2@XZ 10019c30 f i CctCharacterControllerCallbacks.obj
 0001:00018cf0       ?transform@PxMat33@physx@@QBE?AVPxVec3@2@ABV32@@Z 10019cf0 f i CctCharacterControllerCallbacks.obj
 0001:00018d90       ?transform@PxTransform@physx@@QBE?AVPxPlane@2@ABV32@@Z 10019d90 f i CctCharacterControllerCallbacks.obj
 0001:00018e50       _PxCreateControllerManager 10019e50 f   CctCharacterControllerManager.obj
 0001:00018ec0       ??0CharacterControllerManager@Cct@physx@@QAE@AAVPxScene@2@_N@Z 10019ec0 f   CctCharacterControllerManager.obj
 0001:00019030       ??1CharacterControllerManager@Cct@physx@@UAE@XZ 1001a030 f   CctCharacterControllerManager.obj
 0001:000190e0       ?release@CharacterControllerManager@Cct@physx@@UAEXXZ 1001a0e0 f   CctCharacterControllerManager.obj
 0001:00019180       ?getScene@CharacterControllerManager@Cct@physx@@UBEAAVPxScene@3@XZ 1001a180 f   CctCharacterControllerManager.obj
 0001:000191a0       ?getNbControllers@CharacterControllerManager@Cct@physx@@UBEIXZ 1001a1a0 f   CctCharacterControllerManager.obj
 0001:000191c0       ?getController@CharacterControllerManager@Cct@physx@@UAEPAVPxController@3@I@Z 1001a1c0 f   CctCharacterControllerManager.obj
 0001:00019270       ?createController@CharacterControllerManager@Cct@physx@@UAEPAVPxController@3@ABVPxControllerDesc@3@@Z 1001a270 f   CctCharacterControllerManager.obj
 0001:000194d0       ?purgeControllers@CharacterControllerManager@Cct@physx@@UAEXXZ 1001a4d0 f   CctCharacterControllerManager.obj
 0001:00019520       ?getRenderBuffer@CharacterControllerManager@Cct@physx@@UAEAAVPxRenderBuffer@3@XZ 1001a520 f   CctCharacterControllerManager.obj
 0001:00019590       ?setDebugRenderingFlags@CharacterControllerManager@Cct@physx@@UAEXV?$PxFlags@W4Enum@PxControllerDebugRenderFlag@physx@@I@3@@Z 1001a590 f   CctCharacterControllerManager.obj
 0001:00019600       ?getNbObstacleContexts@CharacterControllerManager@Cct@physx@@UBEIXZ 1001a600 f   CctCharacterControllerManager.obj
 0001:00019620       ?getObstacleContext@CharacterControllerManager@Cct@physx@@UAEPAVPxObstacleContext@3@I@Z 1001a620 f   CctCharacterControllerManager.obj
 0001:000196c0       ?createObstacleContext@CharacterControllerManager@Cct@physx@@UAEPAVPxObstacleContext@3@XZ 1001a6c0 f   CctCharacterControllerManager.obj
 0001:00019730       ?computeInteractions@CharacterControllerManager@Cct@physx@@UAEXMPAVPxControllerFilterCallback@3@@Z 1001a730 f   CctCharacterControllerManager.obj
 0001:00019980       ?setTessellation@CharacterControllerManager@Cct@physx@@UAEX_NM@Z 1001a980 f   CctCharacterControllerManager.obj
 0001:000199b0       ?setOverlapRecoveryModule@CharacterControllerManager@Cct@physx@@UAEX_N@Z 1001a9b0 f   CctCharacterControllerManager.obj
 0001:000199d0       ?setPreciseSweeps@CharacterControllerManager@Cct@physx@@UAEX_N@Z 1001a9d0 f   CctCharacterControllerManager.obj
 0001:000199f0       ?setPreventVerticalSlidingAgainstCeiling@CharacterControllerManager@Cct@physx@@UAEX_N@Z 1001a9f0 f   CctCharacterControllerManager.obj
 0001:00019a10       ?shiftOrigin@CharacterControllerManager@Cct@physx@@UAEXABVPxVec3@3@@Z 1001aa10 f   CctCharacterControllerManager.obj
 0001:00019b50       ?onObstacleRemoved@CharacterControllerManager@Cct@physx@@QBEXI@Z 1001ab50 f   CctCharacterControllerManager.obj
 0001:00019ba0       ?onObstacleUpdated@CharacterControllerManager@Cct@physx@@QBEXIPBVPxObstacleContext@3@@Z 1001aba0 f   CctCharacterControllerManager.obj
 0001:00019c70       ?onObstacleAdded@CharacterControllerManager@Cct@physx@@QBEXIPBVPxObstacleContext@3@@Z 1001ac70 f   CctCharacterControllerManager.obj
 0001:00019d40       ?releaseController@CharacterControllerManager@Cct@physx@@QAEXAAVPxController@3@@Z 1001ad40 f   CctCharacterControllerManager.obj
 0001:00019f00       ?getControllers@CharacterControllerManager@Cct@physx@@QAEPAPAVController@23@XZ 1001af00 f   CctCharacterControllerManager.obj
 0001:00019f20       ?releaseObstacleContext@CharacterControllerManager@Cct@physx@@QAEXAAVObstacleContext@23@@Z 1001af20 f   CctCharacterControllerManager.obj
 0001:00019fd0       ?resetObstaclesBuffers@CharacterControllerManager@Cct@physx@@QAEXXZ 1001afd0 f   CctCharacterControllerManager.obj
 0001:0001c6d0       ??$?2V?$ReflectionAllocator@VBoxController@Cct@physx@@@shdfnd@physx@@@UserAllocated@shdfnd@physx@@SAPAXIV?$ReflectionAllocator@VBoxController@Cct@physx@@@12@PBDH@Z 1001d6d0 f i CctCharacterControllerManager.obj
 0001:0001c6f0       ??$?2V?$ReflectionAllocator@VCapsuleController@Cct@physx@@@shdfnd@physx@@@UserAllocated@shdfnd@physx@@SAPAXIV?$ReflectionAllocator@VCapsuleController@Cct@physx@@@12@PBDH@Z 1001d6f0 f i CctCharacterControllerManager.obj
 0001:0001c710       ??$?2V?$ReflectionAllocator@VCharacterControllerManager@Cct@physx@@@shdfnd@physx@@@UserAllocated@shdfnd@physx@@SAPAXIV?$ReflectionAllocator@VCharacterControllerManager@Cct@physx@@@12@PBDH@Z 1001d710 f i CctCharacterControllerManager.obj
 0001:0001c730       ??$?2V?$ReflectionAllocator@VObstacleContext@Cct@physx@@@shdfnd@physx@@@UserAllocated@shdfnd@physx@@SAPAXIV?$ReflectionAllocator@VObstacleContext@Cct@physx@@@12@PBDH@Z 1001d730 f i CctCharacterControllerManager.obj
 0001:0001c750       ??$?2V?$ReflectionAllocator@VRenderBuffer@Cm@physx@@@shdfnd@physx@@@UserAllocated@shdfnd@physx@@SAPAXIV?$ReflectionAllocator@VRenderBuffer@Cm@physx@@@12@PBDH@Z 1001d750 f i CctCharacterControllerManager.obj
 0001:0001c770       ??$append@UPxDebugLine@physx@@@RenderBuffer@Cm@physx@@AAEXAAV?$Array@UPxDebugLine@physx@@VNamedAllocator@shdfnd@2@@shdfnd@2@PBUPxDebugLine@2@I@Z 1001d770 f i CctCharacterControllerManager.obj
 0001:0001c7e0       ??$append@UPxDebugPoint@physx@@@RenderBuffer@Cm@physx@@AAEXAAV?$Array@UPxDebugPoint@physx@@VNamedAllocator@shdfnd@2@@shdfnd@2@PBUPxDebugPoint@2@I@Z 1001d7e0 f i CctCharacterControllerManager.obj
 0001:0001c850       ??$append@UPxDebugText@physx@@@RenderBuffer@Cm@physx@@AAEXAAV?$Array@UPxDebugText@physx@@VNamedAllocator@shdfnd@2@@shdfnd@2@PBUPxDebugText@2@I@Z 1001d850 f i CctCharacterControllerManager.obj
 0001:0001c8c0       ??$append@UPxDebugTriangle@physx@@@RenderBuffer@Cm@physx@@AAEXAAV?$Array@UPxDebugTriangle@physx@@VNamedAllocator@shdfnd@2@@shdfnd@2@PBUPxDebugTriangle@2@I@Z 1001d8c0 f i CctCharacterControllerManager.obj
 0001:0001c930       ??$resetOrClear@V?$Array@PBXVNamedAllocator@shdfnd@physx@@@shdfnd@physx@@@@YAXAAV?$Array@PBXVNamedAllocator@shdfnd@physx@@@shdfnd@physx@@@Z 1001d930 f i CctCharacterControllerManager.obj
 0001:0001c990       ??$resetOrClear@V?$Array@UPxExtendedCapsule@physx@@VNamedAllocator@shdfnd@2@@shdfnd@physx@@@@YAXAAV?$Array@UPxExtendedCapsule@physx@@VNamedAllocator@shdfnd@2@@shdfnd@physx@@@Z 1001d990 f i CctCharacterControllerManager.obj
 0001:0001c9f0       ??$resetOrClear@V?$Array@VPxExtendedBox@physx@@VNamedAllocator@shdfnd@2@@shdfnd@physx@@@@YAXAAV?$Array@VPxExtendedBox@physx@@VNamedAllocator@shdfnd@2@@shdfnd@physx@@@Z 1001d9f0 f i CctCharacterControllerManager.obj
 0001:0001ca50       ??$swap@PAVController@Cct@physx@@@shdfnd@physx@@YAXAAPAVController@Cct@1@0@Z 1001da50 f i CctCharacterControllerManager.obj
 0001:0001ca80       ??0?$Array@DVNamedAllocator@shdfnd@physx@@@shdfnd@physx@@QAE@ABVNamedAllocator@12@@Z 1001da80 f i CctCharacterControllerManager.obj
 0001:0001cad0       ??0?$Array@PAVController@Cct@physx@@VNamedAllocator@shdfnd@3@@shdfnd@physx@@QAE@ABVNamedAllocator@12@@Z 1001dad0 f i CctCharacterControllerManager.obj
 0001:0001cb20       ??0?$Array@PAVObstacleContext@Cct@physx@@VNamedAllocator@shdfnd@3@@shdfnd@physx@@QAE@ABVNamedAllocator@12@@Z 1001db20 f i CctCharacterControllerManager.obj
 0001:0001cb70       ??0?$Array@PBXVNamedAllocator@shdfnd@physx@@@shdfnd@physx@@QAE@ABVNamedAllocator@12@@Z 1001db70 f i CctCharacterControllerManager.obj
 0001:0001cbc0       ??0?$Array@UPxDebugLine@physx@@VNamedAllocator@shdfnd@2@@shdfnd@physx@@QAE@ABVNamedAllocator@12@@Z 1001dbc0 f i CctCharacterControllerManager.obj
 0001:0001cc10       ??0?$Array@UPxDebugPoint@physx@@VNamedAllocator@shdfnd@2@@shdfnd@physx@@QAE@ABVNamedAllocator@12@@Z 1001dc10 f i CctCharacterControllerManager.obj
 0001:0001cc60       ??0?$Array@UPxDebugText@physx@@VNamedAllocator@shdfnd@2@@shdfnd@physx@@QAE@ABVNamedAllocator@12@@Z 1001dc60 f i CctCharacterControllerManager.obj
 0001:0001ccb0       ??0?$Array@UPxDebugTriangle@physx@@VNamedAllocator@shdfnd@2@@shdfnd@physx@@QAE@ABVNamedAllocator@12@@Z 1001dcb0 f i CctCharacterControllerManager.obj
 0001:0001cd00       ??0?$Array@UPxExtendedCapsule@physx@@VNamedAllocator@shdfnd@2@@shdfnd@physx@@QAE@ABVNamedAllocator@12@@Z 1001dd00 f i CctCharacterControllerManager.obj
 0001:0001cd50       ??0?$Array@VPxExtendedBox@physx@@VNamedAllocator@shdfnd@2@@shdfnd@physx@@QAE@ABVNamedAllocator@12@@Z 1001dd50 f i CctCharacterControllerManager.obj
 0001:0001cda0       ??0?$HashBase@PAVPxShape@physx@@PAV12@U?$Hash@PAVPxShape@physx@@@shdfnd@2@UGetKey@?$HashSetBase@PAVPxShape@physx@@U?$Hash@PAVPxShape@physx@@@shdfnd@2@VAllocator@42@$0A@@internal@42@VAllocator@42@$0A@@internal@shdfnd@physx@@QAE@IM@Z 1001dda0 f i CctCharacterControllerManager.obj
 0001:0001cdf0       ??0?$HashSet@PAVPxShape@physx@@U?$Hash@PAVPxShape@physx@@@shdfnd@2@VAllocator@42@@shdfnd@physx@@QAE@IM@Z 1001ddf0 f i CctCharacterControllerManager.obj
 0001:0001ce20       ??0?$HashSetBase@PAVPxShape@physx@@U?$Hash@PAVPxShape@physx@@@shdfnd@2@VAllocator@42@$0A@@internal@shdfnd@physx@@QAE@IM@Z 1001de20 f i CctCharacterControllerManager.obj
 0001:0001ce50       ??0?$PxFlags@W4Enum@PxControllerDebugRenderFlag@physx@@I@physx@@QAE@I@Z 1001de50 f i CctCharacterControllerManager.obj
 0001:0001ce70       ??0?$ReflectionAllocator@VBoxController@Cct@physx@@@shdfnd@physx@@QAE@PBD@Z 1001de70 f i CctCharacterControllerManager.obj
 0001:0001ce90       ??0?$ReflectionAllocator@VCapsuleController@Cct@physx@@@shdfnd@physx@@QAE@PBD@Z 1001de90 f i CctCharacterControllerManager.obj
 0001:0001ceb0       ??0?$ReflectionAllocator@VCharacterControllerManager@Cct@physx@@@shdfnd@physx@@QAE@PBD@Z 1001deb0 f i CctCharacterControllerManager.obj
 0001:0001ced0       ??0?$ReflectionAllocator@VObstacleContext@Cct@physx@@@shdfnd@physx@@QAE@PBD@Z 1001ded0 f i CctCharacterControllerManager.obj
 0001:0001cef0       ??0?$ReflectionAllocator@VRenderBuffer@Cm@physx@@@shdfnd@physx@@QAE@PBD@Z 1001def0 f i CctCharacterControllerManager.obj
 0001:0001cf10       ??0Axes@Gu@physx@@QAE@W4AxisOrder@12@@Z 1001df10 f i CctCharacterControllerManager.obj
 0001:0001cf60       ??0PxDebugLine@physx@@QAE@ABU01@@Z 1001df60 f i CctCharacterControllerManager.obj
 0001:0001cfc0       ??0PxDebugPoint@physx@@QAE@ABU01@@Z 1001dfc0 f i CctCharacterControllerManager.obj
 0001:0001d000       ??0PxDebugText@physx@@QAE@ABU01@@Z 1001e000 f i CctCharacterControllerManager.obj
 0001:0001d050       ??0PxDebugTriangle@physx@@QAE@ABU01@@Z 1001e050 f i CctCharacterControllerManager.obj
 0001:0001d0d0       ??0PxRenderBuffer@physx@@QAE@XZ 1001e0d0 f i CctCharacterControllerManager.obj
 0001:0001d0f0       ??0RenderBuffer@Cm@physx@@QAE@XZ 1001e0f0 f i CctCharacterControllerManager.obj
 0001:0001d210       ??1?$Array@DVNamedAllocator@shdfnd@physx@@@shdfnd@physx@@QAE@XZ 1001e210 f i CctCharacterControllerManager.obj
 0001:0001d280       ??1?$Array@PAVController@Cct@physx@@VNamedAllocator@shdfnd@3@@shdfnd@physx@@QAE@XZ 1001e280 f i CctCharacterControllerManager.obj
 0001:0001d2f0       ??1?$Array@PAVObstacleContext@Cct@physx@@VNamedAllocator@shdfnd@3@@shdfnd@physx@@QAE@XZ 1001e2f0 f i CctCharacterControllerManager.obj
 0001:0001d360       ??1?$Array@PBXVNamedAllocator@shdfnd@physx@@@shdfnd@physx@@QAE@XZ 1001e360 f i CctCharacterControllerManager.obj
 0001:0001d3d0       ??1?$Array@UPxDebugLine@physx@@VNamedAllocator@shdfnd@2@@shdfnd@physx@@QAE@XZ 1001e3d0 f i CctCharacterControllerManager.obj
 0001:0001d440       ??1?$Array@UPxDebugPoint@physx@@VNamedAllocator@shdfnd@2@@shdfnd@physx@@QAE@XZ 1001e440 f i CctCharacterControllerManager.obj
 0001:0001d4b0       ??1?$Array@UPxDebugText@physx@@VNamedAllocator@shdfnd@2@@shdfnd@physx@@QAE@XZ 1001e4b0 f i CctCharacterControllerManager.obj
 0001:0001d520       ??1?$Array@UPxDebugTriangle@physx@@VNamedAllocator@shdfnd@2@@shdfnd@physx@@QAE@XZ 1001e520 f i CctCharacterControllerManager.obj
 0001:0001d590       ??1?$Array@UPxExtendedCapsule@physx@@VNamedAllocator@shdfnd@2@@shdfnd@physx@@QAE@XZ 1001e590 f i CctCharacterControllerManager.obj
 0001:0001d600       ??1?$Array@VPxExtendedBox@physx@@VNamedAllocator@shdfnd@2@@shdfnd@physx@@QAE@XZ 1001e600 f i CctCharacterControllerManager.obj
 0001:0001d670       ??1?$HashBase@PAVPxShape@physx@@PAV12@U?$Hash@PAVPxShape@physx@@@shdfnd@2@UGetKey@?$HashSetBase@PAVPxShape@physx@@U?$Hash@PAVPxShape@physx@@@shdfnd@2@VAllocator@42@$0A@@internal@42@VAllocator@42@$0A@@internal@shdfnd@physx@@QAE@XZ 1001e670 f i CctCharacterControllerManager.obj
 0001:0001d6b0       ??1?$HashSet@PAVPxShape@physx@@U?$Hash@PAVPxShape@physx@@@shdfnd@2@VAllocator@42@@shdfnd@physx@@QAE@XZ 1001e6b0 f i CctCharacterControllerManager.obj
 0001:0001d6d0       ??1?$HashSetBase@PAVPxShape@physx@@U?$Hash@PAVPxShape@physx@@@shdfnd@2@VAllocator@42@$0A@@internal@shdfnd@physx@@QAE@XZ 1001e6d0 f i CctCharacterControllerManager.obj
 0001:0001d6f0       ??1Axes@Gu@physx@@QAE@XZ   1001e6f0 f i CctCharacterControllerManager.obj
 0001:0001d700       ??1PxRenderBuffer@physx@@UAE@XZ 1001e700 f i CctCharacterControllerManager.obj
 0001:0001d720       ??1RenderBuffer@Cm@physx@@UAE@XZ 1001e720 f i CctCharacterControllerManager.obj
 0001:0001d780       ??4?$PxFlags@W4Enum@PxControllerDebugRenderFlag@physx@@I@physx@@QAEAAV01@ABV01@@Z 1001e780 f i CctCharacterControllerManager.obj
 0001:0001d7a0       ??4PxBounds3@physx@@QAEAAV01@$$QAV01@@Z 1001e7a0 f i CctCharacterControllerManager.obj
 0001:0001d7e0       ??A?$Array@PAVController@Cct@physx@@VNamedAllocator@shdfnd@3@@shdfnd@physx@@QAEAAPAVController@Cct@2@I@Z 1001e7e0 f i CctCharacterControllerManager.obj
 0001:0001d850       ??A?$Array@PAVController@Cct@physx@@VNamedAllocator@shdfnd@3@@shdfnd@physx@@QBEABQAVController@Cct@2@I@Z 1001e850 f i CctCharacterControllerManager.obj
 0001:0001d8c0       ??A?$Array@PAVObstacleContext@Cct@physx@@VNamedAllocator@shdfnd@3@@shdfnd@physx@@QAEAAPAVObstacleContext@Cct@2@I@Z 1001e8c0 f i CctCharacterControllerManager.obj
 0001:0001d930       ??A?$Array@UPxDebugLine@physx@@VNamedAllocator@shdfnd@2@@shdfnd@physx@@QAEAAUPxDebugLine@2@I@Z 1001e930 f i CctCharacterControllerManager.obj
 0001:0001d9a0       ??A?$Array@UPxDebugPoint@physx@@VNamedAllocator@shdfnd@2@@shdfnd@physx@@QAEAAUPxDebugPoint@2@I@Z 1001e9a0 f i CctCharacterControllerManager.obj
 0001:0001da10       ??A?$Array@UPxDebugText@physx@@VNamedAllocator@shdfnd@2@@shdfnd@physx@@QAEAAUPxDebugText@2@I@Z 1001ea10 f i CctCharacterControllerManager.obj
 0001:0001da80       ??A?$Array@UPxDebugTriangle@physx@@VNamedAllocator@shdfnd@2@@shdfnd@physx@@QAEAAUPxDebugTriangle@2@I@Z 1001ea80 f i CctCharacterControllerManager.obj
 0001:0001daf0       ??APxMat33@physx@@QBEABVPxVec3@1@H@Z 1001eaf0 f i CctCharacterControllerManager.obj
 0001:0001db10       ??APxMat33@physx@@QBEABVPxVec3@1@I@Z 1001eb10 f i CctCharacterControllerManager.obj
 0001:0001db30       ??APxVec3@physx@@QBEABMI@Z 1001eb30 f i CctCharacterControllerManager.obj
 0001:0001dba0       ??B?$PxFlags@W4Enum@PxControllerDebugRenderFlag@physx@@I@physx@@QBE_NXZ 1001eba0 f i CctCharacterControllerManager.obj
 0001:0001dbd0       ??_GCharacterControllerManager@Cct@physx@@UAEPAXI@Z 1001ebd0 f i CctCharacterControllerManager.obj
 0001:0001dbd0       ??_ECharacterControllerManager@Cct@physx@@UAEPAXI@Z 1001ebd0 f i CctCharacterControllerManager.obj
 0001:0001dc30       ??_GPxRenderBuffer@physx@@UAEPAXI@Z 1001ec30 f i CctCharacterControllerManager.obj
 0001:0001dc30       ??_EPxRenderBuffer@physx@@UAEPAXI@Z 1001ec30 f i CctCharacterControllerManager.obj
 0001:0001dc70       ??_GRenderBuffer@Cm@physx@@UAEPAXI@Z 1001ec70 f i CctCharacterControllerManager.obj
 0001:0001dc70       ??_ERenderBuffer@Cm@physx@@UAEPAXI@Z 1001ec70 f i CctCharacterControllerManager.obj
 0001:0001dcd0       ?PxMemCopy@physx@@YAPAXPIAXPIBXI@Z 1001ecd0 f i CctCharacterControllerManager.obj
 0001:0001dcf0       ?PxMemSet@physx@@YAPAXPIAXHI@Z 1001ecf0 f i CctCharacterControllerManager.obj
 0001:0001dd10       ?allocate@?$Array@PAVController@Cct@physx@@VNamedAllocator@shdfnd@3@@shdfnd@physx@@IAEPAPAVController@Cct@3@I@Z 1001ed10 f i CctCharacterControllerManager.obj
 0001:0001dd90       ?allocate@?$Array@PAVObstacleContext@Cct@physx@@VNamedAllocator@shdfnd@3@@shdfnd@physx@@IAEPAPAVObstacleContext@Cct@3@I@Z 1001ed90 f i CctCharacterControllerManager.obj
 0001:0001de10       ?allocate@?$Array@UPxDebugLine@physx@@VNamedAllocator@shdfnd@2@@shdfnd@physx@@IAEPAUPxDebugLine@3@I@Z 1001ee10 f i CctCharacterControllerManager.obj
 0001:0001de90       ?allocate@?$Array@UPxDebugPoint@physx@@VNamedAllocator@shdfnd@2@@shdfnd@physx@@IAEPAUPxDebugPoint@3@I@Z 1001ee90 f i CctCharacterControllerManager.obj
 0001:0001df10       ?allocate@?$Array@UPxDebugText@physx@@VNamedAllocator@shdfnd@2@@shdfnd@physx@@IAEPAUPxDebugText@3@I@Z 1001ef10 f i CctCharacterControllerManager.obj
 0001:0001df90       ?allocate@?$Array@UPxDebugTriangle@physx@@VNamedAllocator@shdfnd@2@@shdfnd@physx@@IAEPAUPxDebugTriangle@3@I@Z 1001ef90 f i CctCharacterControllerManager.obj
 0001:0001e010       ?allocate@?$ReflectionAllocator@VBoxController@Cct@physx@@@shdfnd@physx@@QAEPAXIPBDH@Z 1001f010 f i CctCharacterControllerManager.obj
 0001:0001e070       ?allocate@?$ReflectionAllocator@VCapsuleController@Cct@physx@@@shdfnd@physx@@QAEPAXIPBDH@Z 1001f070 f i CctCharacterControllerManager.obj
 0001:0001e0d0       ?allocate@?$ReflectionAllocator@VCharacterControllerManager@Cct@physx@@@shdfnd@physx@@QAEPAXIPBDH@Z 1001f0d0 f i CctCharacterControllerManager.obj
 0001:0001e130       ?allocate@?$ReflectionAllocator@VObstacleContext@Cct@physx@@@shdfnd@physx@@QAEPAXIPBDH@Z 1001f130 f i CctCharacterControllerManager.obj
 0001:0001e190       ?allocate@?$ReflectionAllocator@VRenderBuffer@Cm@physx@@@shdfnd@physx@@QAEPAXIPBDH@Z 1001f190 f i CctCharacterControllerManager.obj
 0001:0001e1f0       ?append@RenderBuffer@Cm@physx@@UAEXABVPxRenderBuffer@3@@Z 1001f1f0 f i CctCharacterControllerManager.obj
 0001:0001e2e0       ?begin@?$Array@PAVController@Cct@physx@@VNamedAllocator@shdfnd@3@@shdfnd@physx@@QAEPAPAVController@Cct@3@XZ 1001f2e0 f i CctCharacterControllerManager.obj
 0001:0001e300       ?begin@?$Array@UPxDebugLine@physx@@VNamedAllocator@shdfnd@2@@shdfnd@physx@@QBEPBUPxDebugLine@3@XZ 1001f300 f i CctCharacterControllerManager.obj
 0001:0001e320       ?begin@?$Array@UPxDebugPoint@physx@@VNamedAllocator@shdfnd@2@@shdfnd@physx@@QBEPBUPxDebugPoint@3@XZ 1001f320 f i CctCharacterControllerManager.obj
 0001:0001e340       ?begin@?$Array@UPxDebugText@physx@@VNamedAllocator@shdfnd@2@@shdfnd@physx@@QBEPBUPxDebugText@3@XZ 1001f340 f i CctCharacterControllerManager.obj
 0001:0001e360       ?begin@?$Array@UPxDebugTriangle@physx@@VNamedAllocator@shdfnd@2@@shdfnd@physx@@QBEPBUPxDebugTriangle@3@XZ 1001f360 f i CctCharacterControllerManager.obj
 0001:0001e380       ?capacity@?$Array@DVNamedAllocator@shdfnd@physx@@@shdfnd@physx@@QBEIXZ 1001f380 f i CctCharacterControllerManager.obj
 0001:0001e3a0       ?capacity@?$Array@PAVController@Cct@physx@@VNamedAllocator@shdfnd@3@@shdfnd@physx@@QBEIXZ 1001f3a0 f i CctCharacterControllerManager.obj
 0001:0001e3c0       ?capacity@?$Array@PAVObstacleContext@Cct@physx@@VNamedAllocator@shdfnd@3@@shdfnd@physx@@QBEIXZ 1001f3c0 f i CctCharacterControllerManager.obj
[...]
 0003:0000054a       ?_ignore@?2??grow@?$Array@UPxDebugPoint@physx@@VNamedAllocator@shdfnd@2@@shdfnd@physx@@IAEXI@Z@4_NA 1003954a     CctCharacterControllerManager.obj
 0003:0000054b       ?_ignore@?2??growAndPushBack@?$Array@UPxDebugPoint@physx@@VNamedAllocator@shdfnd@2@@shdfnd@physx@@IAEAAUPxDebugPoint@4@ABU54@@Z@4_NA 1003954b     CctCharacterControllerManager.obj
 0003:0000054c       ?_ignore@?2??recreate@?$Array@UPxDebugPoint@physx@@VNamedAllocator@shdfnd@2@@shdfnd@physx@@IAEXI@Z@4_NA 1003954c     CctCharacterControllerManager.obj
 0003:0000054d       ?_ignore@?2??recreate@?$Array@UPxDebugLine@physx@@VNamedAllocator@shdfnd@2@@shdfnd@physx@@IAEXI@Z@4_NA 1003954d     CctCharacterControllerManager.obj
 0003:0000054e       ?_ignore@?2??growAndPushBack@?$Array@UPxDebugTriangle@physx@@VNamedAllocator@shdfnd@2@@shdfnd@physx@@IAEAAUPxDebugTriangle@4@ABU54@@Z@4_NA 1003954e     CctCharacterControllerManager.obj
 0003:0000054f       ?_ignore@?2??recreate@?$Array@UPxDebugTriangle@physx@@VNamedAllocator@shdfnd@2@@shdfnd@physx@@IAEXI@Z@4_NA 1003954f     CctCharacterControllerManager.obj
 0003:00000550       ?_ignore@?2??growAndPushBack@?$Array@UPxDebugText@physx@@VNamedAllocator@shdfnd@2@@shdfnd@physx@@IAEAAUPxDebugText@4@ABU54@@Z@4_NA 10039550     CctCharacterControllerManager.obj
 0003:00000551       ?_ignore@?2??recreate@?$Array@UPxDebugText@physx@@VNamedAllocator@shdfnd@2@@shdfnd@physx@@IAEXI@Z@4_NA 10039551     CctCharacterControllerManager.obj
 0003:00000552       ?_ignore@?2??recreate@?$Array@PBXVNamedAllocator@shdfnd@physx@@@shdfnd@physx@@IAEXI@Z@4_NA 10039552     CctCharacterControllerManager.obj
 0003:00000553       ?_ignore@?2??recreate@?$Array@VPxExtendedBox@physx@@VNamedAllocator@shdfnd@2@@shdfnd@physx@@IAEXI@Z@4_NA 10039553     CctCharacterControllerManager.obj
 0003:00000554       ?_ignore@?2??recreate@?$Array@UPxExtendedCapsule@physx@@VNamedAllocator@shdfnd@2@@shdfnd@physx@@IAEXI@Z@4_NA 10039554     CctCharacterControllerManager.obj
 0003:00000555       ?_ignore@?2??grow@?$Array@UPxExtendedCapsule@physx@@VNamedAllocator@shdfnd@2@@shdfnd@physx@@IAEXI@Z@4_NA 10039555     CctCharacterControllerManager.obj
 0003:00000556       ?_ignore@?2??grow@?$Array@VPxExtendedBox@physx@@VNamedAllocator@shdfnd@2@@shdfnd@physx@@IAEXI@Z@4_NA 10039556     CctCharacterControllerManager.obj
 0003:00000557       ?_ignore@?2??grow@?$Array@PBXVNamedAllocator@shdfnd@physx@@@shdfnd@physx@@IAEXI@Z@4_NA 10039557     CctCharacterControllerManager.obj
 0003:0000055b       ?_ignore@?2??to16@shdfnd@physx@@YAGI@Z@4_NA 1003955b     CctObstacleContext.obj
 0003:00000567       ?_ignore@?2??replaceWithLast@?$Array@UInternalCapsuleObstacle@ObstacleContext@Cct@physx@@VNamedAllocator@shdfnd@4@@shdfnd@physx@@QAEXI@Z@4_NA 10039567     CctObstacleContext.obj
 0003:00000568       ?_ignore@?2???A?$Array@UInternalCapsuleObstacle@ObstacleContext@Cct@physx@@VNamedAllocator@shdfnd@4@@shdfnd@physx@@QAEAAUInternalCapsuleObstacle@ObstacleContext@Cct@3@I@Z@4_NA 10039568     CctObstacleContext.obj
 0003:00000569       ?_ignore@?2??replaceWithLast@?$Array@UInternalBoxObstacle@ObstacleContext@Cct@physx@@VNamedAllocator@shdfnd@4@@shdfnd@physx@@QAEXI@Z@4_NA 10039569     CctObstacleContext.obj
 0003:0000056a       ?_ignore@?2???A?$Array@UInternalBoxObstacle@ObstacleContext@Cct@physx@@VNamedAllocator@shdfnd@4@@shdfnd@physx@@QAEAAUInternalBoxObstacle@ObstacleContext@Cct@3@I@Z@4_NA 1003956a     CctObstacleContext.obj
 0003:0000056b       ?_ignore@?2??growAndPushBack@?$Array@UInternalBoxObstacle@ObstacleContext@Cct@physx@@VNamedAllocator@shdfnd@4@@shdfnd@physx@@IAEAAUInternalBoxObstacle@ObstacleContext@Cct@4@ABU5674@@Z@4_NA 1003956b     CctObstacleContext.obj
 0003:0000056c       ?_ignore@?2??growAndPushBack@?$Array@UInternalCapsuleObstacle@ObstacleContext@Cct@physx@@VNamedAllocator@shdfnd@4@@shdfnd@physx@@IAEAAUInternalCapsuleObstacle@ObstacleContext@Cct@4@ABU5674@@Z@4_NA 1003956c     CctObstacleContext.obj
 0003:00000573       ?_ignore@?2???APxVec3@physx@@QAEAAMH@Z@4_NA 10039573     PhysX3ExtensionsDEBUG:ExtRigidBodyExt.obj
 0003:00000574       ?_ignore@?2???APxVec3@physx@@QAEAAMI@Z@4_NA 10039574     PhysX3ExtensionsDEBUG:ExtRigidBodyExt.obj
 0003:00000575       ?_ignore@?2??getInverse@PxTransform@physx@@QBE?AV23@XZ@4_NA 10039575     PhysX3ExtensionsDEBUG:ExtRigidBodyExt.obj
 0003:00000576       ?_ignore@?2??transformFast@PxBounds3@physx@@SA?AV23@ABVPxTransform@3@ABV23@@Z@4_NA 10039576     PhysX3ExtensionsDEBUG:ExtRigidBodyExt.obj
 0003:0000057c       ?_ignore@?2??setDiagonal@InertiaTensorComputer@Ext@physx@@QAEXMABVPxVec3@4@@Z@4_NA 1003957c     PhysX3ExtensionsDEBUG:ExtRigidBodyExt.obj
 0003:0000057d       ?_ignore@?3??setDiagonal@InertiaTensorComputer@Ext@physx@@QAEXMABVPxVec3@4@@Z@4_NA 1003957d     PhysX3ExtensionsDEBUG:ExtRigidBodyExt.obj
 0003:0000057e       ?_ignore@?2??rotate@InertiaTensorComputer@Ext@physx@@QAEXABVPxMat33@4@@Z@4_NA 1003957e     PhysX3ExtensionsDEBUG:ExtRigidBodyExt.obj
 0003:0000057f       ?_ignore@?3??rotate@InertiaTensorComputer@Ext@physx@@QAEXABVPxMat33@4@@Z@4_NA 1003957f     PhysX3ExtensionsDEBUG:ExtRigidBodyExt.obj
 0003:00000582       ?_ignore@?2??scaleDensity@InertiaTensorComputer@Ext@physx@@QAEXM@Z@4_NA 10039582     PhysX3ExtensionsDEBUG:ExtRigidBodyExt.obj
 0003:00000583       ?_ignore@?3??scaleDensity@InertiaTensorComputer@Ext@physx@@QAEXM@Z@4_NA 10039583     PhysX3ExtensionsDEBUG:ExtRigidBodyExt.obj
 0003:00000584       ?_ignore@?2??add@InertiaTensorComputer@Ext@physx@@QAEXABV234@@Z@4_NA 10039584     PhysX3ExtensionsDEBUG:ExtRigidBodyExt.obj
 0003:00000585       ?_ignore@?3??add@InertiaTensorComputer@Ext@physx@@QAEXABV234@@Z@4_NA 10039585     PhysX3ExtensionsDEBUG:ExtRigidBodyExt.obj
 0003:00000586       ?_ignore@?4??add@InertiaTensorComputer@Ext@physx@@QAEXABV234@@Z@4_NA 10039586     PhysX3ExtensionsDEBUG:ExtRigidBodyExt.obj
 0003:00000596       ?_ignore@?2???A?$Array@PAVPxShape@physx@@V?$InlineAllocator@$0EA@VNamedAllocator@shdfnd@physx@@@shdfnd@2@@shdfnd@physx@@QAEAAPAVPxShape@3@I@Z@4_NA 10039596     PhysX3ExtensionsDEBUG:ExtRigidBodyExt.obj
 0003:00000597       ?_ignore@?2??grow@?$Array@PAVPxShape@physx@@V?$InlineAllocator@$0EA@VNamedAllocator@shdfnd@physx@@@shdfnd@2@@shdfnd@physx@@IAEXI@Z@4_NA 10039597     PhysX3ExtensionsDEBUG:ExtRigidBodyExt.obj
 0003:00000598       ?_ignore@?2??recreate@?$Array@PAVPxShape@physx@@V?$InlineAllocator@$0EA@VNamedAllocator@shdfnd@physx@@@shdfnd@2@@shdfnd@physx@@IAEXI@Z@4_NA 10039598     PhysX3ExtensionsDEBUG:ExtRigidBodyExt.obj
 0003:000005a0       ?__type_info_root_node@@3U__type_info_node@@A 100395a0     MSVCRTD:tncleanup.obj
 0003:000005bc       ___scrt_current_native_startup_state 100395bc     MSVCRTD:utility.obj
 0003:000005c0       ___scrt_native_startup_lock 100395c0     MSVCRTD:utility.obj
 0003:000005e8       ?_OptionsStorage@?1??__local_stdio_printf_options@@9@4_KA 100395e8     MSVCRTD:default_local_stdio_options.obj
 0003:000005f8       ?_OptionsStorage@?1??__local_stdio_scanf_options@@9@4_KA 100395f8     MSVCRTD:default_local_stdio_options.obj
 0003:00000604       ___scrt_debugger_hook_flag 10039604     MSVCRTD:utility_desktop.obj
 0003:00000608       ___isa_available           10039608     MSVCRTD:_cpu_disp_.obj
 0003:0000060c       ___favor                   1003960c     MSVCRTD:_cpu_disp_.obj
 0003:000009dc       ___dyn_tls_init_callback   100399dc     <common>
 0004:00000000       __imp__InitializeSListHead@4 1003a000     kernel32:KERNEL32.dll
 0004:00000004       __imp__GetCurrentProcessId@0 1003a004     kernel32:KERNEL32.dll
 0004:00000008       __imp__GetCurrentThreadId@0 1003a008     kernel32:KERNEL32.dll
 0004:0000000c       __imp__GetSystemTimeAsFileTime@4 1003a00c     kernel32:KERNEL32.dll
 0004:00000010       __imp__DisableThreadLibraryCalls@4 1003a010     kernel32:KERNEL32.dll
 0004:00000014       __imp__IsDebuggerPresent@0 1003a014     kernel32:KERNEL32.dll
 0004:00000018       __imp__UnhandledExceptionFilter@4 1003a018     kernel32:KERNEL32.dll
 0004:0000001c       __imp__SetUnhandledExceptionFilter@4 1003a01c     kernel32:KERNEL32.dll
 0004:00000020       __imp__GetStartupInfoW@4   1003a020     kernel32:KERNEL32.dll
 0004:00000024       __imp__IsProcessorFeaturePresent@4 1003a024     kernel32:KERNEL32.dll
 0004:00000028       __imp__GetModuleHandleW@4  1003a028     kernel32:KERNEL32.dll
 0004:0000002c       __imp__RaiseException@16   1003a02c     kernel32:KERNEL32.dll
 0004:00000030       __imp__MultiByteToWideChar@24 1003a030     kernel32:KERNEL32.dll
 0004:00000034       __imp__WideCharToMultiByte@32 1003a034     kernel32:KERNEL32.dll
 0004:00000038       __imp__GetLastError@0      1003a038     kernel32:KERNEL32.dll
 0004:0000003c       __imp__HeapAlloc@12        1003a03c     kernel32:KERNEL32.dll
 0004:00000040       __imp__HeapFree@12         1003a040     kernel32:KERNEL32.dll
 0004:00000044       __imp__GetProcessHeap@0    1003a044     kernel32:KERNEL32.dll
 0004:00000048       __imp__VirtualQuery@12     1003a048     kernel32:KERNEL32.dll
 0004:0000004c       __imp__FreeLibrary@4       1003a04c     kernel32:KERNEL32.dll
 0004:00000050       __imp__GetProcAddress@8    1003a050     kernel32:KERNEL32.dll
 0004:00000054       __imp__GetCurrentProcess@0 1003a054     kernel32:KERNEL32.dll
 0004:00000058       __imp__TerminateProcess@8  1003a058     kernel32:KERNEL32.dll
 0004:0000005c       __imp__QueryPerformanceCounter@4 1003a05c     kernel32:KERNEL32.dll
 0004:00000060       \177KERNEL32_NULL_THUNK_DATA 1003a060     kernel32:KERNEL32.dll
 0004:0000009c       __imp_?getTriangle@PxMeshQuery@physx@@SAXABVPxHeightFieldGeometry@2@ABVPxTransform@2@IAAVPxTriangle@2@PAI3@Z 1003a09c     PhysX3CommonDEBUG_x86:PhysX3CommonDEBUG_x86.dll
 0004:000000a0       __imp_??6RenderOutput@Cm@physx@@QAEAAV012@W4Primitive@012@@Z 1003a0a0     PhysX3CommonDEBUG_x86:PhysX3CommonDEBUG_x86.dll
 0004:000000a4       __imp_??6RenderOutput@Cm@physx@@QAEAAV012@VPxVec3@2@@Z 1003a0a4     PhysX3CommonDEBUG_x86:PhysX3CommonDEBUG_x86.dll
 0004:000000a8       __imp_?intersectTriangleBox@Gu@physx@@YAHABVPxVec3@2@0000@Z 1003a0a8     PhysX3CommonDEBUG_x86:PhysX3CommonDEBUG_x86.dll
 0004:000000ac       __imp_?getAllocator@shdfnd@physx@@YAAAVPxAllocatorCallback@2@XZ 1003a0ac     PhysX3CommonDEBUG_x86:PhysX3CommonDEBUG_x86.dll
 0004:000000b0       __imp_?allocate@Allocator@shdfnd@physx@@QAEPAXIPBDH@Z 1003a0b0     PhysX3CommonDEBUG_x86:PhysX3CommonDEBUG_x86.dll
 0004:000000b4       __imp_?getInstance@Foundation@shdfnd@physx@@SAAAV123@XZ 1003a0b4     PhysX3CommonDEBUG_x86:PhysX3CommonDEBUG_x86.dll
 0004:000000b8       __imp_?incRefCount@Foundation@shdfnd@physx@@SAXXZ 1003a0b8     PhysX3CommonDEBUG_x86:PhysX3CommonDEBUG_x86.dll
 0004:000000bc       __imp_?decRefCount@Foundation@shdfnd@physx@@SAXXZ 1003a0bc     PhysX3CommonDEBUG_x86:PhysX3CommonDEBUG_x86.dll
 0004:000000c0       __imp_?getTriangle@PxMeshQuery@physx@@SAXABVPxTriangleMeshGeometry@2@ABVPxTransform@2@IAAVPxTriangle@2@PAI3@Z 1003a0c0     PhysX3CommonDEBUG_x86:PhysX3CommonDEBUG_x86.dll
 0004:000000c4       __imp_?CompleteBoxPruning@Gu@physx@@YA_NPBVPxBounds3@2@IAAV?$Array@IVNamedAllocator@shdfnd@physx@@@shdfnd@2@ABVAxes@12@@Z 1003a0c4     PhysX3CommonDEBUG_x86:PhysX3CommonDEBUG_x86.dll
 0004:000000c8       __imp_?distanceSegmentSegmentSquaredOLD@Gu@physx@@YAMABVPxVec3@2@000PAM1@Z 1003a0c8     PhysX3CommonDEBUG_x86:PhysX3CommonDEBUG_x86.dll
 0004:000000cc       __imp_??0MutexImpl@shdfnd@physx@@QAE@XZ 1003a0cc     PhysX3CommonDEBUG_x86:PhysX3CommonDEBUG_x86.dll
 0004:000000d0       __imp_??1MutexImpl@shdfnd@physx@@QAE@XZ 1003a0d0     PhysX3CommonDEBUG_x86:PhysX3CommonDEBUG_x86.dll
 0004:000000d4       __imp_?getSize@MutexImpl@shdfnd@physx@@SAABIXZ 1003a0d4     PhysX3CommonDEBUG_x86:PhysX3CommonDEBUG_x86.dll
 0004:000000d8       __imp_?GetRaycastFuncTable@Gu@physx@@YAAAY06P6AIABVPxGeometry@2@ABVPxTransform@2@ABVPxVec3@2@2MV?$PxFlags@W4Enum@PxHitFlag@physx@@G@2@IPIAUPxRaycastHit@2@_NP6A_NAAU72@PAX@Z7@ZXZ 1003a0d8     PhysX3CommonDEBUG_x86:PhysX3CommonDEBUG_x86.dll
 0004:000000dc       __imp_?findOverlapHeightField@PxMeshQuery@physx@@SAIABVPxGeometry@2@ABVPxTransform@2@ABVPxHeightFieldGeometry@2@1PAIIIAA_N@Z 1003a0dc     PhysX3CommonDEBUG_x86:PhysX3CommonDEBUG_x86.dll
 0004:000000e0       __imp_?findOverlapTriangleMesh@PxMeshQuery@physx@@SAIABVPxGeometry@2@ABVPxTransform@2@ABVPxTriangleMeshGeometry@2@1PAIIIAA_N@Z 1003a0e0     PhysX3CommonDEBUG_x86:PhysX3CommonDEBUG_x86.dll
 0004:000000e4       __imp_?sweep@PxMeshQuery@physx@@SA_NABVPxVec3@2@MABVPxGeometry@2@ABVPxTransform@2@IPBVPxTriangle@2@AAUPxSweepHit@2@V?$PxFlags@W4Enum@PxHitFlag@physx@@G@2@PBIM_N@Z 1003a0e4     PhysX3CommonDEBUG_x86:PhysX3CommonDEBUG_x86.dll
 0004:000000e8       __imp_?distanceSegmentBoxSquared@Gu@physx@@YAMABVPxVec3@2@000ABVPxMat33@2@PAMPAV32@@Z 1003a0e8     PhysX3CommonDEBUG_x86:PhysX3CommonDEBUG_x86.dll
 0004:000000ec       __imp_?intersectOBBOBB@Gu@physx@@YA_NABVPxVec3@2@0ABVPxMat33@2@001_N@Z 1003a0ec     PhysX3CommonDEBUG_x86:PhysX3CommonDEBUG_x86.dll
 0004:000000f0       __imp_??1Box@Gu@physx@@QAE@XZ 1003a0f0     PhysX3CommonDEBUG_x86:PhysX3CommonDEBUG_x86.dll
 0004:000000f4       __imp_??0Box@Gu@physx@@QAE@ABVPxVec3@2@0ABVPxMat33@2@@Z 1003a0f4     PhysX3CommonDEBUG_x86:PhysX3CommonDEBUG_x86.dll
 0004:000000f8       __imp_??6Cm@physx@@YAAAVRenderOutput@01@AAV201@ABUDebugBox@01@@Z 1003a0f8     PhysX3CommonDEBUG_x86:PhysX3CommonDEBUG_x86.dll
 0004:000000fc       __imp_?outputCapsule@RenderOutput@Cm@physx@@QAEAAV123@MMABVMatrix34@23@@Z 1003a0fc     PhysX3CommonDEBUG_x86:PhysX3CommonDEBUG_x86.dll
 0004:00000100       __imp_??6RenderOutput@Cm@physx@@QAEAAV012@ABVPxTransform@2@@Z 1003a100     PhysX3CommonDEBUG_x86:PhysX3CommonDEBUG_x86.dll
 0004:00000104       __imp_?PxDiagonalize@physx@@YA?AVPxVec3@1@ABVPxMat33@1@AAVPxQuat@1@@Z 1003a104     PhysX3CommonDEBUG_x86:PhysX3CommonDEBUG_x86.dll
 0004:00000108       __imp_??6RenderOutput@Cm@physx@@QAEAAV012@I@Z 1003a108     PhysX3CommonDEBUG_x86:PhysX3CommonDEBUG_x86.dll
 0004:0000010c       __imp_??0RenderOutput@Cm@physx@@QAE@AAVRenderBuffer@12@@Z 1003a10c     PhysX3CommonDEBUG_x86:PhysX3CommonDEBUG_x86.dll
 0004:00000110       __imp_?deallocate@NamedAllocator@shdfnd@physx@@QAEXPAX@Z 1003a110     PhysX3CommonDEBUG_x86:PhysX3CommonDEBUG_x86.dll
 0004:00000114       __imp_?allocate@NamedAllocator@shdfnd@physx@@QAEPAXIPBDH@Z 1003a114     PhysX3CommonDEBUG_x86:PhysX3CommonDEBUG_x86.dll
 0004:00000118       __imp_??1NamedAllocator@shdfnd@physx@@QAE@XZ 1003a118     PhysX3CommonDEBUG_x86:PhysX3CommonDEBUG_x86.dll
 0004:0000011c       __imp_??0NamedAllocator@shdfnd@physx@@QAE@ABV012@@Z 1003a11c     PhysX3CommonDEBUG_x86:PhysX3CommonDEBUG_x86.dll
 0004:00000120       __imp_??0NamedAllocator@shdfnd@physx@@QAE@PBD@Z 1003a120     PhysX3CommonDEBUG_x86:PhysX3CommonDEBUG_x86.dll
 0004:00000124       __imp_?computePenetration@PxGeometryQuery@physx@@SA_NAAVPxVec3@2@AAMABVPxGeometry@2@ABVPxTransform@2@23@Z 1003a124     PhysX3CommonDEBUG_x86:PhysX3CommonDEBUG_x86.dll
 0004:00000128       __imp_?sweep@PxGeometryQuery@physx@@SA_NABVPxVec3@2@MABVPxGeometry@2@ABVPxTransform@2@12AAUPxSweepHit@2@V?$PxFlags@W4Enum@PxHitFlag@physx@@G@2@M@Z 1003a128     PhysX3CommonDEBUG_x86:PhysX3CommonDEBUG_x86.dll
 0004:0000012c       __imp_?PxTransformFromSegment@physx@@YA?AVPxTransform@1@ABVPxVec3@1@0PAM@Z 1003a12c     PhysX3CommonDEBUG_x86:PhysX3CommonDEBUG_x86.dll
 0004:00000130       __imp_?unlock@MutexImpl@shdfnd@physx@@QAEXXZ 1003a130     PhysX3CommonDEBUG_x86:PhysX3CommonDEBUG_x86.dll
 0004:00000134       __imp_?lock@MutexImpl@shdfnd@physx@@QAEXXZ 1003a134     PhysX3CommonDEBUG_x86:PhysX3CommonDEBUG_x86.dll
 0004:00000138       __imp_?deallocate@Allocator@shdfnd@physx@@QAEXPAX@Z 1003a138     PhysX3CommonDEBUG_x86:PhysX3CommonDEBUG_x86.dll
 0004:0000013c       __imp_??0Allocator@shdfnd@physx@@QAE@PBD@Z 1003a13c     PhysX3CommonDEBUG_x86:PhysX3CommonDEBUG_x86.dll
 0004:00000140       __imp__PxGetFoundation     1003a140     PhysX3CommonDEBUG_x86:PhysX3CommonDEBUG_x86.dll
 0004:00000144       __imp_?error@Foundation@shdfnd@physx@@QAAXW4Enum@PxErrorCode@3@PBDH1ZZ 1003a144     PhysX3CommonDEBUG_x86:PhysX3CommonDEBUG_x86.dll
 0004:00000148       __imp_?PxGetAssertHandler@physx@@YAAAVPxAssertHandler@1@XZ 1003a148     PhysX3CommonDEBUG_x86:PhysX3CommonDEBUG_x86.dll
 0004:0000014c       \177PhysX3CommonDEBUG_x86_NULL_THUNK_DATA 1003a14c     PhysX3CommonDEBUG_x86:PhysX3CommonDEBUG_x86.dll
 0004:00000198       __imp____vcrt_LoadLibraryExW 1003a198     vcruntimed:VCRUNTIME140D.dll
 0004:0000019c       __imp__memcpy              1003a19c     vcruntimed:VCRUNTIME140D.dll
 0004:000001a0       __imp__memset              1003a1a0     vcruntimed:VCRUNTIME140D.dll
 0004:000001a4       __imp____std_type_info_name 1003a1a4     vcruntimed:VCRUNTIME140D.dll
 0004:000001a8       __imp____std_type_info_destroy_list 1003a1a8     vcruntimed:VCRUNTIME140D.dll
 0004:000001ac       __imp____telemetry_main_invoke_trigger 1003a1ac     vcruntimed:VCRUNTIME140D.dll
 0004:000001b0       __imp____telemetry_main_return_trigger 1003a1b0     vcruntimed:VCRUNTIME140D.dll
 0004:000001b4       __imp___except_handler4_common 1003a1b4     vcruntimed:VCRUNTIME140D.dll
 0004:000001b8       __imp____vcrt_GetModuleFileNameW 1003a1b8     vcruntimed:VCRUNTIME140D.dll
 0004:000001bc       __imp____vcrt_GetModuleHandleW 1003a1bc     vcruntimed:VCRUNTIME140D.dll
 0004:000001c0       __imp___purecall           1003a1c0     vcruntimed:VCRUNTIME140D.dll
 0004:000001c4       \177VCRUNTIME140D_NULL_THUNK_DATA 1003a1c4     vcruntimed:VCRUNTIME140D.dll
 0004:000001f8       __imp___initialize_narrow_environment 1003a1f8     ucrtd:ucrtbased.dll
 0004:000001fc       __imp___seh_filter_dll     1003a1fc     ucrtd:ucrtbased.dll
 0004:00000200       __imp___free_dbg           1003a200     ucrtd:ucrtbased.dll
 0004:00000204       __imp___initterm_e         1003a204     ucrtd:ucrtbased.dll
 0004:00000208       __imp___initterm           1003a208     ucrtd:ucrtbased.dll
 0004:0000020c       __imp___initialize_onexit_table 1003a20c     ucrtd:ucrtbased.dll
 0004:00000210       __imp___CrtDbgReportW      1003a210     ucrtd:ucrtbased.dll
 0004:00000214       __imp___CrtDbgReport       1003a214     ucrtd:ucrtbased.dll
 0004:00000218       __imp___fpclass            1003a218     ucrtd:ucrtbased.dll
 0004:0000021c       __imp__sqrt                1003a21c     ucrtd:ucrtbased.dll
 0004:00000220       __imp__fabs                1003a220     ucrtd:ucrtbased.dll
 0004:00000224       __imp___register_onexit_function 1003a224     ucrtd:ucrtbased.dll
 0004:00000228       __imp___execute_onexit_table 1003a228     ucrtd:ucrtbased.dll
 0004:0000022c       __imp___crt_atexit         1003a22c     ucrtd:ucrtbased.dll
 0004:00000230       __imp___crt_at_quick_exit  1003a230     ucrtd:ucrtbased.dll
 0004:00000234       __imp__wcscpy_s            1003a234     ucrtd:ucrtbased.dll
 0004:00000238       __imp___wsplitpath_s       1003a238     ucrtd:ucrtbased.dll
 0004:0000023c       __imp___wmakepath_s        1003a23c     ucrtd:ucrtbased.dll
 0004:00000240       __imp____stdio_common_vsprintf_s 1003a240     ucrtd:ucrtbased.dll
 0004:00000244       __imp__terminate           1003a244     ucrtd:ucrtbased.dll
 0004:00000248       __imp___except1            1003a248     ucrtd:ucrtbased.dll
 0004:0000024c       __imp___cexit              1003a24c     ucrtd:ucrtbased.dll
 0004:00000250       \177ucrtbased_NULL_THUNK_DATA 1003a250     ucrtd:ucrtbased.dll
 0004:0000028c       __IMPORT_DESCRIPTOR_PhysX3CommonDEBUG_x86 1003a28c     PhysX3CommonDEBUG_x86:PhysX3CommonDEBUG_x86.dll
 0004:000002a0       __IMPORT_DESCRIPTOR_VCRUNTIME140D 1003a2a0     vcruntimed:VCRUNTIME140D.dll
 0004:000002b4       __IMPORT_DESCRIPTOR_ucrtbased 1003a2b4     ucrtd:ucrtbased.dll
 0004:000002c8       __IMPORT_DESCRIPTOR_KERNEL32 1003a2c8     kernel32:KERNEL32.dll
 0004:000002dc       __NULL_IMPORT_DESCRIPTOR   1003a2dc     PhysX3CommonDEBUG_x86:PhysX3CommonDEBUG_x86.dll
 0006:00000000       ___guard_check_icall_fptr  1003d000     MSVCRTD:guard_support.obj
